
======================================================================
EVALUATION - RUN: 260317-1421_kfold
======================================================================
Run directory: outputs/runs/260317-1421_kfold
======================================================================


======================================================================
SLEEP STAGE CLASSIFICATION - CONFIGURATION
======================================================================

📊 DATA:
  Channels: ['EEG Fpz-Cz', 'EEG Pz-Oz', 'EOG horizontal', 'EMG submental']
  Sample rate: 100 Hz
  Samples per epoch: 3000
  Classes: ['W', 'N1', 'N2', 'N3', 'REM']

🔀 SPLIT:
  Train: 34 patients
  Val: 5 patients
  Test: 5 patients

🏗️  MODEL:
  Type: cnn1d_v3
  Architecture: 1D-CNN

⚙️  TRAINING:
  Database: physionet_sleep
  Batch size: 32
  Learning rate: 0.001
  Epochs: 50
  Optimizer: Adam
  Weight decay: 0.0001
  Dropout: 0.3
  Loss function: CrossEntropyLoss
  Balance strategy: none
  Early stopping: True

🔧 PREPROCESSING:
  Normalization: z-score
  Filtering: True
  Augmentation: True

💻 DEVICE:
  CUDA available: True
  Device: cuda

📁 OUTPUT:
  Directory: outputs

======================================================================

Offline modda hasta listesi alınıyor...
✓ Toplam 44 hasta bulundu

Stage verileri cache'e yükleniyor...

======================================================================
OFFLINE VERİLER CACHE'E YÜKLENİYOR (.npz)
======================================================================
Kaynak: /mnt/ssd2/2.SLEEP STAGING/1.DATA/physionet_sleep/sleep-edf-database-expanded-1.0.0/sleep-telemetry/offline_data/physionet_sleep
Hasta sayısı: 44
Yükleme modu: SADECE STAGES (düşük bellek modu)
----------------------------------------------------------------------
[1/44] ST7011J0: 1092 epoch ✓ (0.0s)
[2/44] ST7012J0: 1040 epoch ✓ (0.0s)
[3/44] ST7021J0: 920 epoch ✓ (0.0s)
[4/44] ST7022J0: 944 epoch ✓ (0.0s)
[5/44] ST7041J0: 1007 epoch ✓ (0.0s)
[6/44] ST7042J0: 1130 epoch ✓ (0.0s)
[7/44] ST7051J0: 1018 epoch ✓ (0.0s)
[8/44] ST7052J0: 1034 epoch ✓ (0.0s)
[9/44] ST7061J0: 1008 epoch ✓ (0.0s)
[10/44] ST7062J0: 952 epoch ✓ (0.0s)
[11/44] ST7071J0: 821 epoch ✓ (0.0s)
[12/44] ST7072J0: 915 epoch ✓ (0.0s)
[13/44] ST7081J0: 967 epoch ✓ (0.0s)
[14/44] ST7082J0: 931 epoch ✓ (0.0s)
[15/44] ST7091J0: 943 epoch ✓ (0.0s)
[16/44] ST7092J0: 923 epoch ✓ (0.0s)
[17/44] ST7101J0: 1042 epoch ✓ (0.0s)
[18/44] ST7102J0: 980 epoch ✓ (0.0s)
[19/44] ST7111J0: 1017 epoch ✓ (0.0s)
[20/44] ST7112J0: 978 epoch ✓ (0.0s)
[21/44] ST7121J0: 1026 epoch ✓ (0.0s)
[22/44] ST7122J0: 945 epoch ✓ (0.0s)
[23/44] ST7131J0: 859 epoch ✓ (0.0s)
[24/44] ST7132J0: 852 epoch ✓ (0.0s)
[25/44] ST7141J0: 858 epoch ✓ (0.0s)
[26/44] ST7142J0: 873 epoch ✓ (0.0s)
[27/44] ST7151J0: 897 epoch ✓ (0.0s)
[28/44] ST7152J0: 1045 epoch ✓ (0.0s)
[29/44] ST7161J0: 1057 epoch ✓ (0.0s)
[30/44] ST7162J0: 988 epoch ✓ (0.0s)
[31/44] ST7171J0: 965 epoch ✓ (0.0s)
[32/44] ST7172J0: 1006 epoch ✓ (0.0s)
[33/44] ST7181J0: 959 epoch ✓ (0.0s)
[34/44] ST7182J0: 967 epoch ✓ (0.0s)
[35/44] ST7191J0: 955 epoch ✓ (0.0s)
[36/44] ST7192J0: 931 epoch ✓ (0.0s)
[37/44] ST7201J0: 922 epoch ✓ (0.0s)
[38/44] ST7202J0: 898 epoch ✓ (0.0s)
[39/44] ST7211J0: 1077 epoch ✓ (0.0s)
[40/44] ST7212J0: 1010 epoch ✓ (0.0s)
[41/44] ST7221J0: 1033 epoch ✓ (0.0s)
[42/44] ST7222J0: 951 epoch ✓ (0.0s)
[43/44] ST7241J0: 1021 epoch ✓ (0.0s)
[44/44] ST7242J0: 939 epoch ✓ (0.0s)

======================================================================
OFFLINE CACHE HAZIR!
  Yüklenen hasta: 44/44 (0.1s)
  Stage cache: 44 hasta (~2.9 MB)
  Sinyal cache: 0 (patient, channel) çifti
  Sinyal bellek: 0.00 GB
======================================================================

✓ 44 hasta cache'de


======================================================================
K-FOLD EVALUATION MODU (5 fold)
======================================================================


======================================================================
TÜM FOLD'LAR İÇİN SİNYAL VERİLERİ TEK SEFERDE YÜKLENİYOR
Toplam benzersiz test hastası: 8
======================================================================


======================================================================
TÜM SİNYAL VERİLERİ YÜKLENIYOR (SHARED CACHE)
======================================================================
Toplam hasta: 8
Kanallar: ['EEG Fpz-Cz', 'EEG Pz-Oz', 'EOG horizontal', 'EMG submental']


======================================================================
EPOCH METADATA OLUŞTURULUYOR
======================================================================
  ST7022J0: 944 epoch eklendi
  ST7062J0: 952 epoch eklendi
  ST7071J0: 821 epoch eklendi
  ST7111J0: 1017 epoch eklendi
  ST7151J0: 897 epoch eklendi
  ST7172J0: 1006 epoch eklendi
  ST7182J0: 967 epoch eklendi
  ST7212J0: 1010 epoch eklendi

======================================================================
TOPLAM: 7614 epoch

Sınıf dağılımı:
  W: 949 epoch (12.5%)
  N1: 700 epoch (9.2%)
  N2: 3132 epoch (41.1%)
  N3: 1359 epoch (17.8%)
  REM: 1474 epoch (19.4%)
======================================================================


⚠️ Balanced sampling kapalı - orijinal dağılım kullanılıyor


======================================================================
RAM CACHE OLUŞTURULUYOR - BELLEK-VERİMLİ MOD
Kaynak: Offline (.npz dosyaları)
Strateji: Hasta bazında yükle → kopyala → serbest bırak
======================================================================
Toplam epoch: 7614
Kanal sayısı: 4
Tahmini boyut: ~0.34 GB
======================================================================

Veri yükleniyor:   0%|          | 0/30456 [00:00<?, ?epoch-kanal/s]Veri yükleniyor:   0%|          | 1/30456 [00:00<1:06:28,  7.64epoch-kanal/s]Veri yükleniyor:  12%|█▏        | 3777/30456 [00:00<00:01, 14667.02epoch-kanal/s]Veri yükleniyor:  25%|██▍       | 7585/30456 [00:00<00:01, 20117.54epoch-kanal/s]Veri yükleniyor:  36%|███▌      | 10869/30456 [00:00<00:00, 20836.03epoch-kanal/s]Veri yükleniyor:  49%|████▉     | 14937/30456 [00:00<00:00, 23984.97epoch-kanal/s]Veri yükleniyor:  61%|██████    | 18525/30456 [00:00<00:00, 24044.83epoch-kanal/s]Veri yükleniyor:  74%|███████▍  | 22549/30456 [00:01<00:00, 25314.79epoch-kanal/s]Veri yükleniyor:  87%|████████▋ | 26417/30456 [00:01<00:00, 24483.03epoch-kanal/s]Veri yükleniyor: 100%|██████████| 30456/30456 [00:01<00:00, 25185.64epoch-kanal/s]

======================================================================
✓ RAM CACHE HAZIR!
======================================================================
Cache'deki veri sayısı: 30,456
Toplam bellek kullanımı: 0.34 GB
======================================================================

✓ Dataset oluşturuldu: 7614 epoch, 8 hasta

======================================================================
✓ SHARED CACHE HAZIR!
  Toplam sinyal: 30,456
  Bellek kullanımı: 0.34 GB
======================================================================


######################################################################
# FOLD 0/4 EVALUATION
######################################################################


======================================================================
SPLIT YÜKLENDI (RUN DIRECTORY'DEN)
======================================================================
Train: 28 hasta (sadece bilgi - yüklenmeyecek)
Val:   8 hasta (sadece bilgi - yüklenmeyecek)
Test:  8 hasta (değerlendirme için yüklenecek)
======================================================================


======================================================================
TEST DATALOADER OLUŞTURULUYOR (SHARED CACHE)
======================================================================
Test hastaları: 8


======================================================================
EPOCH METADATA OLUŞTURULUYOR
======================================================================
  ST7062J0: 952 epoch eklendi
  ST7022J0: 944 epoch eklendi
  ST7071J0: 821 epoch eklendi
  ST7182J0: 967 epoch eklendi
  ST7212J0: 1010 epoch eklendi
  ST7111J0: 1017 epoch eklendi
  ST7172J0: 1006 epoch eklendi
  ST7151J0: 897 epoch eklendi

======================================================================
TOPLAM: 7614 epoch

Sınıf dağılımı:
  W: 949 epoch (12.5%)
  N1: 700 epoch (9.2%)
  N2: 3132 epoch (41.1%)
  N3: 1359 epoch (17.8%)
  REM: 1474 epoch (19.4%)
======================================================================


⚠️ Balanced sampling kapalı - orijinal dağılım kullanılıyor

✓ Dataset oluşturuldu: 7614 epoch, 8 hasta
✓ Test DataLoader hazır (shared cache)!
  Test: 238 batch (7614 epoch)
======================================================================


======================================================================
MODEL YÜKLENİYOR
======================================================================


======================================================================
CNN1D V3 MODEL (Multi-Scale + Residual + SE + GAP)
======================================================================
Architecture:
  Input: [4, 3000]
  Stem: 3x Conv1D(16) k=[15, 51, 125] → concat 48ch
  ResBlock1: 48→96, k=7
  ResBlock2: 96→128, k=5
  SE: 128ch, reduction=16
  GAP → 128
  FC1: 64 units + LayerNorm
  FC2 (output): 5 classes

Parameters:
  Total: 282,301
  Trainable: 282,301
  Reduction vs CNN1D: 6.0x fewer params
======================================================================

✓ Checkpoint yüklendi: outputs/runs/260317-1421_kfold/fold_0/checkpoints/best_model.pth
  Epoch: 12
  Best val loss: 0.4405
  Best val acc: 84.27%

======================================================================
TEST SET DEĞERLENDİRMESİ
======================================================================

  Batch [10/238] işlendi
  Batch [20/238] işlendi
  Batch [30/238] işlendi
  Batch [40/238] işlendi
  Batch [50/238] işlendi
  Batch [60/238] işlendi
  Batch [70/238] işlendi
  Batch [80/238] işlendi
  Batch [90/238] işlendi
  Batch [100/238] işlendi
  Batch [110/238] işlendi
  Batch [120/238] işlendi
  Batch [130/238] işlendi
  Batch [140/238] işlendi
  Batch [150/238] işlendi
  Batch [160/238] işlendi
  Batch [170/238] işlendi
  Batch [180/238] işlendi
  Batch [190/238] işlendi
  Batch [200/238] işlendi
  Batch [210/238] işlendi
  Batch [220/238] işlendi
  Batch [230/238] işlendi

======================================================================
GENEL SONUÇLAR
======================================================================
Toplam test epoch'u: 7614
Doğru tahmin: 6342
Overall Accuracy: 83.29%
======================================================================


======================================================================
DETAYLI METRİKLER
======================================================================

Overall Accuracy: 83.29%
Cohen's Kappa: 0.7750

======================================================================
PER-CLASS METRİKLER
======================================================================
Class      Precision    Recall       F1-Score     Support   
----------------------------------------------------------------------
W          0.9182       0.8872       0.9025       949       
N1         0.5832       0.6857       0.6303       700       
N2         0.8616       0.8250       0.8429       3132      
N3         0.8607       0.8322       0.8462       1359      
REM        0.8360       0.8853       0.8600       1474      
----------------------------------------------------------------------
Macro Avg  0.8120       0.8231       0.8164       7614      
======================================================================


Scikit-learn Classification Report:
======================================================================
              precision    recall  f1-score   support

           W     0.9182    0.8872    0.9025       949
          N1     0.5832    0.6857    0.6303       700
          N2     0.8616    0.8250    0.8429      3132
          N3     0.8607    0.8322    0.8462      1359
         REM     0.8360    0.8853    0.8600      1474

    accuracy                         0.8329      7614
   macro avg     0.8120    0.8231    0.8164      7614
weighted avg     0.8380    0.8329    0.8347      7614


======================================================================
CONFUSION MATRIX OLUŞTURULUYOR
======================================================================

✓ Confusion matrix kaydedildi: outputs/runs/260317-1421_kfold/fold_0/confusion_matrix.png

Raw Confusion Matrix:
======================================================================
                   W        N1        N2        N3       REM
----------------------------------------------------------------------
         W       842        99         2         0         6
        N1        66       480        56         3        95
        N2         5       208      2584       180       155
        N3         0         4       224      1131         0
       REM         4        32       133         0      1305
======================================================================

======================================================================
CONFUSION MATRIX OLUŞTURULUYOR
======================================================================

✓ Confusion matrix kaydedildi: outputs/runs/260317-1421_kfold/fold_0/confusion_matrix_raw.png

Raw Confusion Matrix:
======================================================================
                   W        N1        N2        N3       REM
----------------------------------------------------------------------
         W       842        99         2         0         6
        N1        66       480        56         3        95
        N2         5       208      2584       180       155
        N3         0         4       224      1131         0
       REM         4        32       133         0      1305
======================================================================

======================================================================
PER-CLASS METRİK GRAFİĞİ OLUŞTURULUYOR
======================================================================

✓ Per-class metrics grafiği kaydedildi: outputs/runs/260317-1421_kfold/fold_0/per_class_metrics.png

======================================================================
HİPNOGRAMLAR OLUŞTURULUYOR (TEST HASTALARI)
======================================================================

  ST7062J0: 952 epoch (7.9 saat)
  ✓ ST7062J0 hipnogram kaydedildi: 16x8 inch
  ST7022J0: 944 epoch (7.9 saat)
  ✓ ST7022J0 hipnogram kaydedildi: 16x8 inch
  ST7071J0: 821 epoch (6.8 saat)
  ✓ ST7071J0 hipnogram kaydedildi: 16x8 inch
  ST7182J0: 967 epoch (8.1 saat)
  ✓ ST7182J0 hipnogram kaydedildi: 16.116666666666667x8 inch
  ST7212J0: 1010 epoch (8.4 saat)
  ✓ ST7212J0 hipnogram kaydedildi: 16.833333333333332x8 inch
  ST7111J0: 1017 epoch (8.5 saat)
  ✓ ST7111J0 hipnogram kaydedildi: 16.95x8 inch
  ST7172J0: 1006 epoch (8.4 saat)
  ✓ ST7172J0 hipnogram kaydedildi: 16.766666666666666x8 inch
  ST7151J0: 897 epoch (7.5 saat)
  ✓ ST7151J0 hipnogram kaydedildi: 16x8 inch

✓ Test sonuçları kaydedildi: outputs/runs/260317-1421_kfold/fold_0/test_results.json

✓ Fold 0 Test Accuracy: 83.29%

######################################################################
# FOLD 1/4 EVALUATION
######################################################################


======================================================================
SPLIT YÜKLENDI (RUN DIRECTORY'DEN)
======================================================================
Train: 29 hasta (sadece bilgi - yüklenmeyecek)
Val:   7 hasta (sadece bilgi - yüklenmeyecek)
Test:  8 hasta (değerlendirme için yüklenecek)
======================================================================


======================================================================
TEST DATALOADER OLUŞTURULUYOR (SHARED CACHE)
======================================================================
Test hastaları: 8


======================================================================
EPOCH METADATA OLUŞTURULUYOR
======================================================================
  ST7062J0: 952 epoch eklendi
  ST7022J0: 944 epoch eklendi
  ST7071J0: 821 epoch eklendi
  ST7182J0: 967 epoch eklendi
  ST7212J0: 1010 epoch eklendi
  ST7111J0: 1017 epoch eklendi
  ST7172J0: 1006 epoch eklendi
  ST7151J0: 897 epoch eklendi

======================================================================
TOPLAM: 7614 epoch

Sınıf dağılımı:
  W: 949 epoch (12.5%)
  N1: 700 epoch (9.2%)
  N2: 3132 epoch (41.1%)
  N3: 1359 epoch (17.8%)
  REM: 1474 epoch (19.4%)
======================================================================


⚠️ Balanced sampling kapalı - orijinal dağılım kullanılıyor

✓ Dataset oluşturuldu: 7614 epoch, 8 hasta
✓ Test DataLoader hazır (shared cache)!
  Test: 238 batch (7614 epoch)
======================================================================


======================================================================
MODEL YÜKLENİYOR
======================================================================


======================================================================
CNN1D V3 MODEL (Multi-Scale + Residual + SE + GAP)
======================================================================
Architecture:
  Input: [4, 3000]
  Stem: 3x Conv1D(16) k=[15, 51, 125] → concat 48ch
  ResBlock1: 48→96, k=7
  ResBlock2: 96→128, k=5
  SE: 128ch, reduction=16
  GAP → 128
  FC1: 64 units + LayerNorm
  FC2 (output): 5 classes

Parameters:
  Total: 282,301
  Trainable: 282,301
  Reduction vs CNN1D: 6.0x fewer params
======================================================================

✓ Checkpoint yüklendi: outputs/runs/260317-1421_kfold/fold_1/checkpoints/best_model.pth
  Epoch: 12
  Best val loss: 0.4961
  Best val acc: 81.97%

======================================================================
TEST SET DEĞERLENDİRMESİ
======================================================================

  Batch [10/238] işlendi
  Batch [20/238] işlendi
  Batch [30/238] işlendi
  Batch [40/238] işlendi
  Batch [50/238] işlendi
  Batch [60/238] işlendi
  Batch [70/238] işlendi
  Batch [80/238] işlendi
  Batch [90/238] işlendi
  Batch [100/238] işlendi
  Batch [110/238] işlendi
  Batch [120/238] işlendi
  Batch [130/238] işlendi
  Batch [140/238] işlendi
  Batch [150/238] işlendi
  Batch [160/238] işlendi
  Batch [170/238] işlendi
  Batch [180/238] işlendi
  Batch [190/238] işlendi
  Batch [200/238] işlendi
  Batch [210/238] işlendi
  Batch [220/238] işlendi
  Batch [230/238] işlendi

======================================================================
GENEL SONUÇLAR
======================================================================
Toplam test epoch'u: 7614
Doğru tahmin: 6313
Overall Accuracy: 82.91%
======================================================================


======================================================================
DETAYLI METRİKLER
======================================================================

Overall Accuracy: 82.91%
Cohen's Kappa: 0.7637

======================================================================
PER-CLASS METRİKLER
======================================================================
Class      Precision    Recall       F1-Score     Support   
----------------------------------------------------------------------
W          0.9423       0.8093       0.8707       949       
N1         0.6159       0.5543       0.5835       700       
N2         0.8012       0.9074       0.8510       3132      
N3         0.8743       0.7932       0.8318       1359      
REM        0.8906       0.8392       0.8641       1474      
----------------------------------------------------------------------
Macro Avg  0.8249       0.7807       0.8002       7614      
======================================================================


Scikit-learn Classification Report:
======================================================================
              precision    recall  f1-score   support

           W     0.9423    0.8093    0.8707       949
          N1     0.6159    0.5543    0.5835       700
          N2     0.8012    0.9074    0.8510      3132
          N3     0.8743    0.7932    0.8318      1359
         REM     0.8906    0.8392    0.8641      1474

    accuracy                         0.8291      7614
   macro avg     0.8249    0.7807    0.8002      7614
weighted avg     0.8321    0.8291    0.8280      7614


======================================================================
CONFUSION MATRIX OLUŞTURULUYOR
======================================================================

✓ Confusion matrix kaydedildi: outputs/runs/260317-1421_kfold/fold_1/confusion_matrix.png

Raw Confusion Matrix:
======================================================================
                   W        N1        N2        N3       REM
----------------------------------------------------------------------
         W       768       157        23         0         1
        N1        39       388       219         1        53
        N2         6        33      2842       154        97
        N3         0         0       280      1078         1
       REM         2        52       183         0      1237
======================================================================

======================================================================
CONFUSION MATRIX OLUŞTURULUYOR
======================================================================

✓ Confusion matrix kaydedildi: outputs/runs/260317-1421_kfold/fold_1/confusion_matrix_raw.png

Raw Confusion Matrix:
======================================================================
                   W        N1        N2        N3       REM
----------------------------------------------------------------------
         W       768       157        23         0         1
        N1        39       388       219         1        53
        N2         6        33      2842       154        97
        N3         0         0       280      1078         1
       REM         2        52       183         0      1237
======================================================================

======================================================================
PER-CLASS METRİK GRAFİĞİ OLUŞTURULUYOR
======================================================================

✓ Per-class metrics grafiği kaydedildi: outputs/runs/260317-1421_kfold/fold_1/per_class_metrics.png

======================================================================
HİPNOGRAMLAR OLUŞTURULUYOR (TEST HASTALARI)
======================================================================

  ST7062J0: 952 epoch (7.9 saat)
  ✓ ST7062J0 hipnogram kaydedildi: 16x8 inch
  ST7022J0: 944 epoch (7.9 saat)
  ✓ ST7022J0 hipnogram kaydedildi: 16x8 inch
  ST7071J0: 821 epoch (6.8 saat)
  ✓ ST7071J0 hipnogram kaydedildi: 16x8 inch
  ST7182J0: 967 epoch (8.1 saat)
  ✓ ST7182J0 hipnogram kaydedildi: 16.116666666666667x8 inch
  ST7212J0: 1010 epoch (8.4 saat)
  ✓ ST7212J0 hipnogram kaydedildi: 16.833333333333332x8 inch
  ST7111J0: 1017 epoch (8.5 saat)
  ✓ ST7111J0 hipnogram kaydedildi: 16.95x8 inch
  ST7172J0: 1006 epoch (8.4 saat)
  ✓ ST7172J0 hipnogram kaydedildi: 16.766666666666666x8 inch
  ST7151J0: 897 epoch (7.5 saat)
  ✓ ST7151J0 hipnogram kaydedildi: 16x8 inch

✓ Test sonuçları kaydedildi: outputs/runs/260317-1421_kfold/fold_1/test_results.json

✓ Fold 1 Test Accuracy: 82.91%

######################################################################
# FOLD 2/4 EVALUATION
######################################################################


======================================================================
SPLIT YÜKLENDI (RUN DIRECTORY'DEN)
======================================================================
Train: 29 hasta (sadece bilgi - yüklenmeyecek)
Val:   7 hasta (sadece bilgi - yüklenmeyecek)
Test:  8 hasta (değerlendirme için yüklenecek)
======================================================================


======================================================================
TEST DATALOADER OLUŞTURULUYOR (SHARED CACHE)
======================================================================
Test hastaları: 8


======================================================================
EPOCH METADATA OLUŞTURULUYOR
======================================================================
  ST7062J0: 952 epoch eklendi
  ST7022J0: 944 epoch eklendi
  ST7071J0: 821 epoch eklendi
  ST7182J0: 967 epoch eklendi
  ST7212J0: 1010 epoch eklendi
  ST7111J0: 1017 epoch eklendi
  ST7172J0: 1006 epoch eklendi
  ST7151J0: 897 epoch eklendi

======================================================================
TOPLAM: 7614 epoch

Sınıf dağılımı:
  W: 949 epoch (12.5%)
  N1: 700 epoch (9.2%)
  N2: 3132 epoch (41.1%)
  N3: 1359 epoch (17.8%)
  REM: 1474 epoch (19.4%)
======================================================================


⚠️ Balanced sampling kapalı - orijinal dağılım kullanılıyor

✓ Dataset oluşturuldu: 7614 epoch, 8 hasta
✓ Test DataLoader hazır (shared cache)!
  Test: 238 batch (7614 epoch)
======================================================================


======================================================================
MODEL YÜKLENİYOR
======================================================================


======================================================================
CNN1D V3 MODEL (Multi-Scale + Residual + SE + GAP)
======================================================================
Architecture:
  Input: [4, 3000]
  Stem: 3x Conv1D(16) k=[15, 51, 125] → concat 48ch
  ResBlock1: 48→96, k=7
  ResBlock2: 96→128, k=5
  SE: 128ch, reduction=16
  GAP → 128
  FC1: 64 units + LayerNorm
  FC2 (output): 5 classes

Parameters:
  Total: 282,301
  Trainable: 282,301
  Reduction vs CNN1D: 6.0x fewer params
======================================================================

✓ Checkpoint yüklendi: outputs/runs/260317-1421_kfold/fold_2/checkpoints/best_model.pth
  Epoch: 5
  Best val loss: 0.5207
  Best val acc: 81.39%

======================================================================
TEST SET DEĞERLENDİRMESİ
======================================================================

  Batch [10/238] işlendi
  Batch [20/238] işlendi
  Batch [30/238] işlendi
  Batch [40/238] işlendi
  Batch [50/238] işlendi
  Batch [60/238] işlendi
  Batch [70/238] işlendi
  Batch [80/238] işlendi
  Batch [90/238] işlendi
  Batch [100/238] işlendi
  Batch [110/238] işlendi
  Batch [120/238] işlendi
  Batch [130/238] işlendi
  Batch [140/238] işlendi
  Batch [150/238] işlendi
  Batch [160/238] işlendi
  Batch [170/238] işlendi
  Batch [180/238] işlendi
  Batch [190/238] işlendi
  Batch [200/238] işlendi
  Batch [210/238] işlendi
  Batch [220/238] işlendi
  Batch [230/238] işlendi

======================================================================
GENEL SONUÇLAR
======================================================================
Toplam test epoch'u: 7614
Doğru tahmin: 6205
Overall Accuracy: 81.49%
======================================================================


======================================================================
DETAYLI METRİKLER
======================================================================

Overall Accuracy: 81.49%
Cohen's Kappa: 0.7461

======================================================================
PER-CLASS METRİKLER
======================================================================
Class      Precision    Recall       F1-Score     Support   
----------------------------------------------------------------------
W          0.9180       0.8609       0.8885       949       
N1         0.5473       0.7114       0.6186       700       
N2         0.7998       0.8940       0.8443       3132      
N3         0.8781       0.7263       0.7950       1359      
REM        0.9277       0.7483       0.8284       1474      
----------------------------------------------------------------------
Macro Avg  0.8142       0.7882       0.7950       7614      
======================================================================


Scikit-learn Classification Report:
======================================================================
              precision    recall  f1-score   support

           W     0.9180    0.8609    0.8885       949
          N1     0.5473    0.7114    0.6186       700
          N2     0.7998    0.8940    0.8443      3132
          N3     0.8781    0.7263    0.7950      1359
         REM     0.9277    0.7483    0.8284      1474

    accuracy                         0.8149      7614
   macro avg     0.8142    0.7882    0.7950      7614
weighted avg     0.8300    0.8149    0.8172      7614


======================================================================
CONFUSION MATRIX OLUŞTURULUYOR
======================================================================

✓ Confusion matrix kaydedildi: outputs/runs/260317-1421_kfold/fold_2/confusion_matrix.png

Raw Confusion Matrix:
======================================================================
                   W        N1        N2        N3       REM
----------------------------------------------------------------------
         W       817       128         4         0         0
        N1        52       498       118         0        32
        N2        10       132      2800       137        53
        N3         0         2       369       987         1
       REM        11       150       210         0      1103
======================================================================

======================================================================
CONFUSION MATRIX OLUŞTURULUYOR
======================================================================

✓ Confusion matrix kaydedildi: outputs/runs/260317-1421_kfold/fold_2/confusion_matrix_raw.png

Raw Confusion Matrix:
======================================================================
                   W        N1        N2        N3       REM
----------------------------------------------------------------------
         W       817       128         4         0         0
        N1        52       498       118         0        32
        N2        10       132      2800       137        53
        N3         0         2       369       987         1
       REM        11       150       210         0      1103
======================================================================

======================================================================
PER-CLASS METRİK GRAFİĞİ OLUŞTURULUYOR
======================================================================

✓ Per-class metrics grafiği kaydedildi: outputs/runs/260317-1421_kfold/fold_2/per_class_metrics.png

======================================================================
HİPNOGRAMLAR OLUŞTURULUYOR (TEST HASTALARI)
======================================================================

  ST7062J0: 952 epoch (7.9 saat)
  ✓ ST7062J0 hipnogram kaydedildi: 16x8 inch
  ST7022J0: 944 epoch (7.9 saat)
  ✓ ST7022J0 hipnogram kaydedildi: 16x8 inch
  ST7071J0: 821 epoch (6.8 saat)
  ✓ ST7071J0 hipnogram kaydedildi: 16x8 inch
  ST7182J0: 967 epoch (8.1 saat)
  ✓ ST7182J0 hipnogram kaydedildi: 16.116666666666667x8 inch
  ST7212J0: 1010 epoch (8.4 saat)
  ✓ ST7212J0 hipnogram kaydedildi: 16.833333333333332x8 inch
  ST7111J0: 1017 epoch (8.5 saat)
  ✓ ST7111J0 hipnogram kaydedildi: 16.95x8 inch
  ST7172J0: 1006 epoch (8.4 saat)
  ✓ ST7172J0 hipnogram kaydedildi: 16.766666666666666x8 inch
  ST7151J0: 897 epoch (7.5 saat)
  ✓ ST7151J0 hipnogram kaydedildi: 16x8 inch

✓ Test sonuçları kaydedildi: outputs/runs/260317-1421_kfold/fold_2/test_results.json

✓ Fold 2 Test Accuracy: 81.49%

######################################################################
# FOLD 3/4 EVALUATION
######################################################################


======================================================================
SPLIT YÜKLENDI (RUN DIRECTORY'DEN)
======================================================================
Train: 29 hasta (sadece bilgi - yüklenmeyecek)
Val:   7 hasta (sadece bilgi - yüklenmeyecek)
Test:  8 hasta (değerlendirme için yüklenecek)
======================================================================


======================================================================
TEST DATALOADER OLUŞTURULUYOR (SHARED CACHE)
======================================================================
Test hastaları: 8


======================================================================
EPOCH METADATA OLUŞTURULUYOR
======================================================================
  ST7062J0: 952 epoch eklendi
  ST7022J0: 944 epoch eklendi
  ST7071J0: 821 epoch eklendi
  ST7182J0: 967 epoch eklendi
  ST7212J0: 1010 epoch eklendi
  ST7111J0: 1017 epoch eklendi
  ST7172J0: 1006 epoch eklendi
  ST7151J0: 897 epoch eklendi

======================================================================
TOPLAM: 7614 epoch

Sınıf dağılımı:
  W: 949 epoch (12.5%)
  N1: 700 epoch (9.2%)
  N2: 3132 epoch (41.1%)
  N3: 1359 epoch (17.8%)
  REM: 1474 epoch (19.4%)
======================================================================


⚠️ Balanced sampling kapalı - orijinal dağılım kullanılıyor

✓ Dataset oluşturuldu: 7614 epoch, 8 hasta
✓ Test DataLoader hazır (shared cache)!
  Test: 238 batch (7614 epoch)
======================================================================


======================================================================
MODEL YÜKLENİYOR
======================================================================


======================================================================
CNN1D V3 MODEL (Multi-Scale + Residual + SE + GAP)
======================================================================
Architecture:
  Input: [4, 3000]
  Stem: 3x Conv1D(16) k=[15, 51, 125] → concat 48ch
  ResBlock1: 48→96, k=7
  ResBlock2: 96→128, k=5
  SE: 128ch, reduction=16
  GAP → 128
  FC1: 64 units + LayerNorm
  FC2 (output): 5 classes

Parameters:
  Total: 282,301
  Trainable: 282,301
  Reduction vs CNN1D: 6.0x fewer params
======================================================================

✓ Checkpoint yüklendi: outputs/runs/260317-1421_kfold/fold_3/checkpoints/best_model.pth
  Epoch: 19
  Best val loss: 0.5099
  Best val acc: 84.41%

======================================================================
TEST SET DEĞERLENDİRMESİ
======================================================================

  Batch [10/238] işlendi
  Batch [20/238] işlendi
  Batch [30/238] işlendi
  Batch [40/238] işlendi
  Batch [50/238] işlendi
  Batch [60/238] işlendi
  Batch [70/238] işlendi
  Batch [80/238] işlendi
  Batch [90/238] işlendi
  Batch [100/238] işlendi
  Batch [110/238] işlendi
  Batch [120/238] işlendi
  Batch [130/238] işlendi
  Batch [140/238] işlendi
  Batch [150/238] işlendi
  Batch [160/238] işlendi
  Batch [170/238] işlendi
  Batch [180/238] işlendi
  Batch [190/238] işlendi
  Batch [200/238] işlendi
  Batch [210/238] işlendi
  Batch [220/238] işlendi
  Batch [230/238] işlendi

======================================================================
GENEL SONUÇLAR
======================================================================
Toplam test epoch'u: 7614
Doğru tahmin: 6234
Overall Accuracy: 81.88%
======================================================================


======================================================================
DETAYLI METRİKLER
======================================================================

Overall Accuracy: 81.88%
Cohen's Kappa: 0.7564

======================================================================
PER-CLASS METRİKLER
======================================================================
Class      Precision    Recall       F1-Score     Support   
----------------------------------------------------------------------
W          0.8994       0.8008       0.8473       949       
N1         0.5269       0.7000       0.6012       700       
N2         0.8614       0.8196       0.8400       3132      
N3         0.8184       0.8558       0.8367       1359      
REM        0.8720       0.8507       0.8613       1474      
----------------------------------------------------------------------
Macro Avg  0.7956       0.8054       0.7973       7614      
======================================================================


Scikit-learn Classification Report:
======================================================================
              precision    recall  f1-score   support

           W     0.8994    0.8008    0.8473       949
          N1     0.5269    0.7000    0.6012       700
          N2     0.8614    0.8196    0.8400      3132
          N3     0.8184    0.8558    0.8367      1359
         REM     0.8720    0.8507    0.8613      1474

    accuracy                         0.8188      7614
   macro avg     0.7956    0.8054    0.7973      7614
weighted avg     0.8298    0.8188    0.8225      7614


======================================================================
CONFUSION MATRIX OLUŞTURULUYOR
======================================================================

✓ Confusion matrix kaydedildi: outputs/runs/260317-1421_kfold/fold_3/confusion_matrix.png

Raw Confusion Matrix:
======================================================================
                   W        N1        N2        N3       REM
----------------------------------------------------------------------
         W       760       179         4         1         5
        N1        73       490        72         7        58
        N2         8       190      2567       247       120
        N3         0         2       193      1163         1
       REM         4        69       144         3      1254
======================================================================

======================================================================
CONFUSION MATRIX OLUŞTURULUYOR
======================================================================

✓ Confusion matrix kaydedildi: outputs/runs/260317-1421_kfold/fold_3/confusion_matrix_raw.png

Raw Confusion Matrix:
======================================================================
                   W        N1        N2        N3       REM
----------------------------------------------------------------------
         W       760       179         4         1         5
        N1        73       490        72         7        58
        N2         8       190      2567       247       120
        N3         0         2       193      1163         1
       REM         4        69       144         3      1254
======================================================================

======================================================================
PER-CLASS METRİK GRAFİĞİ OLUŞTURULUYOR
======================================================================

✓ Per-class metrics grafiği kaydedildi: outputs/runs/260317-1421_kfold/fold_3/per_class_metrics.png

======================================================================
HİPNOGRAMLAR OLUŞTURULUYOR (TEST HASTALARI)
======================================================================

  ST7062J0: 952 epoch (7.9 saat)
  ✓ ST7062J0 hipnogram kaydedildi: 16x8 inch
  ST7022J0: 944 epoch (7.9 saat)
  ✓ ST7022J0 hipnogram kaydedildi: 16x8 inch
  ST7071J0: 821 epoch (6.8 saat)
  ✓ ST7071J0 hipnogram kaydedildi: 16x8 inch
  ST7182J0: 967 epoch (8.1 saat)
  ✓ ST7182J0 hipnogram kaydedildi: 16.116666666666667x8 inch
  ST7212J0: 1010 epoch (8.4 saat)
  ✓ ST7212J0 hipnogram kaydedildi: 16.833333333333332x8 inch
  ST7111J0: 1017 epoch (8.5 saat)
  ✓ ST7111J0 hipnogram kaydedildi: 16.95x8 inch
  ST7172J0: 1006 epoch (8.4 saat)
  ✓ ST7172J0 hipnogram kaydedildi: 16.766666666666666x8 inch
  ST7151J0: 897 epoch (7.5 saat)
  ✓ ST7151J0 hipnogram kaydedildi: 16x8 inch

✓ Test sonuçları kaydedildi: outputs/runs/260317-1421_kfold/fold_3/test_results.json

✓ Fold 3 Test Accuracy: 81.88%

######################################################################
# FOLD 4/4 EVALUATION
######################################################################


======================================================================
SPLIT YÜKLENDI (RUN DIRECTORY'DEN)
======================================================================
Train: 29 hasta (sadece bilgi - yüklenmeyecek)
Val:   7 hasta (sadece bilgi - yüklenmeyecek)
Test:  8 hasta (değerlendirme için yüklenecek)
======================================================================


======================================================================
TEST DATALOADER OLUŞTURULUYOR (SHARED CACHE)
======================================================================
Test hastaları: 8


======================================================================
EPOCH METADATA OLUŞTURULUYOR
======================================================================
  ST7062J0: 952 epoch eklendi
  ST7022J0: 944 epoch eklendi
  ST7071J0: 821 epoch eklendi
  ST7182J0: 967 epoch eklendi
  ST7212J0: 1010 epoch eklendi
  ST7111J0: 1017 epoch eklendi
  ST7172J0: 1006 epoch eklendi
  ST7151J0: 897 epoch eklendi

======================================================================
TOPLAM: 7614 epoch

Sınıf dağılımı:
  W: 949 epoch (12.5%)
  N1: 700 epoch (9.2%)
  N2: 3132 epoch (41.1%)
  N3: 1359 epoch (17.8%)
  REM: 1474 epoch (19.4%)
======================================================================


⚠️ Balanced sampling kapalı - orijinal dağılım kullanılıyor

✓ Dataset oluşturuldu: 7614 epoch, 8 hasta
✓ Test DataLoader hazır (shared cache)!
  Test: 238 batch (7614 epoch)
======================================================================


======================================================================
MODEL YÜKLENİYOR
======================================================================


======================================================================
CNN1D V3 MODEL (Multi-Scale + Residual + SE + GAP)
======================================================================
Architecture:
  Input: [4, 3000]
  Stem: 3x Conv1D(16) k=[15, 51, 125] → concat 48ch
  ResBlock1: 48→96, k=7
  ResBlock2: 96→128, k=5
  SE: 128ch, reduction=16
  GAP → 128
  FC1: 64 units + LayerNorm
  FC2 (output): 5 classes

Parameters:
  Total: 282,301
  Trainable: 282,301
  Reduction vs CNN1D: 6.0x fewer params
======================================================================

✓ Checkpoint yüklendi: outputs/runs/260317-1421_kfold/fold_4/checkpoints/best_model.pth
  Epoch: 18
  Best val loss: 0.4008
  Best val acc: 85.40%

======================================================================
TEST SET DEĞERLENDİRMESİ
======================================================================

  Batch [10/238] işlendi
  Batch [20/238] işlendi
  Batch [30/238] işlendi
  Batch [40/238] işlendi
  Batch [50/238] işlendi
  Batch [60/238] işlendi
  Batch [70/238] işlendi
  Batch [80/238] işlendi
  Batch [90/238] işlendi
  Batch [100/238] işlendi
  Batch [110/238] işlendi
  Batch [120/238] işlendi
  Batch [130/238] işlendi
  Batch [140/238] işlendi
  Batch [150/238] işlendi
  Batch [160/238] işlendi
  Batch [170/238] işlendi
  Batch [180/238] işlendi
  Batch [190/238] işlendi
  Batch [200/238] işlendi
  Batch [210/238] işlendi
  Batch [220/238] işlendi
  Batch [230/238] işlendi

======================================================================
GENEL SONUÇLAR
======================================================================
Toplam test epoch'u: 7614
Doğru tahmin: 6229
Overall Accuracy: 81.81%
======================================================================


======================================================================
DETAYLI METRİKLER
======================================================================

Overall Accuracy: 81.81%
Cohen's Kappa: 0.7552

======================================================================
PER-CLASS METRİKLER
======================================================================
Class      Precision    Recall       F1-Score     Support   
----------------------------------------------------------------------
W          0.9108       0.9041       0.9075       949       
N1         0.5246       0.7471       0.6164       700       
N2         0.8412       0.8222       0.8316       3132      
N3         0.8561       0.7837       0.8183       1359      
REM        0.8818       0.8195       0.8495       1474      
----------------------------------------------------------------------
Macro Avg  0.8029       0.8153       0.8046       7614      
======================================================================


Scikit-learn Classification Report:
======================================================================
              precision    recall  f1-score   support

           W     0.9108    0.9041    0.9075       949
          N1     0.5246    0.7471    0.6164       700
          N2     0.8412    0.8222    0.8316      3132
          N3     0.8561    0.7837    0.8183      1359
         REM     0.8818    0.8195    0.8495      1474

    accuracy                         0.8181      7614
   macro avg     0.8029    0.8153    0.8046      7614
weighted avg     0.8313    0.8181    0.8224      7614


======================================================================
CONFUSION MATRIX OLUŞTURULUYOR
======================================================================

✓ Confusion matrix kaydedildi: outputs/runs/260317-1421_kfold/fold_4/confusion_matrix.png

Raw Confusion Matrix:
======================================================================
                   W        N1        N2        N3       REM
----------------------------------------------------------------------
         W       858        85         4         0         2
        N1        73       523        57         4        43
        N2         5       263      2575       174       115
        N3         0         3       289      1065         2
       REM         6       123       136         1      1208
======================================================================

======================================================================
CONFUSION MATRIX OLUŞTURULUYOR
======================================================================

✓ Confusion matrix kaydedildi: outputs/runs/260317-1421_kfold/fold_4/confusion_matrix_raw.png

Raw Confusion Matrix:
======================================================================
                   W        N1        N2        N3       REM
----------------------------------------------------------------------
         W       858        85         4         0         2
        N1        73       523        57         4        43
        N2         5       263      2575       174       115
        N3         0         3       289      1065         2
       REM         6       123       136         1      1208
======================================================================

======================================================================
PER-CLASS METRİK GRAFİĞİ OLUŞTURULUYOR
======================================================================

✓ Per-class metrics grafiği kaydedildi: outputs/runs/260317-1421_kfold/fold_4/per_class_metrics.png

======================================================================
HİPNOGRAMLAR OLUŞTURULUYOR (TEST HASTALARI)
======================================================================

  ST7062J0: 952 epoch (7.9 saat)
  ✓ ST7062J0 hipnogram kaydedildi: 16x8 inch
  ST7022J0: 944 epoch (7.9 saat)
  ✓ ST7022J0 hipnogram kaydedildi: 16x8 inch
  ST7071J0: 821 epoch (6.8 saat)
  ✓ ST7071J0 hipnogram kaydedildi: 16x8 inch
  ST7182J0: 967 epoch (8.1 saat)
  ✓ ST7182J0 hipnogram kaydedildi: 16.116666666666667x8 inch
  ST7212J0: 1010 epoch (8.4 saat)
  ✓ ST7212J0 hipnogram kaydedildi: 16.833333333333332x8 inch
  ST7111J0: 1017 epoch (8.5 saat)
  ✓ ST7111J0 hipnogram kaydedildi: 16.95x8 inch
  ST7172J0: 1006 epoch (8.4 saat)
  ✓ ST7172J0 hipnogram kaydedildi: 16.766666666666666x8 inch
  ST7151J0: 897 epoch (7.5 saat)
  ✓ ST7151J0 hipnogram kaydedildi: 16x8 inch

✓ Test sonuçları kaydedildi: outputs/runs/260317-1421_kfold/fold_4/test_results.json

✓ Fold 4 Test Accuracy: 81.81%

======================================================================
K-FOLD EVALUATION TAMAMLANDI!
======================================================================

📊 TEST SONUÇLARI (5 fold):
  Fold 0: Test Acc = 83.29%
  Fold 1: Test Acc = 82.91%
  Fold 2: Test Acc = 81.49%
  Fold 3: Test Acc = 81.88%
  Fold 4: Test Acc = 81.81%

  Ortalama Test Acc: 82.28% ± 0.70%
======================================================================

✓ kfold_summary.json güncellendi (test sonuçları eklendi)
✓ Shared signal cache temizlendi
