
======================================================================
EVALUATION - RUN: 260217-0211_kfold
======================================================================
Run directory: outputs/runs/260217-0211_kfold
======================================================================


======================================================================
SLEEP STAGE CLASSIFICATION - CONFIGURATION
======================================================================

📊 DATA:
  Channels: ['EEG Fpz-Cz', 'EEG Pz-Oz', 'EOG horizontal', 'EMG submental']
  Sample rate: 100 Hz
  Samples per epoch: 3000
  Classes: ['W', 'N1', 'N2', 'N3', 'REM']

🔀 SPLIT:
  Train: 34 patients
  Val: 5 patients
  Test: 5 patients

🏗️  MODEL:
  Type: cnn1d
  Architecture: 1D-CNN

⚙️  TRAINING:
  Database: physionet_sleep
  Batch size: 32
  Learning rate: 0.001
  Epochs: 50
  Optimizer: Adam
  Weight decay: 0.0001
  Dropout: 0.3
  Loss function: CrossEntropyLoss
  Balance strategy: none
  Early stopping: True

🔧 PREPROCESSING:
  Normalization: z-score
  Filtering: True
  Augmentation: False

💻 DEVICE:
  CUDA available: True
  Device: cuda

📁 OUTPUT:
  Directory: outputs

======================================================================

Offline modda hasta listesi alınıyor...
✓ Toplam 44 hasta bulundu

Stage verileri cache'e yükleniyor...

======================================================================
OFFLINE VERİLER CACHE'E YÜKLENİYOR (.npz)
======================================================================
Kaynak: /media/mehmet/40BC0D26BC0D17D41/sleep-staging-data/offline_data/physionet_sleep
Hasta sayısı: 44
----------------------------------------------------------------------
[1/44] ST7011J0: 1092 epoch ✓
[2/44] ST7012J0: 1040 epoch ✓
[3/44] ST7021J0: 920 epoch ✓
[4/44] ST7022J0: 944 epoch ✓
[5/44] ST7041J0: 1007 epoch ✓
[6/44] ST7042J0: 1130 epoch ✓
[7/44] ST7051J0: 1018 epoch ✓
[8/44] ST7052J0: 1034 epoch ✓
[9/44] ST7061J0: 1008 epoch ✓
[10/44] ST7062J0: 952 epoch ✓
[11/44] ST7071J0: 821 epoch ✓
[12/44] ST7072J0: 915 epoch ✓
[13/44] ST7081J0: 967 epoch ✓
[14/44] ST7082J0: 931 epoch ✓
[15/44] ST7091J0: 943 epoch ✓
[16/44] ST7092J0: 923 epoch ✓
[17/44] ST7101J0: 1042 epoch ✓
[18/44] ST7102J0: 980 epoch ✓
[19/44] ST7111J0: 1017 epoch ✓
[20/44] ST7112J0: 978 epoch ✓
[21/44] ST7121J0: 1026 epoch ✓
[22/44] ST7122J0: 945 epoch ✓
[23/44] ST7131J0: 859 epoch ✓
[24/44] ST7132J0: 852 epoch ✓
[25/44] ST7141J0: 858 epoch ✓
[26/44] ST7142J0: 873 epoch ✓
[27/44] ST7151J0: 897 epoch ✓
[28/44] ST7152J0: 1045 epoch ✓
[29/44] ST7161J0: 1057 epoch ✓
[30/44] ST7162J0: 988 epoch ✓
[31/44] ST7171J0: 965 epoch ✓
[32/44] ST7172J0: 1006 epoch ✓
[33/44] ST7181J0: 959 epoch ✓
[34/44] ST7182J0: 967 epoch ✓
[35/44] ST7191J0: 955 epoch ✓
[36/44] ST7192J0: 931 epoch ✓
[37/44] ST7201J0: 922 epoch ✓
[38/44] ST7202J0: 898 epoch ✓
[39/44] ST7211J0: 1077 epoch ✓
[40/44] ST7212J0: 1010 epoch ✓
[41/44] ST7221J0: 1033 epoch ✓
[42/44] ST7222J0: 951 epoch ✓
[43/44] ST7241J0: 1021 epoch ✓
[44/44] ST7242J0: 939 epoch ✓

======================================================================
OFFLINE CACHE HAZIR!
  Yüklenen hasta: 44/44
  Stage cache: 44 hasta
  Sinyal cache: 176 (patient, channel) çifti
  Sinyal bellek: 1.91 GB
======================================================================

✓ 44 hasta cache'de


======================================================================
K-FOLD EVALUATION MODU (5 fold)
======================================================================


======================================================================
TÜM FOLD'LAR İÇİN SİNYAL VERİLERİ TEK SEFERDE YÜKLENİYOR
Toplam benzersiz test hastası: 5
======================================================================


======================================================================
TÜM SİNYAL VERİLERİ YÜKLENIYOR (SHARED CACHE)
======================================================================
Toplam hasta: 5
Kanallar: ['EEG Fpz-Cz', 'EEG Pz-Oz', 'EOG horizontal', 'EMG submental']


======================================================================
EPOCH METADATA OLUŞTURULUYOR
======================================================================
  ST7022J0: 944 epoch eklendi
  ST7062J0: 952 epoch eklendi
  ST7071J0: 821 epoch eklendi
  ST7182J0: 967 epoch eklendi
  ST7212J0: 1010 epoch eklendi

======================================================================
TOPLAM: 4694 epoch

Sınıf dağılımı:
  W: 659 epoch (14.0%)
  N1: 417 epoch (8.9%)
  N2: 2038 epoch (43.4%)
  N3: 712 epoch (15.2%)
  REM: 868 epoch (18.5%)
======================================================================


⚠️ Balanced sampling kapalı - orijinal dağılım kullanılıyor


======================================================================
RAM CACHE OLUŞTURULUYOR - TÜM VERİLER YÜKLENİYOR
Kaynak: Offline (.npz dosyaları)
======================================================================
Toplam epoch: 4694
Kanal sayısı: 4
Tahmini boyut: ~0.21 GB
======================================================================

Veri yükleniyor:   0%|          | 0/18776 [00:00<?, ?epoch-kanal/s]Veri yükleniyor:  52%|█████▏    | 9845/18776 [00:00<00:00, 98441.41epoch-kanal/s]Veri yükleniyor: 100%|██████████| 18776/18776 [00:00<00:00, 100061.56epoch-kanal/s]

======================================================================
✓ RAM CACHE HAZIR!
======================================================================
Cache'deki veri sayısı: 18,776
Toplam bellek kullanımı: 0.21 GB
======================================================================

✓ Dataset oluşturuldu: 4694 epoch, 5 hasta

======================================================================
✓ SHARED CACHE HAZIR!
  Toplam sinyal: 18,776
  Bellek kullanımı: 0.21 GB
======================================================================


######################################################################
# FOLD 0/4 EVALUATION
######################################################################


======================================================================
SPLIT YÜKLENDI (RUN DIRECTORY'DEN)
======================================================================
Train: 31 hasta (sadece bilgi - yüklenmeyecek)
Val:   8 hasta (sadece bilgi - yüklenmeyecek)
Test:  5 hasta (değerlendirme için yüklenecek)
======================================================================


======================================================================
TEST DATALOADER OLUŞTURULUYOR (SHARED CACHE)
======================================================================
Test hastaları: 5


======================================================================
EPOCH METADATA OLUŞTURULUYOR
======================================================================
  ST7062J0: 952 epoch eklendi
  ST7022J0: 944 epoch eklendi
  ST7071J0: 821 epoch eklendi
  ST7182J0: 967 epoch eklendi
  ST7212J0: 1010 epoch eklendi

======================================================================
TOPLAM: 4694 epoch

Sınıf dağılımı:
  W: 659 epoch (14.0%)
  N1: 417 epoch (8.9%)
  N2: 2038 epoch (43.4%)
  N3: 712 epoch (15.2%)
  REM: 868 epoch (18.5%)
======================================================================


⚠️ Balanced sampling kapalı - orijinal dağılım kullanılıyor

✓ Dataset oluşturuldu: 4694 epoch, 5 hasta
✓ Test DataLoader hazır (shared cache)!
  Test: 147 batch (4694 epoch)
======================================================================


======================================================================
MODEL YÜKLENİYOR
======================================================================


======================================================================
1D-CNN MODEL
======================================================================
Architecture:
  Input: [4, 3000]
  Conv1: 32 filters, kernel=50
  Conv2: 64 filters, kernel=25
  Conv3: 128 filters, kernel=10
  Flatten: 6016 features
  FC1: 256 units
  FC2 (output): 5 classes

Parameters:
  Total: 1,681,381
  Trainable: 1,681,381
======================================================================

✓ Checkpoint yüklendi: outputs/runs/260217-0211_kfold/fold_0/checkpoints/best_model.pth
  Epoch: 5
  Best val loss: 0.5038
  Best val acc: 83.40%

======================================================================
TEST SET DEĞERLENDİRMESİ
======================================================================

  Batch [10/147] işlendi
  Batch [20/147] işlendi
  Batch [30/147] işlendi
  Batch [40/147] işlendi
  Batch [50/147] işlendi
  Batch [60/147] işlendi
  Batch [70/147] işlendi
  Batch [80/147] işlendi
  Batch [90/147] işlendi
  Batch [100/147] işlendi
  Batch [110/147] işlendi
  Batch [120/147] işlendi
  Batch [130/147] işlendi
  Batch [140/147] işlendi

======================================================================
GENEL SONUÇLAR
======================================================================
Toplam test epoch'u: 4694
Doğru tahmin: 3858
Overall Accuracy: 82.19%
======================================================================


======================================================================
DETAYLI METRİKLER
======================================================================

Overall Accuracy: 82.19%
Cohen's Kappa: 0.7565

======================================================================
PER-CLASS METRİKLER
======================================================================
Class      Precision    Recall       F1-Score     Support   
----------------------------------------------------------------------
W          0.8573       0.9575       0.9047       659       
N1         0.5724       0.6163       0.5935       417       
N2         0.8646       0.8332       0.8486       2038      
N3         0.7759       0.6952       0.7333       712       
REM        0.8567       0.8952       0.8755       868       
----------------------------------------------------------------------
Macro Avg  0.7854       0.7995       0.7911       4694      
======================================================================


Scikit-learn Classification Report:
======================================================================
              precision    recall  f1-score   support

           W     0.8573    0.9575    0.9047       659
          N1     0.5724    0.6163    0.5935       417
          N2     0.8646    0.8332    0.8486      2038
          N3     0.7759    0.6952    0.7333       712
         REM     0.8567    0.8952    0.8755       868

    accuracy                         0.8219      4694
   macro avg     0.7854    0.7995    0.7911      4694
weighted avg     0.8227    0.8219    0.8213      4694


======================================================================
CONFUSION MATRIX OLUŞTURULUYOR
======================================================================

✓ Confusion matrix kaydedildi: outputs/runs/260217-0211_kfold/fold_0/confusion_matrix.png

Raw Confusion Matrix:
======================================================================
                   W        N1        N2        N3       REM
----------------------------------------------------------------------
         W       631        24         1         0         3
        N1        90       257        27         0        43
        N2         8       107      1698       143        82
        N3         0         2       213       495         2
       REM         7        59        25         0       777
======================================================================

======================================================================
CONFUSION MATRIX OLUŞTURULUYOR
======================================================================

✓ Confusion matrix kaydedildi: outputs/runs/260217-0211_kfold/fold_0/confusion_matrix_raw.png

Raw Confusion Matrix:
======================================================================
                   W        N1        N2        N3       REM
----------------------------------------------------------------------
         W       631        24         1         0         3
        N1        90       257        27         0        43
        N2         8       107      1698       143        82
        N3         0         2       213       495         2
       REM         7        59        25         0       777
======================================================================

======================================================================
PER-CLASS METRİK GRAFİĞİ OLUŞTURULUYOR
======================================================================

✓ Per-class metrics grafiği kaydedildi: outputs/runs/260217-0211_kfold/fold_0/per_class_metrics.png

======================================================================
HİPNOGRAMLAR OLUŞTURULUYOR (TEST HASTALARI)
======================================================================

  ST7062J0: 952 epoch (7.9 saat)
  ✓ ST7062J0 hipnogram kaydedildi: 16x8 inch
  ST7022J0: 944 epoch (7.9 saat)
  ✓ ST7022J0 hipnogram kaydedildi: 16x8 inch
  ST7071J0: 821 epoch (6.8 saat)
  ✓ ST7071J0 hipnogram kaydedildi: 16x8 inch
  ST7182J0: 967 epoch (8.1 saat)
  ✓ ST7182J0 hipnogram kaydedildi: 16.116666666666667x8 inch
  ST7212J0: 1010 epoch (8.4 saat)
  ✓ ST7212J0 hipnogram kaydedildi: 16.833333333333332x8 inch

✓ Test sonuçları kaydedildi: outputs/runs/260217-0211_kfold/fold_0/test_results.json

✓ Fold 0 Test Accuracy: 82.19%

######################################################################
# FOLD 1/4 EVALUATION
######################################################################


======================================================================
SPLIT YÜKLENDI (RUN DIRECTORY'DEN)
======================================================================
Train: 31 hasta (sadece bilgi - yüklenmeyecek)
Val:   8 hasta (sadece bilgi - yüklenmeyecek)
Test:  5 hasta (değerlendirme için yüklenecek)
======================================================================


======================================================================
TEST DATALOADER OLUŞTURULUYOR (SHARED CACHE)
======================================================================
Test hastaları: 5


======================================================================
EPOCH METADATA OLUŞTURULUYOR
======================================================================
  ST7062J0: 952 epoch eklendi
  ST7022J0: 944 epoch eklendi
  ST7071J0: 821 epoch eklendi
  ST7182J0: 967 epoch eklendi
  ST7212J0: 1010 epoch eklendi

======================================================================
TOPLAM: 4694 epoch

Sınıf dağılımı:
  W: 659 epoch (14.0%)
  N1: 417 epoch (8.9%)
  N2: 2038 epoch (43.4%)
  N3: 712 epoch (15.2%)
  REM: 868 epoch (18.5%)
======================================================================


⚠️ Balanced sampling kapalı - orijinal dağılım kullanılıyor

✓ Dataset oluşturuldu: 4694 epoch, 5 hasta
✓ Test DataLoader hazır (shared cache)!
  Test: 147 batch (4694 epoch)
======================================================================


======================================================================
MODEL YÜKLENİYOR
======================================================================


======================================================================
1D-CNN MODEL
======================================================================
Architecture:
  Input: [4, 3000]
  Conv1: 32 filters, kernel=50
  Conv2: 64 filters, kernel=25
  Conv3: 128 filters, kernel=10
  Flatten: 6016 features
  FC1: 256 units
  FC2 (output): 5 classes

Parameters:
  Total: 1,681,381
  Trainable: 1,681,381
======================================================================

✓ Checkpoint yüklendi: outputs/runs/260217-0211_kfold/fold_1/checkpoints/best_model.pth
  Epoch: 6
  Best val loss: 0.4865
  Best val acc: 81.73%

======================================================================
TEST SET DEĞERLENDİRMESİ
======================================================================

  Batch [10/147] işlendi
  Batch [20/147] işlendi
  Batch [30/147] işlendi
  Batch [40/147] işlendi
  Batch [50/147] işlendi
  Batch [60/147] işlendi
  Batch [70/147] işlendi
  Batch [80/147] işlendi
  Batch [90/147] işlendi
  Batch [100/147] işlendi
  Batch [110/147] işlendi
  Batch [120/147] işlendi
  Batch [130/147] işlendi
  Batch [140/147] işlendi

======================================================================
GENEL SONUÇLAR
======================================================================
Toplam test epoch'u: 4694
Doğru tahmin: 3800
Overall Accuracy: 80.95%
======================================================================


======================================================================
DETAYLI METRİKLER
======================================================================

Overall Accuracy: 80.95%
Cohen's Kappa: 0.7415

======================================================================
PER-CLASS METRİKLER
======================================================================
Class      Precision    Recall       F1-Score     Support   
----------------------------------------------------------------------
W          0.9172       0.8741       0.8951       659       
N1         0.4930       0.7602       0.5981       417       
N2         0.8677       0.8175       0.8418       2038      
N3         0.7776       0.7121       0.7434       712       
REM        0.8625       0.8456       0.8540       868       
----------------------------------------------------------------------
Macro Avg  0.7836       0.8019       0.7865       4694      
======================================================================


Scikit-learn Classification Report:
======================================================================
              precision    recall  f1-score   support

           W     0.9172    0.8741    0.8951       659
          N1     0.4930    0.7602    0.5981       417
          N2     0.8677    0.8175    0.8418      2038
          N3     0.7776    0.7121    0.7434       712
         REM     0.8625    0.8456    0.8540       868

    accuracy                         0.8095      4694
   macro avg     0.7836    0.8019    0.7865      4694
weighted avg     0.8267    0.8095    0.8150      4694


======================================================================
CONFUSION MATRIX OLUŞTURULUYOR
======================================================================

✓ Confusion matrix kaydedildi: outputs/runs/260217-0211_kfold/fold_1/confusion_matrix.png

Raw Confusion Matrix:
======================================================================
                   W        N1        N2        N3       REM
----------------------------------------------------------------------
         W       576        77         2         3         1
        N1        43       317        26         1        30
        N2         6       140      1666       141        85
        N3         0         1       203       507         1
       REM         3       108        23         0       734
======================================================================

======================================================================
CONFUSION MATRIX OLUŞTURULUYOR
======================================================================

✓ Confusion matrix kaydedildi: outputs/runs/260217-0211_kfold/fold_1/confusion_matrix_raw.png

Raw Confusion Matrix:
======================================================================
                   W        N1        N2        N3       REM
----------------------------------------------------------------------
         W       576        77         2         3         1
        N1        43       317        26         1        30
        N2         6       140      1666       141        85
        N3         0         1       203       507         1
       REM         3       108        23         0       734
======================================================================

======================================================================
PER-CLASS METRİK GRAFİĞİ OLUŞTURULUYOR
======================================================================

✓ Per-class metrics grafiği kaydedildi: outputs/runs/260217-0211_kfold/fold_1/per_class_metrics.png

======================================================================
HİPNOGRAMLAR OLUŞTURULUYOR (TEST HASTALARI)
======================================================================

  ST7062J0: 952 epoch (7.9 saat)
  ✓ ST7062J0 hipnogram kaydedildi: 16x8 inch
  ST7022J0: 944 epoch (7.9 saat)
  ✓ ST7022J0 hipnogram kaydedildi: 16x8 inch
  ST7071J0: 821 epoch (6.8 saat)
  ✓ ST7071J0 hipnogram kaydedildi: 16x8 inch
  ST7182J0: 967 epoch (8.1 saat)
  ✓ ST7182J0 hipnogram kaydedildi: 16.116666666666667x8 inch
  ST7212J0: 1010 epoch (8.4 saat)
  ✓ ST7212J0 hipnogram kaydedildi: 16.833333333333332x8 inch

✓ Test sonuçları kaydedildi: outputs/runs/260217-0211_kfold/fold_1/test_results.json

✓ Fold 1 Test Accuracy: 80.95%

######################################################################
# FOLD 2/4 EVALUATION
######################################################################


======================================================================
SPLIT YÜKLENDI (RUN DIRECTORY'DEN)
======================================================================
Train: 31 hasta (sadece bilgi - yüklenmeyecek)
Val:   8 hasta (sadece bilgi - yüklenmeyecek)
Test:  5 hasta (değerlendirme için yüklenecek)
======================================================================


======================================================================
TEST DATALOADER OLUŞTURULUYOR (SHARED CACHE)
======================================================================
Test hastaları: 5


======================================================================
EPOCH METADATA OLUŞTURULUYOR
======================================================================
  ST7062J0: 952 epoch eklendi
  ST7022J0: 944 epoch eklendi
  ST7071J0: 821 epoch eklendi
  ST7182J0: 967 epoch eklendi
  ST7212J0: 1010 epoch eklendi

======================================================================
TOPLAM: 4694 epoch

Sınıf dağılımı:
  W: 659 epoch (14.0%)
  N1: 417 epoch (8.9%)
  N2: 2038 epoch (43.4%)
  N3: 712 epoch (15.2%)
  REM: 868 epoch (18.5%)
======================================================================


⚠️ Balanced sampling kapalı - orijinal dağılım kullanılıyor

✓ Dataset oluşturuldu: 4694 epoch, 5 hasta
✓ Test DataLoader hazır (shared cache)!
  Test: 147 batch (4694 epoch)
======================================================================


======================================================================
MODEL YÜKLENİYOR
======================================================================


======================================================================
1D-CNN MODEL
======================================================================
Architecture:
  Input: [4, 3000]
  Conv1: 32 filters, kernel=50
  Conv2: 64 filters, kernel=25
  Conv3: 128 filters, kernel=10
  Flatten: 6016 features
  FC1: 256 units
  FC2 (output): 5 classes

Parameters:
  Total: 1,681,381
  Trainable: 1,681,381
======================================================================

✓ Checkpoint yüklendi: outputs/runs/260217-0211_kfold/fold_2/checkpoints/best_model.pth
  Epoch: 6
  Best val loss: 0.6136
  Best val acc: 77.94%

======================================================================
TEST SET DEĞERLENDİRMESİ
======================================================================

  Batch [10/147] işlendi
  Batch [20/147] işlendi
  Batch [30/147] işlendi
  Batch [40/147] işlendi
  Batch [50/147] işlendi
  Batch [60/147] işlendi
  Batch [70/147] işlendi
  Batch [80/147] işlendi
  Batch [90/147] işlendi
  Batch [100/147] işlendi
  Batch [110/147] işlendi
  Batch [120/147] işlendi
  Batch [130/147] işlendi
  Batch [140/147] işlendi

======================================================================
GENEL SONUÇLAR
======================================================================
Toplam test epoch'u: 4694
Doğru tahmin: 3716
Overall Accuracy: 79.16%
======================================================================


======================================================================
DETAYLI METRİKLER
======================================================================

Overall Accuracy: 79.16%
Cohen's Kappa: 0.7194

======================================================================
PER-CLASS METRİKLER
======================================================================
Class      Precision    Recall       F1-Score     Support   
----------------------------------------------------------------------
W          0.9088       0.8316       0.8685       659       
N1         0.4933       0.7050       0.5805       417       
N2         0.8753       0.7718       0.8203       2038      
N3         0.7532       0.7374       0.7452       712       
REM        0.7752       0.8940       0.8304       868       
----------------------------------------------------------------------
Macro Avg  0.7612       0.7880       0.7690       4694      
======================================================================


Scikit-learn Classification Report:
======================================================================
              precision    recall  f1-score   support

           W     0.9088    0.8316    0.8685       659
          N1     0.4933    0.7050    0.5805       417
          N2     0.8753    0.7718    0.8203      2038
          N3     0.7532    0.7374    0.7452       712
         REM     0.7752    0.8940    0.8304       868

    accuracy                         0.7916      4694
   macro avg     0.7612    0.7880    0.7690      4694
weighted avg     0.8091    0.7916    0.7962      4694


======================================================================
CONFUSION MATRIX OLUŞTURULUYOR
======================================================================

✓ Confusion matrix kaydedildi: outputs/runs/260217-0211_kfold/fold_2/confusion_matrix.png

Raw Confusion Matrix:
======================================================================
                   W        N1        N2        N3       REM
----------------------------------------------------------------------
         W       548       105         2         4         0
        N1        50       294        23         0        50
        N2         3       119      1573       168       175
        N3         0         2       185       525         0
       REM         2        76        14         0       776
======================================================================

======================================================================
CONFUSION MATRIX OLUŞTURULUYOR
======================================================================

✓ Confusion matrix kaydedildi: outputs/runs/260217-0211_kfold/fold_2/confusion_matrix_raw.png

Raw Confusion Matrix:
======================================================================
                   W        N1        N2        N3       REM
----------------------------------------------------------------------
         W       548       105         2         4         0
        N1        50       294        23         0        50
        N2         3       119      1573       168       175
        N3         0         2       185       525         0
       REM         2        76        14         0       776
======================================================================

======================================================================
PER-CLASS METRİK GRAFİĞİ OLUŞTURULUYOR
======================================================================

✓ Per-class metrics grafiği kaydedildi: outputs/runs/260217-0211_kfold/fold_2/per_class_metrics.png

======================================================================
HİPNOGRAMLAR OLUŞTURULUYOR (TEST HASTALARI)
======================================================================

  ST7062J0: 952 epoch (7.9 saat)
  ✓ ST7062J0 hipnogram kaydedildi: 16x8 inch
  ST7022J0: 944 epoch (7.9 saat)
  ✓ ST7022J0 hipnogram kaydedildi: 16x8 inch
  ST7071J0: 821 epoch (6.8 saat)
  ✓ ST7071J0 hipnogram kaydedildi: 16x8 inch
  ST7182J0: 967 epoch (8.1 saat)
  ✓ ST7182J0 hipnogram kaydedildi: 16.116666666666667x8 inch
  ST7212J0: 1010 epoch (8.4 saat)
  ✓ ST7212J0 hipnogram kaydedildi: 16.833333333333332x8 inch

✓ Test sonuçları kaydedildi: outputs/runs/260217-0211_kfold/fold_2/test_results.json

✓ Fold 2 Test Accuracy: 79.16%

######################################################################
# FOLD 3/4 EVALUATION
######################################################################


======================================================================
SPLIT YÜKLENDI (RUN DIRECTORY'DEN)
======================================================================
Train: 31 hasta (sadece bilgi - yüklenmeyecek)
Val:   8 hasta (sadece bilgi - yüklenmeyecek)
Test:  5 hasta (değerlendirme için yüklenecek)
======================================================================


======================================================================
TEST DATALOADER OLUŞTURULUYOR (SHARED CACHE)
======================================================================
Test hastaları: 5


======================================================================
EPOCH METADATA OLUŞTURULUYOR
======================================================================
  ST7062J0: 952 epoch eklendi
  ST7022J0: 944 epoch eklendi
  ST7071J0: 821 epoch eklendi
  ST7182J0: 967 epoch eklendi
  ST7212J0: 1010 epoch eklendi

======================================================================
TOPLAM: 4694 epoch

Sınıf dağılımı:
  W: 659 epoch (14.0%)
  N1: 417 epoch (8.9%)
  N2: 2038 epoch (43.4%)
  N3: 712 epoch (15.2%)
  REM: 868 epoch (18.5%)
======================================================================


⚠️ Balanced sampling kapalı - orijinal dağılım kullanılıyor

✓ Dataset oluşturuldu: 4694 epoch, 5 hasta
✓ Test DataLoader hazır (shared cache)!
  Test: 147 batch (4694 epoch)
======================================================================


======================================================================
MODEL YÜKLENİYOR
======================================================================


======================================================================
1D-CNN MODEL
======================================================================
Architecture:
  Input: [4, 3000]
  Conv1: 32 filters, kernel=50
  Conv2: 64 filters, kernel=25
  Conv3: 128 filters, kernel=10
  Flatten: 6016 features
  FC1: 256 units
  FC2 (output): 5 classes

Parameters:
  Total: 1,681,381
  Trainable: 1,681,381
======================================================================

✓ Checkpoint yüklendi: outputs/runs/260217-0211_kfold/fold_3/checkpoints/best_model.pth
  Epoch: 8
  Best val loss: 0.5878
  Best val acc: 79.05%

======================================================================
TEST SET DEĞERLENDİRMESİ
======================================================================

  Batch [10/147] işlendi
  Batch [20/147] işlendi
  Batch [30/147] işlendi
  Batch [40/147] işlendi
  Batch [50/147] işlendi
  Batch [60/147] işlendi
  Batch [70/147] işlendi
  Batch [80/147] işlendi
  Batch [90/147] işlendi
  Batch [100/147] işlendi
  Batch [110/147] işlendi
  Batch [120/147] işlendi
  Batch [130/147] işlendi
  Batch [140/147] işlendi

======================================================================
GENEL SONUÇLAR
======================================================================
Toplam test epoch'u: 4694
Doğru tahmin: 3819
Overall Accuracy: 81.36%
======================================================================


======================================================================
DETAYLI METRİKLER
======================================================================

Overall Accuracy: 81.36%
Cohen's Kappa: 0.7471

======================================================================
PER-CLASS METRİKLER
======================================================================
Class      Precision    Recall       F1-Score     Support   
----------------------------------------------------------------------
W          0.8858       0.9302       0.9075       659       
N1         0.5593       0.6451       0.5991       417       
N2         0.8709       0.7978       0.8328       2038      
N3         0.7896       0.7275       0.7573       712       
REM        0.7946       0.9136       0.8499       868       
----------------------------------------------------------------------
Macro Avg  0.7800       0.8028       0.7893       4694      
======================================================================


Scikit-learn Classification Report:
======================================================================
              precision    recall  f1-score   support

           W     0.8858    0.9302    0.9075       659
          N1     0.5593    0.6451    0.5991       417
          N2     0.8709    0.7978    0.8328      2038
          N3     0.7896    0.7275    0.7573       712
         REM     0.7946    0.9136    0.8499       868

    accuracy                         0.8136      4694
   macro avg     0.7800    0.8028    0.7893      4694
weighted avg     0.8189    0.8136    0.8142      4694


======================================================================
CONFUSION MATRIX OLUŞTURULUYOR
======================================================================

✓ Confusion matrix kaydedildi: outputs/runs/260217-0211_kfold/fold_3/confusion_matrix.png

Raw Confusion Matrix:
======================================================================
                   W        N1        N2        N3       REM
----------------------------------------------------------------------
         W       613        40         1         0         5
        N1        68       269        25         0        55
        N2         6       126      1626       138       142
        N3         1         3       187       518         3
       REM         4        43        28         0       793
======================================================================

======================================================================
CONFUSION MATRIX OLUŞTURULUYOR
======================================================================

✓ Confusion matrix kaydedildi: outputs/runs/260217-0211_kfold/fold_3/confusion_matrix_raw.png

Raw Confusion Matrix:
======================================================================
                   W        N1        N2        N3       REM
----------------------------------------------------------------------
         W       613        40         1         0         5
        N1        68       269        25         0        55
        N2         6       126      1626       138       142
        N3         1         3       187       518         3
       REM         4        43        28         0       793
======================================================================

======================================================================
PER-CLASS METRİK GRAFİĞİ OLUŞTURULUYOR
======================================================================

✓ Per-class metrics grafiği kaydedildi: outputs/runs/260217-0211_kfold/fold_3/per_class_metrics.png

======================================================================
HİPNOGRAMLAR OLUŞTURULUYOR (TEST HASTALARI)
======================================================================

  ST7062J0: 952 epoch (7.9 saat)
  ✓ ST7062J0 hipnogram kaydedildi: 16x8 inch
  ST7022J0: 944 epoch (7.9 saat)
  ✓ ST7022J0 hipnogram kaydedildi: 16x8 inch
  ST7071J0: 821 epoch (6.8 saat)
  ✓ ST7071J0 hipnogram kaydedildi: 16x8 inch
  ST7182J0: 967 epoch (8.1 saat)
  ✓ ST7182J0 hipnogram kaydedildi: 16.116666666666667x8 inch
  ST7212J0: 1010 epoch (8.4 saat)
  ✓ ST7212J0 hipnogram kaydedildi: 16.833333333333332x8 inch

✓ Test sonuçları kaydedildi: outputs/runs/260217-0211_kfold/fold_3/test_results.json

✓ Fold 3 Test Accuracy: 81.36%

######################################################################
# FOLD 4/4 EVALUATION
######################################################################


======================================================================
SPLIT YÜKLENDI (RUN DIRECTORY'DEN)
======================================================================
Train: 32 hasta (sadece bilgi - yüklenmeyecek)
Val:   7 hasta (sadece bilgi - yüklenmeyecek)
Test:  5 hasta (değerlendirme için yüklenecek)
======================================================================


======================================================================
TEST DATALOADER OLUŞTURULUYOR (SHARED CACHE)
======================================================================
Test hastaları: 5


======================================================================
EPOCH METADATA OLUŞTURULUYOR
======================================================================
  ST7062J0: 952 epoch eklendi
  ST7022J0: 944 epoch eklendi
  ST7071J0: 821 epoch eklendi
  ST7182J0: 967 epoch eklendi
  ST7212J0: 1010 epoch eklendi

======================================================================
TOPLAM: 4694 epoch

Sınıf dağılımı:
  W: 659 epoch (14.0%)
  N1: 417 epoch (8.9%)
  N2: 2038 epoch (43.4%)
  N3: 712 epoch (15.2%)
  REM: 868 epoch (18.5%)
======================================================================


⚠️ Balanced sampling kapalı - orijinal dağılım kullanılıyor

✓ Dataset oluşturuldu: 4694 epoch, 5 hasta
✓ Test DataLoader hazır (shared cache)!
  Test: 147 batch (4694 epoch)
======================================================================


======================================================================
MODEL YÜKLENİYOR
======================================================================


======================================================================
1D-CNN MODEL
======================================================================
Architecture:
  Input: [4, 3000]
  Conv1: 32 filters, kernel=50
  Conv2: 64 filters, kernel=25
  Conv3: 128 filters, kernel=10
  Flatten: 6016 features
  FC1: 256 units
  FC2 (output): 5 classes

Parameters:
  Total: 1,681,381
  Trainable: 1,681,381
======================================================================

✓ Checkpoint yüklendi: outputs/runs/260217-0211_kfold/fold_4/checkpoints/best_model.pth
  Epoch: 7
  Best val loss: 0.6075
  Best val acc: 76.48%

======================================================================
TEST SET DEĞERLENDİRMESİ
======================================================================

  Batch [10/147] işlendi
  Batch [20/147] işlendi
  Batch [30/147] işlendi
  Batch [40/147] işlendi
  Batch [50/147] işlendi
  Batch [60/147] işlendi
  Batch [70/147] işlendi
  Batch [80/147] işlendi
  Batch [90/147] işlendi
  Batch [100/147] işlendi
  Batch [110/147] işlendi
  Batch [120/147] işlendi
  Batch [130/147] işlendi
  Batch [140/147] işlendi

======================================================================
GENEL SONUÇLAR
======================================================================
Toplam test epoch'u: 4694
Doğru tahmin: 3762
Overall Accuracy: 80.14%
======================================================================


======================================================================
DETAYLI METRİKLER
======================================================================

Overall Accuracy: 80.14%
Cohen's Kappa: 0.7319

======================================================================
PER-CLASS METRİKLER
======================================================================
Class      Precision    Recall       F1-Score     Support   
----------------------------------------------------------------------
W          0.9212       0.9044       0.9127       659       
N1         0.4977       0.7650       0.6030       417       
N2         0.8688       0.7895       0.8272       2038      
N3         0.7598       0.7107       0.7344       712       
REM        0.8243       0.8433       0.8337       868       
----------------------------------------------------------------------
Macro Avg  0.7743       0.8026       0.7822       4694      
======================================================================


Scikit-learn Classification Report:
======================================================================
              precision    recall  f1-score   support

           W     0.9212    0.9044    0.9127       659
          N1     0.4977    0.7650    0.6030       417
          N2     0.8688    0.7895    0.8272      2038
          N3     0.7598    0.7107    0.7344       712
         REM     0.8243    0.8433    0.8337       868

    accuracy                         0.8014      4694
   macro avg     0.7743    0.8026    0.7822      4694
weighted avg     0.8184    0.8014    0.8064      4694


======================================================================
CONFUSION MATRIX OLUŞTURULUYOR
======================================================================

✓ Confusion matrix kaydedildi: outputs/runs/260217-0211_kfold/fold_4/confusion_matrix.png

Raw Confusion Matrix:
======================================================================
                   W        N1        N2        N3       REM
----------------------------------------------------------------------
         W       596        60         0         0         3
        N1        39       319        20         1        38
        N2         3       152      1609       159       115
        N3         0         2       204       506         0
       REM         9       108        19         0       732
======================================================================

======================================================================
CONFUSION MATRIX OLUŞTURULUYOR
======================================================================

✓ Confusion matrix kaydedildi: outputs/runs/260217-0211_kfold/fold_4/confusion_matrix_raw.png

Raw Confusion Matrix:
======================================================================
                   W        N1        N2        N3       REM
----------------------------------------------------------------------
         W       596        60         0         0         3
        N1        39       319        20         1        38
        N2         3       152      1609       159       115
        N3         0         2       204       506         0
       REM         9       108        19         0       732
======================================================================

======================================================================
PER-CLASS METRİK GRAFİĞİ OLUŞTURULUYOR
======================================================================

✓ Per-class metrics grafiği kaydedildi: outputs/runs/260217-0211_kfold/fold_4/per_class_metrics.png

======================================================================
HİPNOGRAMLAR OLUŞTURULUYOR (TEST HASTALARI)
======================================================================

  ST7062J0: 952 epoch (7.9 saat)
  ✓ ST7062J0 hipnogram kaydedildi: 16x8 inch
  ST7022J0: 944 epoch (7.9 saat)
  ✓ ST7022J0 hipnogram kaydedildi: 16x8 inch
  ST7071J0: 821 epoch (6.8 saat)
  ✓ ST7071J0 hipnogram kaydedildi: 16x8 inch
  ST7182J0: 967 epoch (8.1 saat)
  ✓ ST7182J0 hipnogram kaydedildi: 16.116666666666667x8 inch
  ST7212J0: 1010 epoch (8.4 saat)
  ✓ ST7212J0 hipnogram kaydedildi: 16.833333333333332x8 inch

✓ Test sonuçları kaydedildi: outputs/runs/260217-0211_kfold/fold_4/test_results.json

✓ Fold 4 Test Accuracy: 80.14%

======================================================================
K-FOLD EVALUATION TAMAMLANDI!
======================================================================

📊 TEST SONUÇLARI (5 fold):
  Fold 0: Test Acc = 82.19%
  Fold 1: Test Acc = 80.95%
  Fold 2: Test Acc = 79.16%
  Fold 3: Test Acc = 81.36%
  Fold 4: Test Acc = 80.14%

  Ortalama Test Acc: 80.76% ± 1.04%
======================================================================

✓ kfold_summary.json güncellendi (test sonuçları eklendi)
✓ Shared signal cache temizlendi
