
======================================================================
EVALUATION - RUN: 260223-1807_kfold
======================================================================
Run directory: outputs/runs/260223-1807_kfold
======================================================================


======================================================================
SLEEP STAGE CLASSIFICATION - CONFIGURATION
======================================================================

📊 DATA:
  Channels: ['EEG Fpz-Cz', 'EEG Pz-Oz', 'EOG horizontal', 'EMG submental']
  Sample rate: 100 Hz
  Samples per epoch: 3000
  Classes: ['W', 'N1', 'N2', 'N3', 'REM']

🔀 SPLIT:
  Train: 34 patients
  Val: 5 patients
  Test: 5 patients

🏗️  MODEL:
  Type: cnn1d
  Architecture: 1D-CNN

⚙️  TRAINING:
  Database: physionet_sleep
  Batch size: 32
  Learning rate: 0.001
  Epochs: 50
  Optimizer: Adam
  Weight decay: 0.0001
  Dropout: 0.3
  Loss function: CrossEntropyLoss
  Balance strategy: none
  Early stopping: True

🔧 PREPROCESSING:
  Normalization: z-score
  Filtering: True
  Augmentation: True

💻 DEVICE:
  CUDA available: True
  Device: cuda

📁 OUTPUT:
  Directory: outputs

======================================================================

Offline modda hasta listesi alınıyor...
✓ Toplam 44 hasta bulundu

Stage verileri cache'e yükleniyor...

======================================================================
OFFLINE VERİLER CACHE'E YÜKLENİYOR (.npz)
======================================================================
Kaynak: /mnt/ssd2/2.SLEEP STAGING/1.DATA/physionet_sleep/sleep-edf-database-expanded-1.0.0/sleep-telemetry/offline_data/physionet_sleep
Hasta sayısı: 44
----------------------------------------------------------------------
[1/44] ST7011J0: 1092 epoch ✓
[2/44] ST7012J0: 1040 epoch ✓
[3/44] ST7021J0: 920 epoch ✓
[4/44] ST7022J0: 944 epoch ✓
[5/44] ST7041J0: 1007 epoch ✓
[6/44] ST7042J0: 1130 epoch ✓
[7/44] ST7051J0: 1018 epoch ✓
[8/44] ST7052J0: 1034 epoch ✓
[9/44] ST7061J0: 1008 epoch ✓
[10/44] ST7062J0: 952 epoch ✓
[11/44] ST7071J0: 821 epoch ✓
[12/44] ST7072J0: 915 epoch ✓
[13/44] ST7081J0: 967 epoch ✓
[14/44] ST7082J0: 931 epoch ✓
[15/44] ST7091J0: 943 epoch ✓
[16/44] ST7092J0: 923 epoch ✓
[17/44] ST7101J0: 1042 epoch ✓
[18/44] ST7102J0: 980 epoch ✓
[19/44] ST7111J0: 1017 epoch ✓
[20/44] ST7112J0: 978 epoch ✓
[21/44] ST7121J0: 1026 epoch ✓
[22/44] ST7122J0: 945 epoch ✓
[23/44] ST7131J0: 859 epoch ✓
[24/44] ST7132J0: 852 epoch ✓
[25/44] ST7141J0: 858 epoch ✓
[26/44] ST7142J0: 873 epoch ✓
[27/44] ST7151J0: 897 epoch ✓
[28/44] ST7152J0: 1045 epoch ✓
[29/44] ST7161J0: 1057 epoch ✓
[30/44] ST7162J0: 988 epoch ✓
[31/44] ST7171J0: 965 epoch ✓
[32/44] ST7172J0: 1006 epoch ✓
[33/44] ST7181J0: 959 epoch ✓
[34/44] ST7182J0: 967 epoch ✓
[35/44] ST7191J0: 955 epoch ✓
[36/44] ST7192J0: 931 epoch ✓
[37/44] ST7201J0: 922 epoch ✓
[38/44] ST7202J0: 898 epoch ✓
[39/44] ST7211J0: 1077 epoch ✓
[40/44] ST7212J0: 1010 epoch ✓
[41/44] ST7221J0: 1033 epoch ✓
[42/44] ST7222J0: 951 epoch ✓
[43/44] ST7241J0: 1021 epoch ✓
[44/44] ST7242J0: 939 epoch ✓

======================================================================
OFFLINE CACHE HAZIR!
  Yüklenen hasta: 44/44
  Stage cache: 44 hasta
  Sinyal cache: 176 (patient, channel) çifti
  Sinyal bellek: 1.91 GB
======================================================================

✓ 44 hasta cache'de


======================================================================
K-FOLD EVALUATION MODU (5 fold)
======================================================================


======================================================================
TÜM FOLD'LAR İÇİN SİNYAL VERİLERİ TEK SEFERDE YÜKLENİYOR
Toplam benzersiz test hastası: 5
======================================================================


======================================================================
TÜM SİNYAL VERİLERİ YÜKLENIYOR (SHARED CACHE)
======================================================================
Toplam hasta: 5
Kanallar: ['EEG Fpz-Cz', 'EEG Pz-Oz', 'EOG horizontal', 'EMG submental']


======================================================================
EPOCH METADATA OLUŞTURULUYOR
======================================================================
  ST7022J0: 944 epoch eklendi
  ST7062J0: 952 epoch eklendi
  ST7071J0: 821 epoch eklendi
  ST7182J0: 967 epoch eklendi
  ST7212J0: 1010 epoch eklendi

======================================================================
TOPLAM: 4694 epoch

Sınıf dağılımı:
  W: 659 epoch (14.0%)
  N1: 417 epoch (8.9%)
  N2: 2038 epoch (43.4%)
  N3: 712 epoch (15.2%)
  REM: 868 epoch (18.5%)
======================================================================


⚠️ Balanced sampling kapalı - orijinal dağılım kullanılıyor


======================================================================
RAM CACHE OLUŞTURULUYOR - TÜM VERİLER YÜKLENİYOR
Kaynak: Offline (.npz dosyaları)
======================================================================
Toplam epoch: 4694
Kanal sayısı: 4
Tahmini boyut: ~0.21 GB
======================================================================

Veri yükleniyor:   0%|          | 0/18776 [00:00<?, ?epoch-kanal/s]Veri yükleniyor:  63%|██████▎   | 11866/18776 [00:00<00:00, 118655.87epoch-kanal/s]Veri yükleniyor: 100%|██████████| 18776/18776 [00:00<00:00, 118894.65epoch-kanal/s]

======================================================================
✓ RAM CACHE HAZIR!
======================================================================
Cache'deki veri sayısı: 18,776
Toplam bellek kullanımı: 0.21 GB
======================================================================

✓ Dataset oluşturuldu: 4694 epoch, 5 hasta

======================================================================
✓ SHARED CACHE HAZIR!
  Toplam sinyal: 18,776
  Bellek kullanımı: 0.21 GB
======================================================================


######################################################################
# FOLD 0/4 EVALUATION
######################################################################


======================================================================
SPLIT YÜKLENDI (RUN DIRECTORY'DEN)
======================================================================
Train: 31 hasta (sadece bilgi - yüklenmeyecek)
Val:   8 hasta (sadece bilgi - yüklenmeyecek)
Test:  5 hasta (değerlendirme için yüklenecek)
======================================================================


======================================================================
TEST DATALOADER OLUŞTURULUYOR (SHARED CACHE)
======================================================================
Test hastaları: 5


======================================================================
EPOCH METADATA OLUŞTURULUYOR
======================================================================
  ST7062J0: 952 epoch eklendi
  ST7022J0: 944 epoch eklendi
  ST7071J0: 821 epoch eklendi
  ST7182J0: 967 epoch eklendi
  ST7212J0: 1010 epoch eklendi

======================================================================
TOPLAM: 4694 epoch

Sınıf dağılımı:
  W: 659 epoch (14.0%)
  N1: 417 epoch (8.9%)
  N2: 2038 epoch (43.4%)
  N3: 712 epoch (15.2%)
  REM: 868 epoch (18.5%)
======================================================================


⚠️ Balanced sampling kapalı - orijinal dağılım kullanılıyor

✓ Dataset oluşturuldu: 4694 epoch, 5 hasta
✓ Test DataLoader hazır (shared cache)!
  Test: 147 batch (4694 epoch)
======================================================================


======================================================================
MODEL YÜKLENİYOR
======================================================================


======================================================================
1D-CNN MODEL
======================================================================
Architecture:
  Input: [4, 3000]
  Conv1: 32 filters, kernel=50
  Conv2: 64 filters, kernel=25
  Conv3: 128 filters, kernel=10
  Flatten: 6016 features
  FC1: 256 units
  FC2 (output): 5 classes

Parameters:
  Total: 1,681,381
  Trainable: 1,681,381
======================================================================

✓ Checkpoint yüklendi: outputs/runs/260223-1807_kfold/fold_0/checkpoints/best_model.pth
  Epoch: 18
  Best val loss: 0.4937
  Best val acc: 84.44%

======================================================================
TEST SET DEĞERLENDİRMESİ
======================================================================

  Batch [10/147] işlendi
  Batch [20/147] işlendi
  Batch [30/147] işlendi
  Batch [40/147] işlendi
  Batch [50/147] işlendi
  Batch [60/147] işlendi
  Batch [70/147] işlendi
  Batch [80/147] işlendi
  Batch [90/147] işlendi
  Batch [100/147] işlendi
  Batch [110/147] işlendi
  Batch [120/147] işlendi
  Batch [130/147] işlendi
  Batch [140/147] işlendi

======================================================================
GENEL SONUÇLAR
======================================================================
Toplam test epoch'u: 4694
Doğru tahmin: 3831
Overall Accuracy: 81.61%
======================================================================


======================================================================
DETAYLI METRİKLER
======================================================================

Overall Accuracy: 81.61%
Cohen's Kappa: 0.7497

======================================================================
PER-CLASS METRİKLER
======================================================================
Class      Precision    Recall       F1-Score     Support   
----------------------------------------------------------------------
W          0.9067       0.8998       0.9033       659       
N1         0.5475       0.7050       0.6164       417       
N2         0.8616       0.8155       0.8379       2038      
N3         0.7667       0.7107       0.7376       712       
REM        0.8490       0.8940       0.8709       868       
----------------------------------------------------------------------
Macro Avg  0.7863       0.8050       0.7932       4694      
======================================================================


Scikit-learn Classification Report:
======================================================================
              precision    recall  f1-score   support

           W     0.9067    0.8998    0.9033       659
          N1     0.5475    0.7050    0.6164       417
          N2     0.8616    0.8155    0.8379      2038
          N3     0.7667    0.7107    0.7376       712
         REM     0.8490    0.8940    0.8709       868

    accuracy                         0.8161      4694
   macro avg     0.7863    0.8050    0.7932      4694
weighted avg     0.8233    0.8161    0.8183      4694


======================================================================
CONFUSION MATRIX OLUŞTURULUYOR
======================================================================

✓ Confusion matrix kaydedildi: outputs/runs/260223-1807_kfold/fold_0/confusion_matrix.png

Raw Confusion Matrix:
======================================================================
                   W        N1        N2        N3       REM
----------------------------------------------------------------------
         W       593        61         2         0         3
        N1        53       294        31         1        38
        N2         5       124      1662       153        94
        N3         0         1       202       506         3
       REM         3        57        32         0       776
======================================================================

======================================================================
CONFUSION MATRIX OLUŞTURULUYOR
======================================================================

✓ Confusion matrix kaydedildi: outputs/runs/260223-1807_kfold/fold_0/confusion_matrix_raw.png

Raw Confusion Matrix:
======================================================================
                   W        N1        N2        N3       REM
----------------------------------------------------------------------
         W       593        61         2         0         3
        N1        53       294        31         1        38
        N2         5       124      1662       153        94
        N3         0         1       202       506         3
       REM         3        57        32         0       776
======================================================================

======================================================================
PER-CLASS METRİK GRAFİĞİ OLUŞTURULUYOR
======================================================================

✓ Per-class metrics grafiği kaydedildi: outputs/runs/260223-1807_kfold/fold_0/per_class_metrics.png

======================================================================
HİPNOGRAMLAR OLUŞTURULUYOR (TEST HASTALARI)
======================================================================

  ST7062J0: 952 epoch (7.9 saat)
  ✓ ST7062J0 hipnogram kaydedildi: 16x8 inch
  ST7022J0: 944 epoch (7.9 saat)
  ✓ ST7022J0 hipnogram kaydedildi: 16x8 inch
  ST7071J0: 821 epoch (6.8 saat)
  ✓ ST7071J0 hipnogram kaydedildi: 16x8 inch
  ST7182J0: 967 epoch (8.1 saat)
  ✓ ST7182J0 hipnogram kaydedildi: 16.116666666666667x8 inch
  ST7212J0: 1010 epoch (8.4 saat)
  ✓ ST7212J0 hipnogram kaydedildi: 16.833333333333332x8 inch

✓ Test sonuçları kaydedildi: outputs/runs/260223-1807_kfold/fold_0/test_results.json

✓ Fold 0 Test Accuracy: 81.61%

######################################################################
# FOLD 1/4 EVALUATION
######################################################################


======================================================================
SPLIT YÜKLENDI (RUN DIRECTORY'DEN)
======================================================================
Train: 31 hasta (sadece bilgi - yüklenmeyecek)
Val:   8 hasta (sadece bilgi - yüklenmeyecek)
Test:  5 hasta (değerlendirme için yüklenecek)
======================================================================


======================================================================
TEST DATALOADER OLUŞTURULUYOR (SHARED CACHE)
======================================================================
Test hastaları: 5


======================================================================
EPOCH METADATA OLUŞTURULUYOR
======================================================================
  ST7062J0: 952 epoch eklendi
  ST7022J0: 944 epoch eklendi
  ST7071J0: 821 epoch eklendi
  ST7182J0: 967 epoch eklendi
  ST7212J0: 1010 epoch eklendi

======================================================================
TOPLAM: 4694 epoch

Sınıf dağılımı:
  W: 659 epoch (14.0%)
  N1: 417 epoch (8.9%)
  N2: 2038 epoch (43.4%)
  N3: 712 epoch (15.2%)
  REM: 868 epoch (18.5%)
======================================================================


⚠️ Balanced sampling kapalı - orijinal dağılım kullanılıyor

✓ Dataset oluşturuldu: 4694 epoch, 5 hasta
✓ Test DataLoader hazır (shared cache)!
  Test: 147 batch (4694 epoch)
======================================================================


======================================================================
MODEL YÜKLENİYOR
======================================================================


======================================================================
1D-CNN MODEL
======================================================================
Architecture:
  Input: [4, 3000]
  Conv1: 32 filters, kernel=50
  Conv2: 64 filters, kernel=25
  Conv3: 128 filters, kernel=10
  Flatten: 6016 features
  FC1: 256 units
  FC2 (output): 5 classes

Parameters:
  Total: 1,681,381
  Trainable: 1,681,381
======================================================================

✓ Checkpoint yüklendi: outputs/runs/260223-1807_kfold/fold_1/checkpoints/best_model.pth
  Epoch: 10
  Best val loss: 0.4800
  Best val acc: 82.87%

======================================================================
TEST SET DEĞERLENDİRMESİ
======================================================================

  Batch [10/147] işlendi
  Batch [20/147] işlendi
  Batch [30/147] işlendi
  Batch [40/147] işlendi
  Batch [50/147] işlendi
  Batch [60/147] işlendi
  Batch [70/147] işlendi
  Batch [80/147] işlendi
  Batch [90/147] işlendi
  Batch [100/147] işlendi
  Batch [110/147] işlendi
  Batch [120/147] işlendi
  Batch [130/147] işlendi
  Batch [140/147] işlendi

======================================================================
GENEL SONUÇLAR
======================================================================
Toplam test epoch'u: 4694
Doğru tahmin: 3797
Overall Accuracy: 80.89%
======================================================================


======================================================================
DETAYLI METRİKLER
======================================================================

Overall Accuracy: 80.89%
Cohen's Kappa: 0.7417

======================================================================
PER-CLASS METRİKLER
======================================================================
Class      Precision    Recall       F1-Score     Support   
----------------------------------------------------------------------
W          0.8787       0.9560       0.9157       659       
N1         0.5062       0.6811       0.5808       417       
N2         0.8705       0.7885       0.8275       2038      
N3         0.7831       0.7149       0.7474       712       
REM        0.8337       0.8836       0.8579       868       
----------------------------------------------------------------------
Macro Avg  0.7744       0.8048       0.7859       4694      
======================================================================


Scikit-learn Classification Report:
======================================================================
              precision    recall  f1-score   support

           W     0.8787    0.9560    0.9157       659
          N1     0.5062    0.6811    0.5808       417
          N2     0.8705    0.7885    0.8275      2038
          N3     0.7831    0.7149    0.7474       712
         REM     0.8337    0.8836    0.8579       868

    accuracy                         0.8089      4694
   macro avg     0.7744    0.8048    0.7859      4694
weighted avg     0.8192    0.8089    0.8114      4694


======================================================================
CONFUSION MATRIX OLUŞTURULUYOR
======================================================================

✓ Confusion matrix kaydedildi: outputs/runs/260223-1807_kfold/fold_1/confusion_matrix.png

Raw Confusion Matrix:
======================================================================
                   W        N1        N2        N3       REM
----------------------------------------------------------------------
         W       630        28         0         0         1
        N1        70       284        17         1        45
        N2        10       175      1607       140       106
        N3         0         2       200       509         1
       REM         7        72        22         0       767
======================================================================

======================================================================
CONFUSION MATRIX OLUŞTURULUYOR
======================================================================

✓ Confusion matrix kaydedildi: outputs/runs/260223-1807_kfold/fold_1/confusion_matrix_raw.png

Raw Confusion Matrix:
======================================================================
                   W        N1        N2        N3       REM
----------------------------------------------------------------------
         W       630        28         0         0         1
        N1        70       284        17         1        45
        N2        10       175      1607       140       106
        N3         0         2       200       509         1
       REM         7        72        22         0       767
======================================================================

======================================================================
PER-CLASS METRİK GRAFİĞİ OLUŞTURULUYOR
======================================================================

✓ Per-class metrics grafiği kaydedildi: outputs/runs/260223-1807_kfold/fold_1/per_class_metrics.png

======================================================================
HİPNOGRAMLAR OLUŞTURULUYOR (TEST HASTALARI)
======================================================================

  ST7062J0: 952 epoch (7.9 saat)
  ✓ ST7062J0 hipnogram kaydedildi: 16x8 inch
  ST7022J0: 944 epoch (7.9 saat)
  ✓ ST7022J0 hipnogram kaydedildi: 16x8 inch
  ST7071J0: 821 epoch (6.8 saat)
  ✓ ST7071J0 hipnogram kaydedildi: 16x8 inch
  ST7182J0: 967 epoch (8.1 saat)
  ✓ ST7182J0 hipnogram kaydedildi: 16.116666666666667x8 inch
  ST7212J0: 1010 epoch (8.4 saat)
  ✓ ST7212J0 hipnogram kaydedildi: 16.833333333333332x8 inch

✓ Test sonuçları kaydedildi: outputs/runs/260223-1807_kfold/fold_1/test_results.json

✓ Fold 1 Test Accuracy: 80.89%

######################################################################
# FOLD 2/4 EVALUATION
######################################################################


======================================================================
SPLIT YÜKLENDI (RUN DIRECTORY'DEN)
======================================================================
Train: 31 hasta (sadece bilgi - yüklenmeyecek)
Val:   8 hasta (sadece bilgi - yüklenmeyecek)
Test:  5 hasta (değerlendirme için yüklenecek)
======================================================================


======================================================================
TEST DATALOADER OLUŞTURULUYOR (SHARED CACHE)
======================================================================
Test hastaları: 5


======================================================================
EPOCH METADATA OLUŞTURULUYOR
======================================================================
  ST7062J0: 952 epoch eklendi
  ST7022J0: 944 epoch eklendi
  ST7071J0: 821 epoch eklendi
  ST7182J0: 967 epoch eklendi
  ST7212J0: 1010 epoch eklendi

======================================================================
TOPLAM: 4694 epoch

Sınıf dağılımı:
  W: 659 epoch (14.0%)
  N1: 417 epoch (8.9%)
  N2: 2038 epoch (43.4%)
  N3: 712 epoch (15.2%)
  REM: 868 epoch (18.5%)
======================================================================


⚠️ Balanced sampling kapalı - orijinal dağılım kullanılıyor

✓ Dataset oluşturuldu: 4694 epoch, 5 hasta
✓ Test DataLoader hazır (shared cache)!
  Test: 147 batch (4694 epoch)
======================================================================


======================================================================
MODEL YÜKLENİYOR
======================================================================


======================================================================
1D-CNN MODEL
======================================================================
Architecture:
  Input: [4, 3000]
  Conv1: 32 filters, kernel=50
  Conv2: 64 filters, kernel=25
  Conv3: 128 filters, kernel=10
  Flatten: 6016 features
  FC1: 256 units
  FC2 (output): 5 classes

Parameters:
  Total: 1,681,381
  Trainable: 1,681,381
======================================================================

✓ Checkpoint yüklendi: outputs/runs/260223-1807_kfold/fold_2/checkpoints/best_model.pth
  Epoch: 10
  Best val loss: 0.5958
  Best val acc: 79.49%

======================================================================
TEST SET DEĞERLENDİRMESİ
======================================================================

  Batch [10/147] işlendi
  Batch [20/147] işlendi
  Batch [30/147] işlendi
  Batch [40/147] işlendi
  Batch [50/147] işlendi
  Batch [60/147] işlendi
  Batch [70/147] işlendi
  Batch [80/147] işlendi
  Batch [90/147] işlendi
  Batch [100/147] işlendi
  Batch [110/147] işlendi
  Batch [120/147] işlendi
  Batch [130/147] işlendi
  Batch [140/147] işlendi

======================================================================
GENEL SONUÇLAR
======================================================================
Toplam test epoch'u: 4694
Doğru tahmin: 3549
Overall Accuracy: 75.61%
======================================================================


======================================================================
DETAYLI METRİKLER
======================================================================

Overall Accuracy: 75.61%
Cohen's Kappa: 0.6793

======================================================================
PER-CLASS METRİKLER
======================================================================
Class      Precision    Recall       F1-Score     Support   
----------------------------------------------------------------------
W          0.9061       0.8786       0.8921       659       
N1         0.3761       0.7458       0.5000       417       
N2         0.8710       0.6658       0.7547       2038      
N3         0.7257       0.7430       0.7342       712       
REM        0.8215       0.8906       0.8546       868       
----------------------------------------------------------------------
Macro Avg  0.7401       0.7848       0.7471       4694      
======================================================================


Scikit-learn Classification Report:
======================================================================
              precision    recall  f1-score   support

           W     0.9061    0.8786    0.8921       659
          N1     0.3761    0.7458    0.5000       417
          N2     0.8710    0.6658    0.7547      2038
          N3     0.7257    0.7430    0.7342       712
         REM     0.8215    0.8906    0.8546       868

    accuracy                         0.7561      4694
   macro avg     0.7401    0.7848    0.7471      4694
weighted avg     0.8007    0.7561    0.7667      4694


======================================================================
CONFUSION MATRIX OLUŞTURULUYOR
======================================================================

✓ Confusion matrix kaydedildi: outputs/runs/260223-1807_kfold/fold_2/confusion_matrix.png

Raw Confusion Matrix:
======================================================================
                   W        N1        N2        N3       REM
----------------------------------------------------------------------
         W       579        77         1         1         1
        N1        54       311         8         1        43
        N2         5       355      1357       198       123
        N3         0         3       179       529         1
       REM         1        81        13         0       773
======================================================================

======================================================================
CONFUSION MATRIX OLUŞTURULUYOR
======================================================================

✓ Confusion matrix kaydedildi: outputs/runs/260223-1807_kfold/fold_2/confusion_matrix_raw.png

Raw Confusion Matrix:
======================================================================
                   W        N1        N2        N3       REM
----------------------------------------------------------------------
         W       579        77         1         1         1
        N1        54       311         8         1        43
        N2         5       355      1357       198       123
        N3         0         3       179       529         1
       REM         1        81        13         0       773
======================================================================

======================================================================
PER-CLASS METRİK GRAFİĞİ OLUŞTURULUYOR
======================================================================

✓ Per-class metrics grafiği kaydedildi: outputs/runs/260223-1807_kfold/fold_2/per_class_metrics.png

======================================================================
HİPNOGRAMLAR OLUŞTURULUYOR (TEST HASTALARI)
======================================================================

  ST7062J0: 952 epoch (7.9 saat)
  ✓ ST7062J0 hipnogram kaydedildi: 16x8 inch
  ST7022J0: 944 epoch (7.9 saat)
  ✓ ST7022J0 hipnogram kaydedildi: 16x8 inch
  ST7071J0: 821 epoch (6.8 saat)
  ✓ ST7071J0 hipnogram kaydedildi: 16x8 inch
  ST7182J0: 967 epoch (8.1 saat)
  ✓ ST7182J0 hipnogram kaydedildi: 16.116666666666667x8 inch
  ST7212J0: 1010 epoch (8.4 saat)
  ✓ ST7212J0 hipnogram kaydedildi: 16.833333333333332x8 inch

✓ Test sonuçları kaydedildi: outputs/runs/260223-1807_kfold/fold_2/test_results.json

✓ Fold 2 Test Accuracy: 75.61%

######################################################################
# FOLD 3/4 EVALUATION
######################################################################


======================================================================
SPLIT YÜKLENDI (RUN DIRECTORY'DEN)
======================================================================
Train: 31 hasta (sadece bilgi - yüklenmeyecek)
Val:   8 hasta (sadece bilgi - yüklenmeyecek)
Test:  5 hasta (değerlendirme için yüklenecek)
======================================================================


======================================================================
TEST DATALOADER OLUŞTURULUYOR (SHARED CACHE)
======================================================================
Test hastaları: 5


======================================================================
EPOCH METADATA OLUŞTURULUYOR
======================================================================
  ST7062J0: 952 epoch eklendi
  ST7022J0: 944 epoch eklendi
  ST7071J0: 821 epoch eklendi
  ST7182J0: 967 epoch eklendi
  ST7212J0: 1010 epoch eklendi

======================================================================
TOPLAM: 4694 epoch

Sınıf dağılımı:
  W: 659 epoch (14.0%)
  N1: 417 epoch (8.9%)
  N2: 2038 epoch (43.4%)
  N3: 712 epoch (15.2%)
  REM: 868 epoch (18.5%)
======================================================================


⚠️ Balanced sampling kapalı - orijinal dağılım kullanılıyor

✓ Dataset oluşturuldu: 4694 epoch, 5 hasta
✓ Test DataLoader hazır (shared cache)!
  Test: 147 batch (4694 epoch)
======================================================================


======================================================================
MODEL YÜKLENİYOR
======================================================================


======================================================================
1D-CNN MODEL
======================================================================
Architecture:
  Input: [4, 3000]
  Conv1: 32 filters, kernel=50
  Conv2: 64 filters, kernel=25
  Conv3: 128 filters, kernel=10
  Flatten: 6016 features
  FC1: 256 units
  FC2 (output): 5 classes

Parameters:
  Total: 1,681,381
  Trainable: 1,681,381
======================================================================

✓ Checkpoint yüklendi: outputs/runs/260223-1807_kfold/fold_3/checkpoints/best_model.pth
  Epoch: 8
  Best val loss: 0.5659
  Best val acc: 78.39%

======================================================================
TEST SET DEĞERLENDİRMESİ
======================================================================

  Batch [10/147] işlendi
  Batch [20/147] işlendi
  Batch [30/147] işlendi
  Batch [40/147] işlendi
  Batch [50/147] işlendi
  Batch [60/147] işlendi
  Batch [70/147] işlendi
  Batch [80/147] işlendi
  Batch [90/147] işlendi
  Batch [100/147] işlendi
  Batch [110/147] işlendi
  Batch [120/147] işlendi
  Batch [130/147] işlendi
  Batch [140/147] işlendi

======================================================================
GENEL SONUÇLAR
======================================================================
Toplam test epoch'u: 4694
Doğru tahmin: 3727
Overall Accuracy: 79.40%
======================================================================


======================================================================
DETAYLI METRİKLER
======================================================================

Overall Accuracy: 79.40%
Cohen's Kappa: 0.7241

======================================================================
PER-CLASS METRİKLER
======================================================================
Class      Precision    Recall       F1-Score     Support   
----------------------------------------------------------------------
W          0.9322       0.8968       0.9142       659       
N1         0.4848       0.8010       0.6040       417       
N2         0.8717       0.7502       0.8064       2038      
N3         0.7947       0.7121       0.7511       712       
REM        0.7824       0.8825       0.8295       868       
----------------------------------------------------------------------
Macro Avg  0.7732       0.8085       0.7810       4694      
======================================================================


Scikit-learn Classification Report:
======================================================================
              precision    recall  f1-score   support

           W     0.9322    0.8968    0.9142       659
          N1     0.4848    0.8010    0.6040       417
          N2     0.8717    0.7502    0.8064      2038
          N3     0.7947    0.7121    0.7511       712
         REM     0.7824    0.8825    0.8295       868

    accuracy                         0.7940      4694
   macro avg     0.7732    0.8085    0.7810      4694
weighted avg     0.8176    0.7940    0.7994      4694


======================================================================
CONFUSION MATRIX OLUŞTURULUYOR
======================================================================

✓ Confusion matrix kaydedildi: outputs/runs/260223-1807_kfold/fold_3/confusion_matrix.png

Raw Confusion Matrix:
======================================================================
                   W        N1        N2        N3       REM
----------------------------------------------------------------------
         W       591        66         0         0         2
        N1        34       334        12         0        37
        N2         5       204      1529       131       169
        N3         0         5       195       507         5
       REM         4        80        18         0       766
======================================================================

======================================================================
CONFUSION MATRIX OLUŞTURULUYOR
======================================================================

✓ Confusion matrix kaydedildi: outputs/runs/260223-1807_kfold/fold_3/confusion_matrix_raw.png

Raw Confusion Matrix:
======================================================================
                   W        N1        N2        N3       REM
----------------------------------------------------------------------
         W       591        66         0         0         2
        N1        34       334        12         0        37
        N2         5       204      1529       131       169
        N3         0         5       195       507         5
       REM         4        80        18         0       766
======================================================================

======================================================================
PER-CLASS METRİK GRAFİĞİ OLUŞTURULUYOR
======================================================================

✓ Per-class metrics grafiği kaydedildi: outputs/runs/260223-1807_kfold/fold_3/per_class_metrics.png

======================================================================
HİPNOGRAMLAR OLUŞTURULUYOR (TEST HASTALARI)
======================================================================

  ST7062J0: 952 epoch (7.9 saat)
  ✓ ST7062J0 hipnogram kaydedildi: 16x8 inch
  ST7022J0: 944 epoch (7.9 saat)
  ✓ ST7022J0 hipnogram kaydedildi: 16x8 inch
  ST7071J0: 821 epoch (6.8 saat)
  ✓ ST7071J0 hipnogram kaydedildi: 16x8 inch
  ST7182J0: 967 epoch (8.1 saat)
  ✓ ST7182J0 hipnogram kaydedildi: 16.116666666666667x8 inch
  ST7212J0: 1010 epoch (8.4 saat)
  ✓ ST7212J0 hipnogram kaydedildi: 16.833333333333332x8 inch

✓ Test sonuçları kaydedildi: outputs/runs/260223-1807_kfold/fold_3/test_results.json

✓ Fold 3 Test Accuracy: 79.40%

######################################################################
# FOLD 4/4 EVALUATION
######################################################################


======================================================================
SPLIT YÜKLENDI (RUN DIRECTORY'DEN)
======================================================================
Train: 32 hasta (sadece bilgi - yüklenmeyecek)
Val:   7 hasta (sadece bilgi - yüklenmeyecek)
Test:  5 hasta (değerlendirme için yüklenecek)
======================================================================


======================================================================
TEST DATALOADER OLUŞTURULUYOR (SHARED CACHE)
======================================================================
Test hastaları: 5


======================================================================
EPOCH METADATA OLUŞTURULUYOR
======================================================================
  ST7062J0: 952 epoch eklendi
  ST7022J0: 944 epoch eklendi
  ST7071J0: 821 epoch eklendi
  ST7182J0: 967 epoch eklendi
  ST7212J0: 1010 epoch eklendi

======================================================================
TOPLAM: 4694 epoch

Sınıf dağılımı:
  W: 659 epoch (14.0%)
  N1: 417 epoch (8.9%)
  N2: 2038 epoch (43.4%)
  N3: 712 epoch (15.2%)
  REM: 868 epoch (18.5%)
======================================================================


⚠️ Balanced sampling kapalı - orijinal dağılım kullanılıyor

✓ Dataset oluşturuldu: 4694 epoch, 5 hasta
✓ Test DataLoader hazır (shared cache)!
  Test: 147 batch (4694 epoch)
======================================================================


======================================================================
MODEL YÜKLENİYOR
======================================================================


======================================================================
1D-CNN MODEL
======================================================================
Architecture:
  Input: [4, 3000]
  Conv1: 32 filters, kernel=50
  Conv2: 64 filters, kernel=25
  Conv3: 128 filters, kernel=10
  Flatten: 6016 features
  FC1: 256 units
  FC2 (output): 5 classes

Parameters:
  Total: 1,681,381
  Trainable: 1,681,381
======================================================================

✓ Checkpoint yüklendi: outputs/runs/260223-1807_kfold/fold_4/checkpoints/best_model.pth
  Epoch: 6
  Best val loss: 0.6111
  Best val acc: 75.11%

======================================================================
TEST SET DEĞERLENDİRMESİ
======================================================================

  Batch [10/147] işlendi
  Batch [20/147] işlendi
  Batch [30/147] işlendi
  Batch [40/147] işlendi
  Batch [50/147] işlendi
  Batch [60/147] işlendi
  Batch [70/147] işlendi
  Batch [80/147] işlendi
  Batch [90/147] işlendi
  Batch [100/147] işlendi
  Batch [110/147] işlendi
  Batch [120/147] işlendi
  Batch [130/147] işlendi
  Batch [140/147] işlendi

======================================================================
GENEL SONUÇLAR
======================================================================
Toplam test epoch'u: 4694
Doğru tahmin: 3758
Overall Accuracy: 80.06%
======================================================================


======================================================================
DETAYLI METRİKLER
======================================================================

Overall Accuracy: 80.06%
Cohen's Kappa: 0.7318

======================================================================
PER-CLASS METRİKLER
======================================================================
Class      Precision    Recall       F1-Score     Support   
----------------------------------------------------------------------
W          0.8775       0.9454       0.9102       659       
N1         0.4620       0.7002       0.5567       417       
N2         0.8815       0.7846       0.8302       2038      
N3         0.7483       0.7640       0.7561       712       
REM        0.8631       0.8065       0.8338       868       
----------------------------------------------------------------------
Macro Avg  0.7665       0.8001       0.7774       4694      
======================================================================


Scikit-learn Classification Report:
======================================================================
              precision    recall  f1-score   support

           W     0.8775    0.9454    0.9102       659
          N1     0.4620    0.7002    0.5567       417
          N2     0.8815    0.7846    0.8302      2038
          N3     0.7483    0.7640    0.7561       712
         REM     0.8631    0.8065    0.8338       868

    accuracy                         0.8006      4694
   macro avg     0.7665    0.8001    0.7774      4694
weighted avg     0.8201    0.8006    0.8066      4694


======================================================================
CONFUSION MATRIX OLUŞTURULUYOR
======================================================================

✓ Confusion matrix kaydedildi: outputs/runs/260223-1807_kfold/fold_4/confusion_matrix.png

Raw Confusion Matrix:
======================================================================
                   W        N1        N2        N3       REM
----------------------------------------------------------------------
         W       623        34         0         1         1
        N1        76       292        18         1        30
        N2         6       172      1599       181        80
        N3         0         1       167       544         0
       REM         5       133        30         0       700
======================================================================

======================================================================
CONFUSION MATRIX OLUŞTURULUYOR
======================================================================

✓ Confusion matrix kaydedildi: outputs/runs/260223-1807_kfold/fold_4/confusion_matrix_raw.png

Raw Confusion Matrix:
======================================================================
                   W        N1        N2        N3       REM
----------------------------------------------------------------------
         W       623        34         0         1         1
        N1        76       292        18         1        30
        N2         6       172      1599       181        80
        N3         0         1       167       544         0
       REM         5       133        30         0       700
======================================================================

======================================================================
PER-CLASS METRİK GRAFİĞİ OLUŞTURULUYOR
======================================================================

✓ Per-class metrics grafiği kaydedildi: outputs/runs/260223-1807_kfold/fold_4/per_class_metrics.png

======================================================================
HİPNOGRAMLAR OLUŞTURULUYOR (TEST HASTALARI)
======================================================================

  ST7062J0: 952 epoch (7.9 saat)
  ✓ ST7062J0 hipnogram kaydedildi: 16x8 inch
  ST7022J0: 944 epoch (7.9 saat)
  ✓ ST7022J0 hipnogram kaydedildi: 16x8 inch
  ST7071J0: 821 epoch (6.8 saat)
  ✓ ST7071J0 hipnogram kaydedildi: 16x8 inch
  ST7182J0: 967 epoch (8.1 saat)
  ✓ ST7182J0 hipnogram kaydedildi: 16.116666666666667x8 inch
  ST7212J0: 1010 epoch (8.4 saat)
  ✓ ST7212J0 hipnogram kaydedildi: 16.833333333333332x8 inch

✓ Test sonuçları kaydedildi: outputs/runs/260223-1807_kfold/fold_4/test_results.json

✓ Fold 4 Test Accuracy: 80.06%

======================================================================
K-FOLD EVALUATION TAMAMLANDI!
======================================================================

📊 TEST SONUÇLARI (5 fold):
  Fold 0: Test Acc = 81.61%
  Fold 1: Test Acc = 80.89%
  Fold 2: Test Acc = 75.61%
  Fold 3: Test Acc = 79.40%
  Fold 4: Test Acc = 80.06%

  Ortalama Test Acc: 79.51% ± 2.09%
======================================================================

✓ kfold_summary.json güncellendi (test sonuçları eklendi)
✓ Shared signal cache temizlendi
