
======================================================================
EVALUATION - RUN: 260304-0718_kfold
======================================================================
Run directory: outputs/runs/260304-0718_kfold
======================================================================


======================================================================
SLEEP STAGE CLASSIFICATION - CONFIGURATION
======================================================================

📊 DATA:
  Channels: ['EEG Fpz-Cz', 'EEG Pz-Oz', 'EOG horizontal']
  Sample rate: 100 Hz
  Samples per epoch: 3000
  Classes: ['W', 'N1', 'N2', 'N3', 'REM']

🔀 SPLIT:
  Train: 58 patients
  Val: 10 patients
  Test: 10 patients

🏗️  MODEL:
  Type: cnn1d
  Architecture: 1D-CNN

⚙️  TRAINING:
  Database: physionet_sleep_sc
  Batch size: 32
  Learning rate: 0.001
  Epochs: 50
  Optimizer: Adam
  Weight decay: 0.0001
  Dropout: 0.3
  Loss function: CrossEntropyLoss
  Balance strategy: none
  Early stopping: True

🔧 PREPROCESSING:
  Normalization: z-score
  Filtering: True
  Augmentation: True

💻 DEVICE:
  CUDA available: True
  Device: cuda

📁 OUTPUT:
  Directory: outputs

======================================================================

Offline modda hasta listesi alınıyor...
✓ Toplam 153 hasta bulundu

Stage verileri cache'e yükleniyor...

======================================================================
OFFLINE VERİLER CACHE'E YÜKLENİYOR (.npz)
======================================================================
Kaynak: /mnt/ssd2/2.SLEEP STAGING/1.DATA/physionet_sleep/sleep-edf-database-expanded-1.0.0/sleep-cassette/offline_data/physionet_sleep_sc
Hasta sayısı: 153
Yükleme modu: SADECE STAGES (düşük bellek modu)
----------------------------------------------------------------------
[1/153] SC4001E0: 721 epoch ✓ (0.0s)
[2/153] SC4002E0: 1007 epoch ✓ (0.0s)
[3/153] SC4011E0: 983 epoch ✓ (0.0s)
[4/153] SC4012E0: 1066 epoch ✓ (0.0s)
[5/153] SC4021E0: 905 epoch ✓ (0.0s)
[6/153] SC4022E0: 889 epoch ✓ (0.0s)
[7/153] SC4031E0: 832 epoch ✓ (0.0s)
[8/153] SC4032E0: 791 epoch ✓ (0.0s)
[9/153] SC4041E0: 1115 epoch ✓ (0.0s)
[10/153] SC4042E0: 1080 epoch ✓ (0.0s)
[11/153] SC4051E0: 552 epoch ✓ (0.0s)
[12/153] SC4052E0: 1126 epoch ✓ (0.0s)
[13/153] SC4061E0: 723 epoch ✓ (0.0s)
[14/153] SC4062E0: 896 epoch ✓ (0.0s)
[15/153] SC4071E0: 856 epoch ✓ (0.0s)
[16/153] SC4072E0: 1153 epoch ✓ (0.0s)
[17/153] SC4081E0: 1014 epoch ✓ (0.0s)
[18/153] SC4082E0: 934 epoch ✓ (0.0s)
[19/153] SC4091E0: 1012 epoch ✓ (0.0s)
[20/153] SC4092E0: 985 epoch ✓ (0.0s)
[21/153] SC4101E0: 984 epoch ✓ (0.0s)
[22/153] SC4102E0: 972 epoch ✓ (0.0s)
[23/153] SC4111E0: 808 epoch ✓ (0.0s)
[24/153] SC4112E0: 682 epoch ✓ (0.0s)
[25/153] SC4121E0: 932 epoch ✓ (0.0s)
[26/153] SC4122E0: 857 epoch ✓ (0.0s)
[27/153] SC4131E0: 908 epoch ✓ (0.0s)
[28/153] SC4141E0: 884 epoch ✓ (0.0s)
[29/153] SC4142E0: 832 epoch ✓ (0.0s)
[30/153] SC4151E0: 832 epoch ✓ (0.0s)
[31/153] SC4152E0: 1642 epoch ✓ (0.0s)
[32/153] SC4161E0: 1024 epoch ✓ (0.0s)
[33/153] SC4162E0: 883 epoch ✓ (0.0s)
[34/153] SC4171E0: 882 epoch ✓ (0.0s)
[35/153] SC4172E0: 1653 epoch ✓ (0.0s)
[36/153] SC4181E0: 844 epoch ✓ (0.0s)
[37/153] SC4182E0: 800 epoch ✓ (0.0s)
[38/153] SC4191E0: 1415 epoch ✓ (0.0s)
[39/153] SC4192E0: 1154 epoch ✓ (0.0s)
[40/153] SC4201E0: 902 epoch ✓ (0.0s)
[41/153] SC4202E0: 901 epoch ✓ (0.0s)
[42/153] SC4211E0: 1458 epoch ✓ (0.0s)
[43/153] SC4212E0: 688 epoch ✓ (0.0s)
[44/153] SC4221E0: 979 epoch ✓ (0.0s)
[45/153] SC4222E0: 988 epoch ✓ (0.0s)
[46/153] SC4231E0: 784 epoch ✓ (0.0s)
[47/153] SC4232E0: 1609 epoch ✓ (0.0s)
[48/153] SC4241E0: 1553 epoch ✓ (0.0s)
[49/153] SC4242E0: 1655 epoch ✓ (0.0s)
[50/153] SC4251E0: 852 epoch ✓ (0.0s)
[51/153] SC4252E0: 900 epoch ✓ (0.0s)
[52/153] SC4261F0: 1477 epoch ✓ (0.0s)
[53/153] SC4262F0: 860 epoch ✓ (0.0s)
[54/153] SC4271F0: 932 epoch ✓ (0.0s)
[55/153] SC4272F0: 970 epoch ✓ (0.0s)
[56/153] SC4281G0: 1007 epoch ✓ (0.0s)
[57/153] SC4282G0: 950 epoch ✓ (0.0s)
[58/153] SC4291G0: 1011 epoch ✓ (0.0s)
[59/153] SC4292G0: 1485 epoch ✓ (0.0s)
[60/153] SC4301E0: 809 epoch ✓ (0.0s)
[61/153] SC4302E0: 734 epoch ✓ (0.0s)
[62/153] SC4311E0: 934 epoch ✓ (0.0s)
[63/153] SC4312E0: 1061 epoch ✓ (0.0s)
[64/153] SC4321E0: 1440 epoch ✓ (0.0s)
[65/153] SC4322E0: 901 epoch ✓ (0.0s)
[66/153] SC4331F0: 1768 epoch ✓ (0.0s)
[67/153] SC4332F0: 1192 epoch ✓ (0.0s)
[68/153] SC4341F0: 1381 epoch ✓ (0.0s)
[69/153] SC4342F0: 1462 epoch ✓ (0.0s)
[70/153] SC4351F0: 856 epoch ✓ (0.0s)
[71/153] SC4352F0: 843 epoch ✓ (0.0s)
[72/153] SC4362F0: 704 epoch ✓ (0.0s)
[73/153] SC4371F0: 798 epoch ✓ (0.0s)
[74/153] SC4372F0: 1389 epoch ✓ (0.0s)
[75/153] SC4381F0: 1656 epoch ✓ (0.0s)
[76/153] SC4382F0: 1751 epoch ✓ (0.0s)
[77/153] SC4401E0: 944 epoch ✓ (0.0s)
[78/153] SC4402E0: 952 epoch ✓ (0.0s)
[79/153] SC4411E0: 958 epoch ✓ (0.0s)
[80/153] SC4412E0: 804 epoch ✓ (0.0s)
[81/153] SC4421E0: 665 epoch ✓ (0.0s)
[82/153] SC4422E0: 764 epoch ✓ (0.0s)
[83/153] SC4431E0: 579 epoch ✓ (0.0s)
[84/153] SC4432E0: 842 epoch ✓ (0.0s)
[85/153] SC4441E0: 1075 epoch ✓ (0.0s)
[86/153] SC4442E0: 972 epoch ✓ (0.0s)
[87/153] SC4451F0: 1088 epoch ✓ (0.0s)
[88/153] SC4452F0: 1046 epoch ✓ (0.0s)
[89/153] SC4461F0: 863 epoch ✓ (0.0s)
[90/153] SC4462F0: 902 epoch ✓ (0.0s)
[91/153] SC4471F0: 1067 epoch ✓ (0.0s)
[92/153] SC4472F0: 2055 epoch ✓ (0.0s)
[93/153] SC4481F0: 1953 epoch ✓ (0.0s)
[94/153] SC4482F0: 1790 epoch ✓ (0.0s)
[95/153] SC4491G0: 981 epoch ✓ (0.0s)
[96/153] SC4492G0: 920 epoch ✓ (0.0s)
[97/153] SC4501E0: 1206 epoch ✓ (0.0s)
[98/153] SC4502E0: 983 epoch ✓ (0.0s)
[99/153] SC4511E0: 967 epoch ✓ (0.0s)
[100/153] SC4512E0: 834 epoch ✓ (0.0s)
[101/153] SC4522E0: 877 epoch ✓ (0.0s)
[102/153] SC4531E0: 976 epoch ✓ (0.0s)
[103/153] SC4532E0: 936 epoch ✓ (0.0s)
[104/153] SC4541F0: 1596 epoch ✓ (0.0s)
[105/153] SC4542F0: 1028 epoch ✓ (0.0s)
[106/153] SC4551F0: 927 epoch ✓ (0.0s)
[107/153] SC4552F0: 970 epoch ✓ (0.0s)
[108/153] SC4561F0: 1117 epoch ✓ (0.0s)
[109/153] SC4562F0: 1028 epoch ✓ (0.0s)
[110/153] SC4571F0: 1116 epoch ✓ (0.0s)
[111/153] SC4572F0: 975 epoch ✓ (0.0s)
[112/153] SC4581G0: 975 epoch ✓ (0.0s)
[113/153] SC4582G0: 1055 epoch ✓ (0.0s)
[114/153] SC4591G0: 1720 epoch ✓ (0.0s)
[115/153] SC4592G0: 1145 epoch ✓ (0.0s)
[116/153] SC4601E0: 1229 epoch ✓ (0.0s)
[117/153] SC4602E0: 1923 epoch ✓ (0.0s)
[118/153] SC4611E0: 1532 epoch ✓ (0.0s)
[119/153] SC4612E0: 942 epoch ✓ (0.0s)
[120/153] SC4621E0: 1325 epoch ✓ (0.0s)
[121/153] SC4622E0: 1703 epoch ✓ (0.0s)
[122/153] SC4631E0: 943 epoch ✓ (0.0s)
[123/153] SC4632E0: 987 epoch ✓ (0.0s)
[124/153] SC4641E0: 1151 epoch ✓ (0.0s)
[125/153] SC4642E0: 1929 epoch ✓ (0.0s)
[126/153] SC4651E0: 2528 epoch ✓ (0.0s)
[127/153] SC4652E0: 1809 epoch ✓ (0.0s)
[128/153] SC4661E0: 1907 epoch ✓ (0.0s)
[129/153] SC4662E0: 1874 epoch ✓ (0.0s)
[130/153] SC4671G0: 1848 epoch ✓ (0.0s)
[131/153] SC4672G0: 901 epoch ✓ (0.0s)
[132/153] SC4701E0: 1597 epoch ✓ (0.0s)
[133/153] SC4702E0: 1395 epoch ✓ (0.0s)
[134/153] SC4711E0: 1293 epoch ✓ (0.0s)
[135/153] SC4712E0: 1121 epoch ✓ (0.0s)
[136/153] SC4721E0: 911 epoch ✓ (0.0s)
[137/153] SC4722E0: 1010 epoch ✓ (0.0s)
[138/153] SC4731E0: 2607 epoch ✓ (0.0s)
[139/153] SC4732E0: 2251 epoch ✓ (0.0s)
[140/153] SC4741E0: 2090 epoch ✓ (0.0s)
[141/153] SC4742E0: 943 epoch ✓ (0.0s)
[142/153] SC4751E0: 1942 epoch ✓ (0.0s)
[143/153] SC4752E0: 929 epoch ✓ (0.0s)
[144/153] SC4761E0: 1563 epoch ✓ (0.0s)
[145/153] SC4762E0: 2604 epoch ✓ (0.0s)
[146/153] SC4771G0: 1205 epoch ✓ (0.0s)
[147/153] SC4772G0: 1204 epoch ✓ (0.0s)
[148/153] SC4801G0: 1121 epoch ✓ (0.0s)
[149/153] SC4802G0: 1109 epoch ✓ (0.0s)
[150/153] SC4811G0: 1173 epoch ✓ (0.0s)
[151/153] SC4812G0: 1063 epoch ✓ (0.0s)
[152/153] SC4821G0: 1584 epoch ✓ (0.0s)
[153/153] SC4822G0: 1246 epoch ✓ (0.0s)

======================================================================
OFFLINE CACHE HAZIR!
  Yüklenen hasta: 153/153 (0.5s)
  Stage cache: 153 hasta (~12.2 MB)
  Sinyal cache: 0 (patient, channel) çifti
  Sinyal bellek: 0.00 GB
======================================================================

✓ 153 hasta cache'de


======================================================================
K-FOLD EVALUATION MODU (5 fold)
======================================================================


======================================================================
TÜM FOLD'LAR İÇİN SİNYAL VERİLERİ TEK SEFERDE YÜKLENİYOR
Toplam benzersiz test hastası: 5
======================================================================


======================================================================
TÜM SİNYAL VERİLERİ YÜKLENIYOR (SHARED CACHE)
======================================================================
Toplam hasta: 5
Kanallar: ['EEG Fpz-Cz', 'EEG Pz-Oz', 'EOG horizontal']


======================================================================
EPOCH METADATA OLUŞTURULUYOR
======================================================================
  SC4201E0: 902 epoch eklendi
  SC4341F0: 1381 epoch eklendi
  SC4701E0: 1597 epoch eklendi
  SC4722E0: 1010 epoch eklendi
  SC4802G0: 1109 epoch eklendi

======================================================================
TOPLAM: 5999 epoch

Sınıf dağılımı:
  W: 1669 epoch (27.8%)
  N1: 776 epoch (12.9%)
  N2: 2783 epoch (46.4%)
  N3: 45 epoch (0.8%)
  REM: 726 epoch (12.1%)
======================================================================


⚠️ Balanced sampling kapalı - orijinal dağılım kullanılıyor


======================================================================
RAM CACHE OLUŞTURULUYOR - BELLEK-VERİMLİ MOD
Kaynak: Offline (.npz dosyaları)
Strateji: Hasta bazında yükle → kopyala → serbest bırak
======================================================================
Toplam epoch: 5999
Kanal sayısı: 3
Tahmini boyut: ~0.20 GB
======================================================================

Veri yükleniyor:   0%|          | 0/17997 [00:00<?, ?epoch-kanal/s]Veri yükleniyor:   0%|          | 1/17997 [00:00<30:55,  9.70epoch-kanal/s]Veri yükleniyor:  15%|█▌        | 2707/17997 [00:00<00:01, 10976.26epoch-kanal/s]Veri yükleniyor:  38%|███▊      | 6850/17997 [00:00<00:00, 16598.35epoch-kanal/s]Veri yükleniyor:  65%|██████▍   | 11641/17997 [00:00<00:00, 23704.92epoch-kanal/s]Veri yükleniyor:  82%|████████▏ | 14671/17997 [00:00<00:00, 23521.08epoch-kanal/s]Veri yükleniyor: 100%|██████████| 17997/17997 [00:00<00:00, 24086.21epoch-kanal/s]

======================================================================
✓ RAM CACHE HAZIR!
======================================================================
Cache'deki veri sayısı: 17,997
Toplam bellek kullanımı: 0.20 GB
======================================================================

✓ Dataset oluşturuldu: 5999 epoch, 5 hasta

======================================================================
✓ SHARED CACHE HAZIR!
  Toplam sinyal: 17,997
  Bellek kullanımı: 0.20 GB
======================================================================


######################################################################
# FOLD 0/4 EVALUATION
######################################################################


======================================================================
SPLIT YÜKLENDI (RUN DIRECTORY'DEN)
======================================================================
Train: 118 hasta (sadece bilgi - yüklenmeyecek)
Val:   30 hasta (sadece bilgi - yüklenmeyecek)
Test:  5 hasta (değerlendirme için yüklenecek)
======================================================================


======================================================================
TEST DATALOADER OLUŞTURULUYOR (SHARED CACHE)
======================================================================
Test hastaları: 5


======================================================================
EPOCH METADATA OLUŞTURULUYOR
======================================================================
  SC4722E0: 1010 epoch eklendi
  SC4701E0: 1597 epoch eklendi
  SC4802G0: 1109 epoch eklendi
  SC4201E0: 902 epoch eklendi
  SC4341F0: 1381 epoch eklendi

======================================================================
TOPLAM: 5999 epoch

Sınıf dağılımı:
  W: 1669 epoch (27.8%)
  N1: 776 epoch (12.9%)
  N2: 2783 epoch (46.4%)
  N3: 45 epoch (0.8%)
  REM: 726 epoch (12.1%)
======================================================================


⚠️ Balanced sampling kapalı - orijinal dağılım kullanılıyor

✓ Dataset oluşturuldu: 5999 epoch, 5 hasta
✓ Test DataLoader hazır (shared cache)!
  Test: 188 batch (5999 epoch)
======================================================================


======================================================================
MODEL YÜKLENİYOR
======================================================================


======================================================================
1D-CNN MODEL
======================================================================
Architecture:
  Input: [3, 3000]
  Conv1: 32 filters, kernel=50
  Conv2: 64 filters, kernel=25
  Conv3: 128 filters, kernel=10
  Flatten: 6016 features
  FC1: 256 units
  FC2 (output): 5 classes

Parameters:
  Total: 1,679,781
  Trainable: 1,679,781
======================================================================

✓ Checkpoint yüklendi: outputs/runs/260304-0718_kfold/fold_0/checkpoints/best_model.pth
  Epoch: 36
  Best val loss: 0.5788
  Best val acc: 77.18%

======================================================================
TEST SET DEĞERLENDİRMESİ
======================================================================

  Batch [10/188] işlendi
  Batch [20/188] işlendi
  Batch [30/188] işlendi
  Batch [40/188] işlendi
  Batch [50/188] işlendi
  Batch [60/188] işlendi
  Batch [70/188] işlendi
  Batch [80/188] işlendi
  Batch [90/188] işlendi
  Batch [100/188] işlendi
  Batch [110/188] işlendi
  Batch [120/188] işlendi
  Batch [130/188] işlendi
  Batch [140/188] işlendi
  Batch [150/188] işlendi
  Batch [160/188] işlendi
  Batch [170/188] işlendi
  Batch [180/188] işlendi

======================================================================
GENEL SONUÇLAR
======================================================================
Toplam test epoch'u: 5999
Doğru tahmin: 4288
Overall Accuracy: 71.48%
======================================================================


======================================================================
DETAYLI METRİKLER
======================================================================

Overall Accuracy: 71.48%
Cohen's Kappa: 0.6131

======================================================================
PER-CLASS METRİKLER
======================================================================
Class      Precision    Recall       F1-Score     Support   
----------------------------------------------------------------------
W          0.9653       0.8340       0.8949       1669      
N1         0.3787       0.7526       0.5039       776       
N2         0.9108       0.6234       0.7402       2783      
N3         0.1105       0.9111       0.1971       45        
REM        0.7253       0.7383       0.7317       726       
----------------------------------------------------------------------
Macro Avg  0.6181       0.7719       0.6136       5999      
======================================================================


Scikit-learn Classification Report:
======================================================================
              precision    recall  f1-score   support

           W     0.9653    0.8340    0.8949      1669
          N1     0.3787    0.7526    0.5039       776
          N2     0.9108    0.6234    0.7402      2783
          N3     0.1105    0.9111    0.1971        45
         REM     0.7253    0.7383    0.7317       726

    accuracy                         0.7148      5999
   macro avg     0.6181    0.7719    0.6136      5999
weighted avg     0.8287    0.7148    0.7476      5999


======================================================================
CONFUSION MATRIX OLUŞTURULUYOR
======================================================================

✓ Confusion matrix kaydedildi: outputs/runs/260304-0718_kfold/fold_0/confusion_matrix.png

Raw Confusion Matrix:
======================================================================
                   W        N1        N2        N3       REM
----------------------------------------------------------------------
         W      1392       248        10         2        17
        N1        30       584       121         0        41
        N2        12       563      1735       328       145
        N3         0         2         2        41         0
       REM         8       145        37         0       536
======================================================================

======================================================================
CONFUSION MATRIX OLUŞTURULUYOR
======================================================================

✓ Confusion matrix kaydedildi: outputs/runs/260304-0718_kfold/fold_0/confusion_matrix_raw.png

Raw Confusion Matrix:
======================================================================
                   W        N1        N2        N3       REM
----------------------------------------------------------------------
         W      1392       248        10         2        17
        N1        30       584       121         0        41
        N2        12       563      1735       328       145
        N3         0         2         2        41         0
       REM         8       145        37         0       536
======================================================================

======================================================================
PER-CLASS METRİK GRAFİĞİ OLUŞTURULUYOR
======================================================================

✓ Per-class metrics grafiği kaydedildi: outputs/runs/260304-0718_kfold/fold_0/per_class_metrics.png

======================================================================
HİPNOGRAMLAR OLUŞTURULUYOR (TEST HASTALARI)
======================================================================

  SC4722E0: 1010 epoch (8.4 saat)
  ✓ SC4722E0 hipnogram kaydedildi: 16.833333333333332x8 inch
  SC4701E0: 1597 epoch (13.3 saat)
  ✓ SC4701E0 hipnogram kaydedildi: 26.616666666666667x8 inch
  SC4802G0: 1109 epoch (9.2 saat)
  ✓ SC4802G0 hipnogram kaydedildi: 18.483333333333334x8 inch
  SC4201E0: 902 epoch (7.5 saat)
  ✓ SC4201E0 hipnogram kaydedildi: 16x8 inch
  SC4341F0: 1381 epoch (11.5 saat)
  ✓ SC4341F0 hipnogram kaydedildi: 23.016666666666666x8 inch

✓ Test sonuçları kaydedildi: outputs/runs/260304-0718_kfold/fold_0/test_results.json

✓ Fold 0 Test Accuracy: 71.48%

######################################################################
# FOLD 1/4 EVALUATION
######################################################################


======================================================================
SPLIT YÜKLENDI (RUN DIRECTORY'DEN)
======================================================================
Train: 118 hasta (sadece bilgi - yüklenmeyecek)
Val:   30 hasta (sadece bilgi - yüklenmeyecek)
Test:  5 hasta (değerlendirme için yüklenecek)
======================================================================


======================================================================
TEST DATALOADER OLUŞTURULUYOR (SHARED CACHE)
======================================================================
Test hastaları: 5


======================================================================
EPOCH METADATA OLUŞTURULUYOR
======================================================================
  SC4722E0: 1010 epoch eklendi
  SC4701E0: 1597 epoch eklendi
  SC4802G0: 1109 epoch eklendi
  SC4201E0: 902 epoch eklendi
  SC4341F0: 1381 epoch eklendi

======================================================================
TOPLAM: 5999 epoch

Sınıf dağılımı:
  W: 1669 epoch (27.8%)
  N1: 776 epoch (12.9%)
  N2: 2783 epoch (46.4%)
  N3: 45 epoch (0.8%)
  REM: 726 epoch (12.1%)
======================================================================


⚠️ Balanced sampling kapalı - orijinal dağılım kullanılıyor

✓ Dataset oluşturuldu: 5999 epoch, 5 hasta
✓ Test DataLoader hazır (shared cache)!
  Test: 188 batch (5999 epoch)
======================================================================


======================================================================
MODEL YÜKLENİYOR
======================================================================


======================================================================
1D-CNN MODEL
======================================================================
Architecture:
  Input: [3, 3000]
  Conv1: 32 filters, kernel=50
  Conv2: 64 filters, kernel=25
  Conv3: 128 filters, kernel=10
  Flatten: 6016 features
  FC1: 256 units
  FC2 (output): 5 classes

Parameters:
  Total: 1,679,781
  Trainable: 1,679,781
======================================================================

✓ Checkpoint yüklendi: outputs/runs/260304-0718_kfold/fold_1/checkpoints/best_model.pth
  Epoch: 49
  Best val loss: 0.5519
  Best val acc: 77.97%

======================================================================
TEST SET DEĞERLENDİRMESİ
======================================================================

  Batch [10/188] işlendi
  Batch [20/188] işlendi
  Batch [30/188] işlendi
  Batch [40/188] işlendi
  Batch [50/188] işlendi
  Batch [60/188] işlendi
  Batch [70/188] işlendi
  Batch [80/188] işlendi
  Batch [90/188] işlendi
  Batch [100/188] işlendi
  Batch [110/188] işlendi
  Batch [120/188] işlendi
  Batch [130/188] işlendi
  Batch [140/188] işlendi
  Batch [150/188] işlendi
  Batch [160/188] işlendi
  Batch [170/188] işlendi
  Batch [180/188] işlendi

======================================================================
GENEL SONUÇLAR
======================================================================
Toplam test epoch'u: 5999
Doğru tahmin: 4294
Overall Accuracy: 71.58%
======================================================================


======================================================================
DETAYLI METRİKLER
======================================================================

Overall Accuracy: 71.58%
Cohen's Kappa: 0.6104

======================================================================
PER-CLASS METRİKLER
======================================================================
Class      Precision    Recall       F1-Score     Support   
----------------------------------------------------------------------
W          0.9436       0.8526       0.8958       1669      
N1         0.3651       0.7010       0.4801       776       
N2         0.8974       0.6471       0.7520       2783      
N3         0.1028       0.8222       0.1827       45        
REM        0.7713       0.6736       0.7191       726       
----------------------------------------------------------------------
Macro Avg  0.6160       0.7393       0.6060       5999      
======================================================================


Scikit-learn Classification Report:
======================================================================
              precision    recall  f1-score   support

           W     0.9436    0.8526    0.8958      1669
          N1     0.3651    0.7010    0.4801       776
          N2     0.8974    0.6471    0.7520      2783
          N3     0.1028    0.8222    0.1827        45
         REM     0.7713    0.6736    0.7191       726

    accuracy                         0.7158      5999
   macro avg     0.6160    0.7393    0.6060      5999
weighted avg     0.8202    0.7158    0.7486      5999


======================================================================
CONFUSION MATRIX OLUŞTURULUYOR
======================================================================

✓ Confusion matrix kaydedildi: outputs/runs/260304-0718_kfold/fold_1/confusion_matrix.png

Raw Confusion Matrix:
======================================================================
                   W        N1        N2        N3       REM
----------------------------------------------------------------------
         W      1423       214        13         7        12
        N1        39       544       147         1        45
        N2        13       566      1801       315        88
        N3         0         2         6        37         0
       REM        33       164        40         0       489
======================================================================

======================================================================
CONFUSION MATRIX OLUŞTURULUYOR
======================================================================

✓ Confusion matrix kaydedildi: outputs/runs/260304-0718_kfold/fold_1/confusion_matrix_raw.png

Raw Confusion Matrix:
======================================================================
                   W        N1        N2        N3       REM
----------------------------------------------------------------------
         W      1423       214        13         7        12
        N1        39       544       147         1        45
        N2        13       566      1801       315        88
        N3         0         2         6        37         0
       REM        33       164        40         0       489
======================================================================

======================================================================
PER-CLASS METRİK GRAFİĞİ OLUŞTURULUYOR
======================================================================

✓ Per-class metrics grafiği kaydedildi: outputs/runs/260304-0718_kfold/fold_1/per_class_metrics.png

======================================================================
HİPNOGRAMLAR OLUŞTURULUYOR (TEST HASTALARI)
======================================================================

  SC4722E0: 1010 epoch (8.4 saat)
  ✓ SC4722E0 hipnogram kaydedildi: 16.833333333333332x8 inch
  SC4701E0: 1597 epoch (13.3 saat)
  ✓ SC4701E0 hipnogram kaydedildi: 26.616666666666667x8 inch
  SC4802G0: 1109 epoch (9.2 saat)
  ✓ SC4802G0 hipnogram kaydedildi: 18.483333333333334x8 inch
  SC4201E0: 902 epoch (7.5 saat)
  ✓ SC4201E0 hipnogram kaydedildi: 16x8 inch
  SC4341F0: 1381 epoch (11.5 saat)
  ✓ SC4341F0 hipnogram kaydedildi: 23.016666666666666x8 inch

✓ Test sonuçları kaydedildi: outputs/runs/260304-0718_kfold/fold_1/test_results.json

✓ Fold 1 Test Accuracy: 71.58%

######################################################################
# FOLD 2/4 EVALUATION
######################################################################


======================================================================
SPLIT YÜKLENDI (RUN DIRECTORY'DEN)
======================================================================
Train: 118 hasta (sadece bilgi - yüklenmeyecek)
Val:   30 hasta (sadece bilgi - yüklenmeyecek)
Test:  5 hasta (değerlendirme için yüklenecek)
======================================================================


======================================================================
TEST DATALOADER OLUŞTURULUYOR (SHARED CACHE)
======================================================================
Test hastaları: 5


======================================================================
EPOCH METADATA OLUŞTURULUYOR
======================================================================
  SC4722E0: 1010 epoch eklendi
  SC4701E0: 1597 epoch eklendi
  SC4802G0: 1109 epoch eklendi
  SC4201E0: 902 epoch eklendi
  SC4341F0: 1381 epoch eklendi

======================================================================
TOPLAM: 5999 epoch

Sınıf dağılımı:
  W: 1669 epoch (27.8%)
  N1: 776 epoch (12.9%)
  N2: 2783 epoch (46.4%)
  N3: 45 epoch (0.8%)
  REM: 726 epoch (12.1%)
======================================================================


⚠️ Balanced sampling kapalı - orijinal dağılım kullanılıyor

✓ Dataset oluşturuldu: 5999 epoch, 5 hasta
✓ Test DataLoader hazır (shared cache)!
  Test: 188 batch (5999 epoch)
======================================================================


======================================================================
MODEL YÜKLENİYOR
======================================================================


======================================================================
1D-CNN MODEL
======================================================================
Architecture:
  Input: [3, 3000]
  Conv1: 32 filters, kernel=50
  Conv2: 64 filters, kernel=25
  Conv3: 128 filters, kernel=10
  Flatten: 6016 features
  FC1: 256 units
  FC2 (output): 5 classes

Parameters:
  Total: 1,679,781
  Trainable: 1,679,781
======================================================================

✓ Checkpoint yüklendi: outputs/runs/260304-0718_kfold/fold_2/checkpoints/best_model.pth
  Epoch: 7
  Best val loss: 0.6153
  Best val acc: 77.03%

======================================================================
TEST SET DEĞERLENDİRMESİ
======================================================================

  Batch [10/188] işlendi
  Batch [20/188] işlendi
  Batch [30/188] işlendi
  Batch [40/188] işlendi
  Batch [50/188] işlendi
  Batch [60/188] işlendi
  Batch [70/188] işlendi
  Batch [80/188] işlendi
  Batch [90/188] işlendi
  Batch [100/188] işlendi
  Batch [110/188] işlendi
  Batch [120/188] işlendi
  Batch [130/188] işlendi
  Batch [140/188] işlendi
  Batch [150/188] işlendi
  Batch [160/188] işlendi
  Batch [170/188] işlendi
  Batch [180/188] işlendi

======================================================================
GENEL SONUÇLAR
======================================================================
Toplam test epoch'u: 5999
Doğru tahmin: 4118
Overall Accuracy: 68.64%
======================================================================


======================================================================
DETAYLI METRİKLER
======================================================================

Overall Accuracy: 68.64%
Cohen's Kappa: 0.5726

======================================================================
PER-CLASS METRİKLER
======================================================================
Class      Precision    Recall       F1-Score     Support   
----------------------------------------------------------------------
W          0.9802       0.7400       0.8433       1669      
N1         0.3542       0.7062       0.4718       776       
N2         0.8728       0.6536       0.7475       2783      
N3         0.0798       0.8444       0.1459       45        
REM        0.7563       0.6584       0.7040       726       
----------------------------------------------------------------------
Macro Avg  0.6087       0.7205       0.5825       5999      
======================================================================


Scikit-learn Classification Report:
======================================================================
              precision    recall  f1-score   support

           W     0.9802    0.7400    0.8433      1669
          N1     0.3542    0.7062    0.4718       776
          N2     0.8728    0.6536    0.7475      2783
          N3     0.0798    0.8444    0.1459        45
         REM     0.7563    0.6584    0.7040       726

    accuracy                         0.6864      5999
   macro avg     0.6087    0.7205    0.5825      5999
weighted avg     0.8156    0.6864    0.7287      5999


======================================================================
CONFUSION MATRIX OLUŞTURULUYOR
======================================================================

✓ Confusion matrix kaydedildi: outputs/runs/260304-0718_kfold/fold_2/confusion_matrix.png

Raw Confusion Matrix:
======================================================================
                   W        N1        N2        N3       REM
----------------------------------------------------------------------
         W      1235       405        13         6        10
        N1        13       548       187         0        28
        N2         6       410      1819       432       116
        N3         0         0         7        38         0
       REM         6       184        58         0       478
======================================================================

======================================================================
CONFUSION MATRIX OLUŞTURULUYOR
======================================================================

✓ Confusion matrix kaydedildi: outputs/runs/260304-0718_kfold/fold_2/confusion_matrix_raw.png

Raw Confusion Matrix:
======================================================================
                   W        N1        N2        N3       REM
----------------------------------------------------------------------
         W      1235       405        13         6        10
        N1        13       548       187         0        28
        N2         6       410      1819       432       116
        N3         0         0         7        38         0
       REM         6       184        58         0       478
======================================================================

======================================================================
PER-CLASS METRİK GRAFİĞİ OLUŞTURULUYOR
======================================================================

✓ Per-class metrics grafiği kaydedildi: outputs/runs/260304-0718_kfold/fold_2/per_class_metrics.png

======================================================================
HİPNOGRAMLAR OLUŞTURULUYOR (TEST HASTALARI)
======================================================================

  SC4722E0: 1010 epoch (8.4 saat)
  ✓ SC4722E0 hipnogram kaydedildi: 16.833333333333332x8 inch
  SC4701E0: 1597 epoch (13.3 saat)
  ✓ SC4701E0 hipnogram kaydedildi: 26.616666666666667x8 inch
  SC4802G0: 1109 epoch (9.2 saat)
  ✓ SC4802G0 hipnogram kaydedildi: 18.483333333333334x8 inch
  SC4201E0: 902 epoch (7.5 saat)
  ✓ SC4201E0 hipnogram kaydedildi: 16x8 inch
  SC4341F0: 1381 epoch (11.5 saat)
  ✓ SC4341F0 hipnogram kaydedildi: 23.016666666666666x8 inch

✓ Test sonuçları kaydedildi: outputs/runs/260304-0718_kfold/fold_2/test_results.json

✓ Fold 2 Test Accuracy: 68.64%

######################################################################
# FOLD 3/4 EVALUATION
######################################################################


======================================================================
SPLIT YÜKLENDI (RUN DIRECTORY'DEN)
======================================================================
Train: 119 hasta (sadece bilgi - yüklenmeyecek)
Val:   29 hasta (sadece bilgi - yüklenmeyecek)
Test:  5 hasta (değerlendirme için yüklenecek)
======================================================================


======================================================================
TEST DATALOADER OLUŞTURULUYOR (SHARED CACHE)
======================================================================
Test hastaları: 5


======================================================================
EPOCH METADATA OLUŞTURULUYOR
======================================================================
  SC4722E0: 1010 epoch eklendi
  SC4701E0: 1597 epoch eklendi
  SC4802G0: 1109 epoch eklendi
  SC4201E0: 902 epoch eklendi
  SC4341F0: 1381 epoch eklendi

======================================================================
TOPLAM: 5999 epoch

Sınıf dağılımı:
  W: 1669 epoch (27.8%)
  N1: 776 epoch (12.9%)
  N2: 2783 epoch (46.4%)
  N3: 45 epoch (0.8%)
  REM: 726 epoch (12.1%)
======================================================================


⚠️ Balanced sampling kapalı - orijinal dağılım kullanılıyor

✓ Dataset oluşturuldu: 5999 epoch, 5 hasta
✓ Test DataLoader hazır (shared cache)!
  Test: 188 batch (5999 epoch)
======================================================================


======================================================================
MODEL YÜKLENİYOR
======================================================================


======================================================================
1D-CNN MODEL
======================================================================
Architecture:
  Input: [3, 3000]
  Conv1: 32 filters, kernel=50
  Conv2: 64 filters, kernel=25
  Conv3: 128 filters, kernel=10
  Flatten: 6016 features
  FC1: 256 units
  FC2 (output): 5 classes

Parameters:
  Total: 1,679,781
  Trainable: 1,679,781
======================================================================

✓ Checkpoint yüklendi: outputs/runs/260304-0718_kfold/fold_3/checkpoints/best_model.pth
  Epoch: 22
  Best val loss: 0.6019
  Best val acc: 75.21%

======================================================================
TEST SET DEĞERLENDİRMESİ
======================================================================

  Batch [10/188] işlendi
  Batch [20/188] işlendi
  Batch [30/188] işlendi
  Batch [40/188] işlendi
  Batch [50/188] işlendi
  Batch [60/188] işlendi
  Batch [70/188] işlendi
  Batch [80/188] işlendi
  Batch [90/188] işlendi
  Batch [100/188] işlendi
  Batch [110/188] işlendi
  Batch [120/188] işlendi
  Batch [130/188] işlendi
  Batch [140/188] işlendi
  Batch [150/188] işlendi
  Batch [160/188] işlendi
  Batch [170/188] işlendi
  Batch [180/188] işlendi

======================================================================
GENEL SONUÇLAR
======================================================================
Toplam test epoch'u: 5999
Doğru tahmin: 4389
Overall Accuracy: 73.16%
======================================================================


======================================================================
DETAYLI METRİKLER
======================================================================

Overall Accuracy: 73.16%
Cohen's Kappa: 0.6287

======================================================================
PER-CLASS METRİKLER
======================================================================
Class      Precision    Recall       F1-Score     Support   
----------------------------------------------------------------------
W          0.9601       0.8652       0.9102       1669      
N1         0.4111       0.6224       0.4951       776       
N2         0.8776       0.6777       0.7648       2783      
N3         0.1027       0.9333       0.1850       45        
REM        0.7008       0.7355       0.7177       726       
----------------------------------------------------------------------
Macro Avg  0.6105       0.7668       0.6146       5999      
======================================================================


Scikit-learn Classification Report:
======================================================================
              precision    recall  f1-score   support

           W     0.9601    0.8652    0.9102      1669
          N1     0.4111    0.6224    0.4951       776
          N2     0.8776    0.6777    0.7648      2783
          N3     0.1027    0.9333    0.1850        45
         REM     0.7008    0.7355    0.7177       726

    accuracy                         0.7316      5999
   macro avg     0.6105    0.7668    0.6146      5999
weighted avg     0.8130    0.7316    0.7603      5999


======================================================================
CONFUSION MATRIX OLUŞTURULUYOR
======================================================================

✓ Confusion matrix kaydedildi: outputs/runs/260304-0718_kfold/fold_3/confusion_matrix.png

Raw Confusion Matrix:
======================================================================
                   W        N1        N2        N3       REM
----------------------------------------------------------------------
         W      1444       183        17         5        20
        N1        29       483       192         1        71
        N2        13       386      1886       361       137
        N3         0         1         2        42         0
       REM        18       122        52         0       534
======================================================================

======================================================================
CONFUSION MATRIX OLUŞTURULUYOR
======================================================================

✓ Confusion matrix kaydedildi: outputs/runs/260304-0718_kfold/fold_3/confusion_matrix_raw.png

Raw Confusion Matrix:
======================================================================
                   W        N1        N2        N3       REM
----------------------------------------------------------------------
         W      1444       183        17         5        20
        N1        29       483       192         1        71
        N2        13       386      1886       361       137
        N3         0         1         2        42         0
       REM        18       122        52         0       534
======================================================================

======================================================================
PER-CLASS METRİK GRAFİĞİ OLUŞTURULUYOR
======================================================================

✓ Per-class metrics grafiği kaydedildi: outputs/runs/260304-0718_kfold/fold_3/per_class_metrics.png

======================================================================
HİPNOGRAMLAR OLUŞTURULUYOR (TEST HASTALARI)
======================================================================

  SC4722E0: 1010 epoch (8.4 saat)
  ✓ SC4722E0 hipnogram kaydedildi: 16.833333333333332x8 inch
  SC4701E0: 1597 epoch (13.3 saat)
  ✓ SC4701E0 hipnogram kaydedildi: 26.616666666666667x8 inch
  SC4802G0: 1109 epoch (9.2 saat)
  ✓ SC4802G0 hipnogram kaydedildi: 18.483333333333334x8 inch
  SC4201E0: 902 epoch (7.5 saat)
  ✓ SC4201E0 hipnogram kaydedildi: 16x8 inch
  SC4341F0: 1381 epoch (11.5 saat)
  ✓ SC4341F0 hipnogram kaydedildi: 23.016666666666666x8 inch

✓ Test sonuçları kaydedildi: outputs/runs/260304-0718_kfold/fold_3/test_results.json

✓ Fold 3 Test Accuracy: 73.16%

######################################################################
# FOLD 4/4 EVALUATION
######################################################################


======================================================================
SPLIT YÜKLENDI (RUN DIRECTORY'DEN)
======================================================================
Train: 118 hasta (sadece bilgi - yüklenmeyecek)
Val:   30 hasta (sadece bilgi - yüklenmeyecek)
Test:  5 hasta (değerlendirme için yüklenecek)
======================================================================


======================================================================
TEST DATALOADER OLUŞTURULUYOR (SHARED CACHE)
======================================================================
Test hastaları: 5


======================================================================
EPOCH METADATA OLUŞTURULUYOR
======================================================================
  SC4722E0: 1010 epoch eklendi
  SC4701E0: 1597 epoch eklendi
  SC4802G0: 1109 epoch eklendi
  SC4201E0: 902 epoch eklendi
  SC4341F0: 1381 epoch eklendi

======================================================================
TOPLAM: 5999 epoch

Sınıf dağılımı:
  W: 1669 epoch (27.8%)
  N1: 776 epoch (12.9%)
  N2: 2783 epoch (46.4%)
  N3: 45 epoch (0.8%)
  REM: 726 epoch (12.1%)
======================================================================


⚠️ Balanced sampling kapalı - orijinal dağılım kullanılıyor

✓ Dataset oluşturuldu: 5999 epoch, 5 hasta
✓ Test DataLoader hazır (shared cache)!
  Test: 188 batch (5999 epoch)
======================================================================


======================================================================
MODEL YÜKLENİYOR
======================================================================


======================================================================
1D-CNN MODEL
======================================================================
Architecture:
  Input: [3, 3000]
  Conv1: 32 filters, kernel=50
  Conv2: 64 filters, kernel=25
  Conv3: 128 filters, kernel=10
  Flatten: 6016 features
  FC1: 256 units
  FC2 (output): 5 classes

Parameters:
  Total: 1,679,781
  Trainable: 1,679,781
======================================================================

✓ Checkpoint yüklendi: outputs/runs/260304-0718_kfold/fold_4/checkpoints/best_model.pth
  Epoch: 36
  Best val loss: 0.5788
  Best val acc: 77.18%

======================================================================
TEST SET DEĞERLENDİRMESİ
======================================================================

  Batch [10/188] işlendi
  Batch [20/188] işlendi
  Batch [30/188] işlendi
  Batch [40/188] işlendi
  Batch [50/188] işlendi
  Batch [60/188] işlendi
  Batch [70/188] işlendi
  Batch [80/188] işlendi
  Batch [90/188] işlendi
  Batch [100/188] işlendi
  Batch [110/188] işlendi
  Batch [120/188] işlendi
  Batch [130/188] işlendi
  Batch [140/188] işlendi
  Batch [150/188] işlendi
  Batch [160/188] işlendi
  Batch [170/188] işlendi
  Batch [180/188] işlendi

======================================================================
GENEL SONUÇLAR
======================================================================
Toplam test epoch'u: 5999
Doğru tahmin: 4288
Overall Accuracy: 71.48%
======================================================================


======================================================================
DETAYLI METRİKLER
======================================================================

Overall Accuracy: 71.48%
Cohen's Kappa: 0.6131

======================================================================
PER-CLASS METRİKLER
======================================================================
Class      Precision    Recall       F1-Score     Support   
----------------------------------------------------------------------
W          0.9653       0.8340       0.8949       1669      
N1         0.3787       0.7526       0.5039       776       
N2         0.9108       0.6234       0.7402       2783      
N3         0.1105       0.9111       0.1971       45        
REM        0.7253       0.7383       0.7317       726       
----------------------------------------------------------------------
Macro Avg  0.6181       0.7719       0.6136       5999      
======================================================================


Scikit-learn Classification Report:
======================================================================
              precision    recall  f1-score   support

           W     0.9653    0.8340    0.8949      1669
          N1     0.3787    0.7526    0.5039       776
          N2     0.9108    0.6234    0.7402      2783
          N3     0.1105    0.9111    0.1971        45
         REM     0.7253    0.7383    0.7317       726

    accuracy                         0.7148      5999
   macro avg     0.6181    0.7719    0.6136      5999
weighted avg     0.8287    0.7148    0.7476      5999


======================================================================
CONFUSION MATRIX OLUŞTURULUYOR
======================================================================

✓ Confusion matrix kaydedildi: outputs/runs/260304-0718_kfold/fold_4/confusion_matrix.png

Raw Confusion Matrix:
======================================================================
                   W        N1        N2        N3       REM
----------------------------------------------------------------------
         W      1392       248        10         2        17
        N1        30       584       121         0        41
        N2        12       563      1735       328       145
        N3         0         2         2        41         0
       REM         8       145        37         0       536
======================================================================

======================================================================
CONFUSION MATRIX OLUŞTURULUYOR
======================================================================

✓ Confusion matrix kaydedildi: outputs/runs/260304-0718_kfold/fold_4/confusion_matrix_raw.png

Raw Confusion Matrix:
======================================================================
                   W        N1        N2        N3       REM
----------------------------------------------------------------------
         W      1392       248        10         2        17
        N1        30       584       121         0        41
        N2        12       563      1735       328       145
        N3         0         2         2        41         0
       REM         8       145        37         0       536
======================================================================

======================================================================
PER-CLASS METRİK GRAFİĞİ OLUŞTURULUYOR
======================================================================

✓ Per-class metrics grafiği kaydedildi: outputs/runs/260304-0718_kfold/fold_4/per_class_metrics.png

======================================================================
HİPNOGRAMLAR OLUŞTURULUYOR (TEST HASTALARI)
======================================================================

  SC4722E0: 1010 epoch (8.4 saat)
  ✓ SC4722E0 hipnogram kaydedildi: 16.833333333333332x8 inch
  SC4701E0: 1597 epoch (13.3 saat)
  ✓ SC4701E0 hipnogram kaydedildi: 26.616666666666667x8 inch
  SC4802G0: 1109 epoch (9.2 saat)
  ✓ SC4802G0 hipnogram kaydedildi: 18.483333333333334x8 inch
  SC4201E0: 902 epoch (7.5 saat)
  ✓ SC4201E0 hipnogram kaydedildi: 16x8 inch
  SC4341F0: 1381 epoch (11.5 saat)
  ✓ SC4341F0 hipnogram kaydedildi: 23.016666666666666x8 inch

✓ Test sonuçları kaydedildi: outputs/runs/260304-0718_kfold/fold_4/test_results.json

✓ Fold 4 Test Accuracy: 71.48%

======================================================================
K-FOLD EVALUATION TAMAMLANDI!
======================================================================

📊 TEST SONUÇLARI (5 fold):
  Fold 0: Test Acc = 71.48%
  Fold 1: Test Acc = 71.58%
  Fold 2: Test Acc = 68.64%
  Fold 3: Test Acc = 73.16%
  Fold 4: Test Acc = 71.48%

  Ortalama Test Acc: 71.27% ± 1.46%
======================================================================

✓ kfold_summary.json güncellendi (test sonuçları eklendi)
✓ Shared signal cache temizlendi
