
======================================================================
EVALUATION - RUN: 260407-1138_kfold
======================================================================
Run directory: outputs/runs/260407-1138_kfold
======================================================================


======================================================================
SLEEP STAGE CLASSIFICATION - CONFIGURATION
======================================================================

📊 DATA:
  Channels: ['EEG Fpz-Cz']
  Sample rate: 100 Hz
  Samples per epoch: 3000
  Classes: ['W', 'N1', 'N2', 'N3', 'REM']

🔀 SPLIT:
  Train: 34 patients
  Val: 5 patients
  Test: 5 patients

🏗️  MODEL:
  Type: cnn1d_v3
  Architecture: 1D-CNN

⚙️  TRAINING:
  Database: physionet_sleep
  Batch size: 32
  Learning rate: 0.001
  Epochs: 50
  Optimizer: Adam
  Weight decay: 0.0001
  Dropout: 0.3
  Loss function: CrossEntropyLoss
  Balance strategy: none
  Early stopping: True

🔧 PREPROCESSING:
  Normalization: z-score
  Filtering: False
  Augmentation: False

💻 DEVICE:
  CUDA available: True
  Device: cuda

📁 OUTPUT:
  Directory: outputs

======================================================================

Offline modda hasta listesi alınıyor...
✓ Toplam 44 hasta bulundu

Stage verileri cache'e yükleniyor...

======================================================================
OFFLINE VERİLER CACHE'E YÜKLENİYOR (.npz)
======================================================================
Kaynak: /mnt/ssd2/2.SLEEP STAGING/1.DATA/physionet_sleep/sleep-edf-database-expanded-1.0.0/sleep-telemetry/offline_data/physionet_sleep
Hasta sayısı: 44
Yükleme modu: SADECE STAGES (düşük bellek modu)
----------------------------------------------------------------------
[1/44] ST7011J0: 1092 epoch ✓ (0.0s)
[2/44] ST7012J0: 1040 epoch ✓ (0.0s)
[3/44] ST7021J0: 920 epoch ✓ (0.0s)
[4/44] ST7022J0: 944 epoch ✓ (0.0s)
[5/44] ST7041J0: 1007 epoch ✓ (0.0s)
[6/44] ST7042J0: 1130 epoch ✓ (0.0s)
[7/44] ST7051J0: 1018 epoch ✓ (0.0s)
[8/44] ST7052J0: 1034 epoch ✓ (0.0s)
[9/44] ST7061J0: 1008 epoch ✓ (0.0s)
[10/44] ST7062J0: 952 epoch ✓ (0.0s)
[11/44] ST7071J0: 821 epoch ✓ (0.0s)
[12/44] ST7072J0: 915 epoch ✓ (0.0s)
[13/44] ST7081J0: 967 epoch ✓ (0.0s)
[14/44] ST7082J0: 931 epoch ✓ (0.0s)
[15/44] ST7091J0: 943 epoch ✓ (0.0s)
[16/44] ST7092J0: 923 epoch ✓ (0.0s)
[17/44] ST7101J0: 1042 epoch ✓ (0.0s)
[18/44] ST7102J0: 980 epoch ✓ (0.0s)
[19/44] ST7111J0: 1017 epoch ✓ (0.0s)
[20/44] ST7112J0: 978 epoch ✓ (0.0s)
[21/44] ST7121J0: 1026 epoch ✓ (0.0s)
[22/44] ST7122J0: 945 epoch ✓ (0.0s)
[23/44] ST7131J0: 859 epoch ✓ (0.0s)
[24/44] ST7132J0: 852 epoch ✓ (0.0s)
[25/44] ST7141J0: 858 epoch ✓ (0.0s)
[26/44] ST7142J0: 873 epoch ✓ (0.0s)
[27/44] ST7151J0: 897 epoch ✓ (0.0s)
[28/44] ST7152J0: 1045 epoch ✓ (0.0s)
[29/44] ST7161J0: 1057 epoch ✓ (0.0s)
[30/44] ST7162J0: 988 epoch ✓ (0.0s)
[31/44] ST7171J0: 965 epoch ✓ (0.0s)
[32/44] ST7172J0: 1006 epoch ✓ (0.0s)
[33/44] ST7181J0: 959 epoch ✓ (0.0s)
[34/44] ST7182J0: 967 epoch ✓ (0.0s)
[35/44] ST7191J0: 955 epoch ✓ (0.0s)
[36/44] ST7192J0: 931 epoch ✓ (0.0s)
[37/44] ST7201J0: 922 epoch ✓ (0.0s)
[38/44] ST7202J0: 898 epoch ✓ (0.0s)
[39/44] ST7211J0: 1077 epoch ✓ (0.0s)
[40/44] ST7212J0: 1010 epoch ✓ (0.0s)
[41/44] ST7221J0: 1033 epoch ✓ (0.0s)
[42/44] ST7222J0: 951 epoch ✓ (0.0s)
[43/44] ST7241J0: 1021 epoch ✓ (0.0s)
[44/44] ST7242J0: 939 epoch ✓ (0.0s)

======================================================================
OFFLINE CACHE HAZIR!
  Yüklenen hasta: 44/44 (0.2s)
  Stage cache: 44 hasta (~2.9 MB)
  Sinyal cache: 0 (patient, channel) çifti
  Sinyal bellek: 0.00 GB
======================================================================

✓ 44 hasta cache'de


======================================================================
K-FOLD EVALUATION MODU (5 fold)
======================================================================


======================================================================
TÜM FOLD'LAR İÇİN SİNYAL VERİLERİ TEK SEFERDE YÜKLENİYOR
Toplam benzersiz test hastası: 8
======================================================================


======================================================================
TÜM SİNYAL VERİLERİ YÜKLENIYOR (SHARED CACHE)
======================================================================
Toplam hasta: 8
Kanallar: ['EEG Fpz-Cz']


======================================================================
EPOCH METADATA OLUŞTURULUYOR
======================================================================
  ST7022J0: 944 epoch eklendi
  ST7062J0: 952 epoch eklendi
  ST7071J0: 821 epoch eklendi
  ST7111J0: 1017 epoch eklendi
  ST7151J0: 897 epoch eklendi
  ST7172J0: 1006 epoch eklendi
  ST7182J0: 967 epoch eklendi
  ST7212J0: 1010 epoch eklendi

======================================================================
TOPLAM: 7614 epoch

Sınıf dağılımı:
  W: 949 epoch (12.5%)
  N1: 700 epoch (9.2%)
  N2: 3132 epoch (41.1%)
  N3: 1359 epoch (17.8%)
  REM: 1474 epoch (19.4%)
======================================================================


⚠️ Balanced sampling kapalı - orijinal dağılım kullanılıyor


======================================================================
RAM CACHE OLUŞTURULUYOR - BELLEK-VERİMLİ MOD
Kaynak: Offline (.npz dosyaları)
Strateji: Hasta bazında yükle → kopyala → serbest bırak
======================================================================
Toplam epoch: 7614
Kanal sayısı: 1
Tahmini boyut: ~0.09 GB
======================================================================

Veri yükleniyor:   0%|          | 0/7614 [00:00<?, ?epoch-kanal/s]Veri yükleniyor:   0%|          | 1/7614 [00:00<47:21,  2.68epoch-kanal/s]Veri yükleniyor:  12%|█▏        | 945/7614 [00:00<00:03, 1735.22epoch-kanal/s]Veri yükleniyor:  25%|██▍       | 1897/7614 [00:00<00:02, 2454.38epoch-kanal/s]Veri yükleniyor:  36%|███▌      | 2718/7614 [00:01<00:02, 2431.78epoch-kanal/s]Veri yükleniyor:  49%|████▉     | 3735/7614 [00:01<00:01, 2680.84epoch-kanal/s]Veri yükleniyor:  61%|██████    | 4632/7614 [00:01<00:01, 2672.32epoch-kanal/s]Veri yükleniyor:  74%|███████▍  | 5638/7614 [00:02<00:00, 2804.29epoch-kanal/s]Veri yükleniyor:  87%|████████▋ | 6605/7614 [00:02<00:00, 2870.51epoch-kanal/s]Veri yükleniyor: 100%|██████████| 7614/7614 [00:02<00:00, 2931.98epoch-kanal/s]

======================================================================
✓ RAM CACHE HAZIR!
======================================================================
Cache'deki veri sayısı: 7,614
Toplam bellek kullanımı: 0.09 GB
======================================================================

✓ Dataset oluşturuldu: 7614 epoch, 8 hasta

======================================================================
✓ SHARED CACHE HAZIR!
  Toplam sinyal: 7,614
  Bellek kullanımı: 0.09 GB
======================================================================


######################################################################
# FOLD 0/4 EVALUATION
######################################################################


======================================================================
SPLIT YÜKLENDI (RUN DIRECTORY'DEN)
======================================================================
Train: 28 hasta (sadece bilgi - yüklenmeyecek)
Val:   8 hasta (sadece bilgi - yüklenmeyecek)
Test:  8 hasta (değerlendirme için yüklenecek)
======================================================================


======================================================================
TEST DATALOADER OLUŞTURULUYOR (SHARED CACHE)
======================================================================
Test hastaları: 8


======================================================================
EPOCH METADATA OLUŞTURULUYOR
======================================================================
  ST7062J0: 952 epoch eklendi
  ST7022J0: 944 epoch eklendi
  ST7071J0: 821 epoch eklendi
  ST7182J0: 967 epoch eklendi
  ST7212J0: 1010 epoch eklendi
  ST7111J0: 1017 epoch eklendi
  ST7172J0: 1006 epoch eklendi
  ST7151J0: 897 epoch eklendi

======================================================================
TOPLAM: 7614 epoch

Sınıf dağılımı:
  W: 949 epoch (12.5%)
  N1: 700 epoch (9.2%)
  N2: 3132 epoch (41.1%)
  N3: 1359 epoch (17.8%)
  REM: 1474 epoch (19.4%)
======================================================================


⚠️ Balanced sampling kapalı - orijinal dağılım kullanılıyor

✓ Dataset oluşturuldu: 7614 epoch, 8 hasta
✓ Test DataLoader hazır (shared cache)!
  Test: 238 batch (7614 epoch)
======================================================================


======================================================================
MODEL YÜKLENİYOR
======================================================================


======================================================================
CNN1D V3 MODEL (Multi-Scale + Residual + SE + GAP)
======================================================================
Architecture:
  Input: [1, 3000]
  Stem: 3x Conv1D(16) k=[15, 51, 125] → concat 48ch
  ResBlock1: 48→96, k=7
  ResBlock2: 96→128, k=5
  SE: 128ch, reduction=16
  GAP → 128
  FC1: 64 units + LayerNorm
  FC2 (output): 5 classes

Parameters:
  Total: 273,133
  Trainable: 273,133
  Reduction vs CNN1D: 6.2x fewer params
======================================================================

✓ Checkpoint yüklendi: outputs/runs/260407-1138_kfold/fold_0/checkpoints/best_model.pth
  Epoch: 16
  Best val loss: 0.4943
  Best val acc: 83.20%

======================================================================
TEST SET DEĞERLENDİRMESİ
======================================================================

  Batch [10/238] işlendi
  Batch [20/238] işlendi
  Batch [30/238] işlendi
  Batch [40/238] işlendi
  Batch [50/238] işlendi
  Batch [60/238] işlendi
  Batch [70/238] işlendi
  Batch [80/238] işlendi
  Batch [90/238] işlendi
  Batch [100/238] işlendi
  Batch [110/238] işlendi
  Batch [120/238] işlendi
  Batch [130/238] işlendi
  Batch [140/238] işlendi
  Batch [150/238] işlendi
  Batch [160/238] işlendi
  Batch [170/238] işlendi
  Batch [180/238] işlendi
  Batch [190/238] işlendi
  Batch [200/238] işlendi
  Batch [210/238] işlendi
  Batch [220/238] işlendi
  Batch [230/238] işlendi

======================================================================
GENEL SONUÇLAR
======================================================================
Toplam test epoch'u: 7614
Doğru tahmin: 6131
Overall Accuracy: 80.52%
======================================================================


======================================================================
DETAYLI METRİKLER
======================================================================

Overall Accuracy: 80.52%
Cohen's Kappa: 0.7305

======================================================================
PER-CLASS METRİKLER
======================================================================
Class      Precision    Recall       F1-Score     Support   
----------------------------------------------------------------------
W          0.9128       0.8609       0.8861       949       
N1         0.5278       0.5700       0.5481       700       
N2         0.7862       0.9112       0.8441       3132      
N3         0.9095       0.6733       0.7738       1359      
REM        0.8636       0.7775       0.8183       1474      
----------------------------------------------------------------------
Macro Avg  0.8000       0.7586       0.7741       7614      
======================================================================


Scikit-learn Classification Report:
======================================================================
              precision    recall  f1-score   support

           W     0.9128    0.8609    0.8861       949
          N1     0.5278    0.5700    0.5481       700
          N2     0.7862    0.9112    0.8441      3132
          N3     0.9095    0.6733    0.7738      1359
         REM     0.8636    0.7775    0.8183      1474

    accuracy                         0.8052      7614
   macro avg     0.8000    0.7586    0.7741      7614
weighted avg     0.8152    0.8052    0.8046      7614


======================================================================
CONFUSION MATRIX OLUŞTURULUYOR
======================================================================

✓ Confusion matrix kaydedildi: outputs/runs/260407-1138_kfold/fold_0/confusion_matrix.png

Raw Confusion Matrix:
======================================================================
                   W        N1        N2        N3       REM
----------------------------------------------------------------------
         W       817       122         6         0         4
        N1        58       399       148         0        95
        N2         5       100      2854        91        82
        N3         1         2       441       915         0
       REM        14       133       181         0      1146
======================================================================

======================================================================
CONFUSION MATRIX OLUŞTURULUYOR
======================================================================

✓ Confusion matrix kaydedildi: outputs/runs/260407-1138_kfold/fold_0/confusion_matrix_raw.png

Raw Confusion Matrix:
======================================================================
                   W        N1        N2        N3       REM
----------------------------------------------------------------------
         W       817       122         6         0         4
        N1        58       399       148         0        95
        N2         5       100      2854        91        82
        N3         1         2       441       915         0
       REM        14       133       181         0      1146
======================================================================

======================================================================
PER-CLASS METRİK GRAFİĞİ OLUŞTURULUYOR
======================================================================

✓ Per-class metrics grafiği kaydedildi: outputs/runs/260407-1138_kfold/fold_0/per_class_metrics.png

======================================================================
HİPNOGRAMLAR OLUŞTURULUYOR (TEST HASTALARI)
======================================================================

  ST7062J0: 952 epoch (7.9 saat)
  ✓ ST7062J0 hipnogram kaydedildi: 16x8 inch
  ST7022J0: 944 epoch (7.9 saat)
  ✓ ST7022J0 hipnogram kaydedildi: 16x8 inch
  ST7071J0: 821 epoch (6.8 saat)
  ✓ ST7071J0 hipnogram kaydedildi: 16x8 inch
  ST7182J0: 967 epoch (8.1 saat)
  ✓ ST7182J0 hipnogram kaydedildi: 16.116666666666667x8 inch
  ST7212J0: 1010 epoch (8.4 saat)
  ✓ ST7212J0 hipnogram kaydedildi: 16.833333333333332x8 inch
  ST7111J0: 1017 epoch (8.5 saat)
  ✓ ST7111J0 hipnogram kaydedildi: 16.95x8 inch
  ST7172J0: 1006 epoch (8.4 saat)
  ✓ ST7172J0 hipnogram kaydedildi: 16.766666666666666x8 inch
  ST7151J0: 897 epoch (7.5 saat)
  ✓ ST7151J0 hipnogram kaydedildi: 16x8 inch

✓ Test sonuçları kaydedildi: outputs/runs/260407-1138_kfold/fold_0/test_results.json

✓ Fold 0 Test Accuracy: 80.52%

######################################################################
# FOLD 1/4 EVALUATION
######################################################################


======================================================================
SPLIT YÜKLENDI (RUN DIRECTORY'DEN)
======================================================================
Train: 29 hasta (sadece bilgi - yüklenmeyecek)
Val:   7 hasta (sadece bilgi - yüklenmeyecek)
Test:  8 hasta (değerlendirme için yüklenecek)
======================================================================


======================================================================
TEST DATALOADER OLUŞTURULUYOR (SHARED CACHE)
======================================================================
Test hastaları: 8


======================================================================
EPOCH METADATA OLUŞTURULUYOR
======================================================================
  ST7062J0: 952 epoch eklendi
  ST7022J0: 944 epoch eklendi
  ST7071J0: 821 epoch eklendi
  ST7182J0: 967 epoch eklendi
  ST7212J0: 1010 epoch eklendi
  ST7111J0: 1017 epoch eklendi
  ST7172J0: 1006 epoch eklendi
  ST7151J0: 897 epoch eklendi

======================================================================
TOPLAM: 7614 epoch

Sınıf dağılımı:
  W: 949 epoch (12.5%)
  N1: 700 epoch (9.2%)
  N2: 3132 epoch (41.1%)
  N3: 1359 epoch (17.8%)
  REM: 1474 epoch (19.4%)
======================================================================


⚠️ Balanced sampling kapalı - orijinal dağılım kullanılıyor

✓ Dataset oluşturuldu: 7614 epoch, 8 hasta
✓ Test DataLoader hazır (shared cache)!
  Test: 238 batch (7614 epoch)
======================================================================


======================================================================
MODEL YÜKLENİYOR
======================================================================


======================================================================
CNN1D V3 MODEL (Multi-Scale + Residual + SE + GAP)
======================================================================
Architecture:
  Input: [1, 3000]
  Stem: 3x Conv1D(16) k=[15, 51, 125] → concat 48ch
  ResBlock1: 48→96, k=7
  ResBlock2: 96→128, k=5
  SE: 128ch, reduction=16
  GAP → 128
  FC1: 64 units + LayerNorm
  FC2 (output): 5 classes

Parameters:
  Total: 273,133
  Trainable: 273,133
  Reduction vs CNN1D: 6.2x fewer params
======================================================================

✓ Checkpoint yüklendi: outputs/runs/260407-1138_kfold/fold_1/checkpoints/best_model.pth
  Epoch: 18
  Best val loss: 0.5526
  Best val acc: 78.83%

======================================================================
TEST SET DEĞERLENDİRMESİ
======================================================================

  Batch [10/238] işlendi
  Batch [20/238] işlendi
  Batch [30/238] işlendi
  Batch [40/238] işlendi
  Batch [50/238] işlendi
  Batch [60/238] işlendi
  Batch [70/238] işlendi
  Batch [80/238] işlendi
  Batch [90/238] işlendi
  Batch [100/238] işlendi
  Batch [110/238] işlendi
  Batch [120/238] işlendi
  Batch [130/238] işlendi
  Batch [140/238] işlendi
  Batch [150/238] işlendi
  Batch [160/238] işlendi
  Batch [170/238] işlendi
  Batch [180/238] işlendi
  Batch [190/238] işlendi
  Batch [200/238] işlendi
  Batch [210/238] işlendi
  Batch [220/238] işlendi
  Batch [230/238] işlendi

======================================================================
GENEL SONUÇLAR
======================================================================
Toplam test epoch'u: 7614
Doğru tahmin: 6157
Overall Accuracy: 80.86%
======================================================================


======================================================================
DETAYLI METRİKLER
======================================================================

Overall Accuracy: 80.86%
Cohen's Kappa: 0.7396

======================================================================
PER-CLASS METRİKLER
======================================================================
Class      Precision    Recall       F1-Score     Support   
----------------------------------------------------------------------
W          0.9254       0.8103       0.8640       949       
N1         0.4759       0.6214       0.5390       700       
N2         0.8358       0.8761       0.8555       3132      
N3         0.8484       0.8197       0.8338       1359      
REM        0.8602       0.7429       0.7972       1474      
----------------------------------------------------------------------
Macro Avg  0.7892       0.7741       0.7779       7614      
======================================================================


Scikit-learn Classification Report:
======================================================================
              precision    recall  f1-score   support

           W     0.9254    0.8103    0.8640       949
          N1     0.4759    0.6214    0.5390       700
          N2     0.8358    0.8761    0.8555      3132
          N3     0.8484    0.8197    0.8338      1359
         REM     0.8602    0.7429    0.7972      1474

    accuracy                         0.8086      7614
   macro avg     0.7892    0.7741    0.7779      7614
weighted avg     0.8209    0.8086    0.8123      7614


======================================================================
CONFUSION MATRIX OLUŞTURULUYOR
======================================================================

✓ Confusion matrix kaydedildi: outputs/runs/260407-1138_kfold/fold_1/confusion_matrix.png

Raw Confusion Matrix:
======================================================================
                   W        N1        N2        N3       REM
----------------------------------------------------------------------
         W       769       151         4         0        25
        N1        52       435       128         0        85
        N2         4       118      2744       198        68
        N3         0         2       243      1114         0
       REM         6       208       164         1      1095
======================================================================

======================================================================
CONFUSION MATRIX OLUŞTURULUYOR
======================================================================

✓ Confusion matrix kaydedildi: outputs/runs/260407-1138_kfold/fold_1/confusion_matrix_raw.png

Raw Confusion Matrix:
======================================================================
                   W        N1        N2        N3       REM
----------------------------------------------------------------------
         W       769       151         4         0        25
        N1        52       435       128         0        85
        N2         4       118      2744       198        68
        N3         0         2       243      1114         0
       REM         6       208       164         1      1095
======================================================================

======================================================================
PER-CLASS METRİK GRAFİĞİ OLUŞTURULUYOR
======================================================================

✓ Per-class metrics grafiği kaydedildi: outputs/runs/260407-1138_kfold/fold_1/per_class_metrics.png

======================================================================
HİPNOGRAMLAR OLUŞTURULUYOR (TEST HASTALARI)
======================================================================

  ST7062J0: 952 epoch (7.9 saat)
  ✓ ST7062J0 hipnogram kaydedildi: 16x8 inch
  ST7022J0: 944 epoch (7.9 saat)
  ✓ ST7022J0 hipnogram kaydedildi: 16x8 inch
  ST7071J0: 821 epoch (6.8 saat)
  ✓ ST7071J0 hipnogram kaydedildi: 16x8 inch
  ST7182J0: 967 epoch (8.1 saat)
  ✓ ST7182J0 hipnogram kaydedildi: 16.116666666666667x8 inch
  ST7212J0: 1010 epoch (8.4 saat)
  ✓ ST7212J0 hipnogram kaydedildi: 16.833333333333332x8 inch
  ST7111J0: 1017 epoch (8.5 saat)
  ✓ ST7111J0 hipnogram kaydedildi: 16.95x8 inch
  ST7172J0: 1006 epoch (8.4 saat)
  ✓ ST7172J0 hipnogram kaydedildi: 16.766666666666666x8 inch
  ST7151J0: 897 epoch (7.5 saat)
  ✓ ST7151J0 hipnogram kaydedildi: 16x8 inch

✓ Test sonuçları kaydedildi: outputs/runs/260407-1138_kfold/fold_1/test_results.json

✓ Fold 1 Test Accuracy: 80.86%

######################################################################
# FOLD 2/4 EVALUATION
######################################################################


======================================================================
SPLIT YÜKLENDI (RUN DIRECTORY'DEN)
======================================================================
Train: 29 hasta (sadece bilgi - yüklenmeyecek)
Val:   7 hasta (sadece bilgi - yüklenmeyecek)
Test:  8 hasta (değerlendirme için yüklenecek)
======================================================================


======================================================================
TEST DATALOADER OLUŞTURULUYOR (SHARED CACHE)
======================================================================
Test hastaları: 8


======================================================================
EPOCH METADATA OLUŞTURULUYOR
======================================================================
  ST7062J0: 952 epoch eklendi
  ST7022J0: 944 epoch eklendi
  ST7071J0: 821 epoch eklendi
  ST7182J0: 967 epoch eklendi
  ST7212J0: 1010 epoch eklendi
  ST7111J0: 1017 epoch eklendi
  ST7172J0: 1006 epoch eklendi
  ST7151J0: 897 epoch eklendi

======================================================================
TOPLAM: 7614 epoch

Sınıf dağılımı:
  W: 949 epoch (12.5%)
  N1: 700 epoch (9.2%)
  N2: 3132 epoch (41.1%)
  N3: 1359 epoch (17.8%)
  REM: 1474 epoch (19.4%)
======================================================================


⚠️ Balanced sampling kapalı - orijinal dağılım kullanılıyor

✓ Dataset oluşturuldu: 7614 epoch, 8 hasta
✓ Test DataLoader hazır (shared cache)!
  Test: 238 batch (7614 epoch)
======================================================================


======================================================================
MODEL YÜKLENİYOR
======================================================================


======================================================================
CNN1D V3 MODEL (Multi-Scale + Residual + SE + GAP)
======================================================================
Architecture:
  Input: [1, 3000]
  Stem: 3x Conv1D(16) k=[15, 51, 125] → concat 48ch
  ResBlock1: 48→96, k=7
  ResBlock2: 96→128, k=5
  SE: 128ch, reduction=16
  GAP → 128
  FC1: 64 units + LayerNorm
  FC2 (output): 5 classes

Parameters:
  Total: 273,133
  Trainable: 273,133
  Reduction vs CNN1D: 6.2x fewer params
======================================================================

✓ Checkpoint yüklendi: outputs/runs/260407-1138_kfold/fold_2/checkpoints/best_model.pth
  Epoch: 17
  Best val loss: 0.6038
  Best val acc: 78.15%

======================================================================
TEST SET DEĞERLENDİRMESİ
======================================================================

  Batch [10/238] işlendi
  Batch [20/238] işlendi
  Batch [30/238] işlendi
  Batch [40/238] işlendi
  Batch [50/238] işlendi
  Batch [60/238] işlendi
  Batch [70/238] işlendi
  Batch [80/238] işlendi
  Batch [90/238] işlendi
  Batch [100/238] işlendi
  Batch [110/238] işlendi
  Batch [120/238] işlendi
  Batch [130/238] işlendi
  Batch [140/238] işlendi
  Batch [150/238] işlendi
  Batch [160/238] işlendi
  Batch [170/238] işlendi
  Batch [180/238] işlendi
  Batch [190/238] işlendi
  Batch [200/238] işlendi
  Batch [210/238] işlendi
  Batch [220/238] işlendi
  Batch [230/238] işlendi

======================================================================
GENEL SONUÇLAR
======================================================================
Toplam test epoch'u: 7614
Doğru tahmin: 6177
Overall Accuracy: 81.13%
======================================================================


======================================================================
DETAYLI METRİKLER
======================================================================

Overall Accuracy: 81.13%
Cohen's Kappa: 0.7461

======================================================================
PER-CLASS METRİKLER
======================================================================
Class      Precision    Recall       F1-Score     Support   
----------------------------------------------------------------------
W          0.9032       0.8746       0.8887       949       
N1         0.4907       0.6414       0.5560       700       
N2         0.8553       0.8247       0.8397       3132      
N3         0.8398       0.8411       0.8404       1359      
REM        0.8377       0.7951       0.8159       1474      
----------------------------------------------------------------------
Macro Avg  0.7853       0.7954       0.7881       7614      
======================================================================


Scikit-learn Classification Report:
======================================================================
              precision    recall  f1-score   support

           W     0.9032    0.8746    0.8887       949
          N1     0.4907    0.6414    0.5560       700
          N2     0.8553    0.8247    0.8397      3132
          N3     0.8398    0.8411    0.8404      1359
         REM     0.8377    0.7951    0.8159      1474

    accuracy                         0.8113      7614
   macro avg     0.7853    0.7954    0.7881      7614
weighted avg     0.8216    0.8113    0.8153      7614


======================================================================
CONFUSION MATRIX OLUŞTURULUYOR
======================================================================

✓ Confusion matrix kaydedildi: outputs/runs/260407-1138_kfold/fold_2/confusion_matrix.png

Raw Confusion Matrix:
======================================================================
                   W        N1        N2        N3       REM
----------------------------------------------------------------------
         W       830       111         4         0         4
        N1        72       449        79         1        99
        N2         3       205      2583       217       124
        N3         0         2       214      1143         0
       REM        14       148       140         0      1172
======================================================================

======================================================================
CONFUSION MATRIX OLUŞTURULUYOR
======================================================================

✓ Confusion matrix kaydedildi: outputs/runs/260407-1138_kfold/fold_2/confusion_matrix_raw.png

Raw Confusion Matrix:
======================================================================
                   W        N1        N2        N3       REM
----------------------------------------------------------------------
         W       830       111         4         0         4
        N1        72       449        79         1        99
        N2         3       205      2583       217       124
        N3         0         2       214      1143         0
       REM        14       148       140         0      1172
======================================================================

======================================================================
PER-CLASS METRİK GRAFİĞİ OLUŞTURULUYOR
======================================================================

✓ Per-class metrics grafiği kaydedildi: outputs/runs/260407-1138_kfold/fold_2/per_class_metrics.png

======================================================================
HİPNOGRAMLAR OLUŞTURULUYOR (TEST HASTALARI)
======================================================================

  ST7062J0: 952 epoch (7.9 saat)
  ✓ ST7062J0 hipnogram kaydedildi: 16x8 inch
  ST7022J0: 944 epoch (7.9 saat)
  ✓ ST7022J0 hipnogram kaydedildi: 16x8 inch
  ST7071J0: 821 epoch (6.8 saat)
  ✓ ST7071J0 hipnogram kaydedildi: 16x8 inch
  ST7182J0: 967 epoch (8.1 saat)
  ✓ ST7182J0 hipnogram kaydedildi: 16.116666666666667x8 inch
  ST7212J0: 1010 epoch (8.4 saat)
  ✓ ST7212J0 hipnogram kaydedildi: 16.833333333333332x8 inch
  ST7111J0: 1017 epoch (8.5 saat)
  ✓ ST7111J0 hipnogram kaydedildi: 16.95x8 inch
  ST7172J0: 1006 epoch (8.4 saat)
  ✓ ST7172J0 hipnogram kaydedildi: 16.766666666666666x8 inch
  ST7151J0: 897 epoch (7.5 saat)
  ✓ ST7151J0 hipnogram kaydedildi: 16x8 inch

✓ Test sonuçları kaydedildi: outputs/runs/260407-1138_kfold/fold_2/test_results.json

✓ Fold 2 Test Accuracy: 81.13%

######################################################################
# FOLD 3/4 EVALUATION
######################################################################


======================================================================
SPLIT YÜKLENDI (RUN DIRECTORY'DEN)
======================================================================
Train: 29 hasta (sadece bilgi - yüklenmeyecek)
Val:   7 hasta (sadece bilgi - yüklenmeyecek)
Test:  8 hasta (değerlendirme için yüklenecek)
======================================================================


======================================================================
TEST DATALOADER OLUŞTURULUYOR (SHARED CACHE)
======================================================================
Test hastaları: 8


======================================================================
EPOCH METADATA OLUŞTURULUYOR
======================================================================
  ST7062J0: 952 epoch eklendi
  ST7022J0: 944 epoch eklendi
  ST7071J0: 821 epoch eklendi
  ST7182J0: 967 epoch eklendi
  ST7212J0: 1010 epoch eklendi
  ST7111J0: 1017 epoch eklendi
  ST7172J0: 1006 epoch eklendi
  ST7151J0: 897 epoch eklendi

======================================================================
TOPLAM: 7614 epoch

Sınıf dağılımı:
  W: 949 epoch (12.5%)
  N1: 700 epoch (9.2%)
  N2: 3132 epoch (41.1%)
  N3: 1359 epoch (17.8%)
  REM: 1474 epoch (19.4%)
======================================================================


⚠️ Balanced sampling kapalı - orijinal dağılım kullanılıyor

✓ Dataset oluşturuldu: 7614 epoch, 8 hasta
✓ Test DataLoader hazır (shared cache)!
  Test: 238 batch (7614 epoch)
======================================================================


======================================================================
MODEL YÜKLENİYOR
======================================================================


======================================================================
CNN1D V3 MODEL (Multi-Scale + Residual + SE + GAP)
======================================================================
Architecture:
  Input: [1, 3000]
  Stem: 3x Conv1D(16) k=[15, 51, 125] → concat 48ch
  ResBlock1: 48→96, k=7
  ResBlock2: 96→128, k=5
  SE: 128ch, reduction=16
  GAP → 128
  FC1: 64 units + LayerNorm
  FC2 (output): 5 classes

Parameters:
  Total: 273,133
  Trainable: 273,133
  Reduction vs CNN1D: 6.2x fewer params
======================================================================

✓ Checkpoint yüklendi: outputs/runs/260407-1138_kfold/fold_3/checkpoints/best_model.pth
  Epoch: 18
  Best val loss: 0.5020
  Best val acc: 82.43%

======================================================================
TEST SET DEĞERLENDİRMESİ
======================================================================

  Batch [10/238] işlendi
  Batch [20/238] işlendi
  Batch [30/238] işlendi
  Batch [40/238] işlendi
  Batch [50/238] işlendi
  Batch [60/238] işlendi
  Batch [70/238] işlendi
  Batch [80/238] işlendi
  Batch [90/238] işlendi
  Batch [100/238] işlendi
  Batch [110/238] işlendi
  Batch [120/238] işlendi
  Batch [130/238] işlendi
  Batch [140/238] işlendi
  Batch [150/238] işlendi
  Batch [160/238] işlendi
  Batch [170/238] işlendi
  Batch [180/238] işlendi
  Batch [190/238] işlendi
  Batch [200/238] işlendi
  Batch [210/238] işlendi
  Batch [220/238] işlendi
  Batch [230/238] işlendi

======================================================================
GENEL SONUÇLAR
======================================================================
Toplam test epoch'u: 7614
Doğru tahmin: 6233
Overall Accuracy: 81.86%
======================================================================


======================================================================
DETAYLI METRİKLER
======================================================================

Overall Accuracy: 81.86%
Cohen's Kappa: 0.7550

======================================================================
PER-CLASS METRİKLER
======================================================================
Class      Precision    Recall       F1-Score     Support   
----------------------------------------------------------------------
W          0.8671       0.9146       0.8903       949       
N1         0.5330       0.5657       0.5489       700       
N2         0.8560       0.8410       0.8484       3132      
N3         0.8114       0.8705       0.8399       1359      
REM        0.8629       0.7815       0.8202       1474      
----------------------------------------------------------------------
Macro Avg  0.7861       0.7947       0.7895       7614      
======================================================================


Scikit-learn Classification Report:
======================================================================
              precision    recall  f1-score   support

           W     0.8671    0.9146    0.8903       949
          N1     0.5330    0.5657    0.5489       700
          N2     0.8560    0.8410    0.8484      3132
          N3     0.8114    0.8705    0.8399      1359
         REM     0.8629    0.7815    0.8202      1474

    accuracy                         0.8186      7614
   macro avg     0.7861    0.7947    0.7895      7614
weighted avg     0.8211    0.8186    0.8191      7614


======================================================================
CONFUSION MATRIX OLUŞTURULUYOR
======================================================================

✓ Confusion matrix kaydedildi: outputs/runs/260407-1138_kfold/fold_3/confusion_matrix.png

Raw Confusion Matrix:
======================================================================
                   W        N1        N2        N3       REM
----------------------------------------------------------------------
         W       868        73         3         1         4
        N1       107       396       102         6        89
        N2         8       135      2634       265        90
        N3         0         0       176      1183         0
       REM        18       139       162         3      1152
======================================================================

======================================================================
CONFUSION MATRIX OLUŞTURULUYOR
======================================================================

✓ Confusion matrix kaydedildi: outputs/runs/260407-1138_kfold/fold_3/confusion_matrix_raw.png

Raw Confusion Matrix:
======================================================================
                   W        N1        N2        N3       REM
----------------------------------------------------------------------
         W       868        73         3         1         4
        N1       107       396       102         6        89
        N2         8       135      2634       265        90
        N3         0         0       176      1183         0
       REM        18       139       162         3      1152
======================================================================

======================================================================
PER-CLASS METRİK GRAFİĞİ OLUŞTURULUYOR
======================================================================

✓ Per-class metrics grafiği kaydedildi: outputs/runs/260407-1138_kfold/fold_3/per_class_metrics.png

======================================================================
HİPNOGRAMLAR OLUŞTURULUYOR (TEST HASTALARI)
======================================================================

  ST7062J0: 952 epoch (7.9 saat)
  ✓ ST7062J0 hipnogram kaydedildi: 16x8 inch
  ST7022J0: 944 epoch (7.9 saat)
  ✓ ST7022J0 hipnogram kaydedildi: 16x8 inch
  ST7071J0: 821 epoch (6.8 saat)
  ✓ ST7071J0 hipnogram kaydedildi: 16x8 inch
  ST7182J0: 967 epoch (8.1 saat)
  ✓ ST7182J0 hipnogram kaydedildi: 16.116666666666667x8 inch
  ST7212J0: 1010 epoch (8.4 saat)
  ✓ ST7212J0 hipnogram kaydedildi: 16.833333333333332x8 inch
  ST7111J0: 1017 epoch (8.5 saat)
  ✓ ST7111J0 hipnogram kaydedildi: 16.95x8 inch
  ST7172J0: 1006 epoch (8.4 saat)
  ✓ ST7172J0 hipnogram kaydedildi: 16.766666666666666x8 inch
  ST7151J0: 897 epoch (7.5 saat)
  ✓ ST7151J0 hipnogram kaydedildi: 16x8 inch

✓ Test sonuçları kaydedildi: outputs/runs/260407-1138_kfold/fold_3/test_results.json

✓ Fold 3 Test Accuracy: 81.86%

######################################################################
# FOLD 4/4 EVALUATION
######################################################################


======================================================================
SPLIT YÜKLENDI (RUN DIRECTORY'DEN)
======================================================================
Train: 29 hasta (sadece bilgi - yüklenmeyecek)
Val:   7 hasta (sadece bilgi - yüklenmeyecek)
Test:  8 hasta (değerlendirme için yüklenecek)
======================================================================


======================================================================
TEST DATALOADER OLUŞTURULUYOR (SHARED CACHE)
======================================================================
Test hastaları: 8


======================================================================
EPOCH METADATA OLUŞTURULUYOR
======================================================================
  ST7062J0: 952 epoch eklendi
  ST7022J0: 944 epoch eklendi
  ST7071J0: 821 epoch eklendi
  ST7182J0: 967 epoch eklendi
  ST7212J0: 1010 epoch eklendi
  ST7111J0: 1017 epoch eklendi
  ST7172J0: 1006 epoch eklendi
  ST7151J0: 897 epoch eklendi

======================================================================
TOPLAM: 7614 epoch

Sınıf dağılımı:
  W: 949 epoch (12.5%)
  N1: 700 epoch (9.2%)
  N2: 3132 epoch (41.1%)
  N3: 1359 epoch (17.8%)
  REM: 1474 epoch (19.4%)
======================================================================


⚠️ Balanced sampling kapalı - orijinal dağılım kullanılıyor

✓ Dataset oluşturuldu: 7614 epoch, 8 hasta
✓ Test DataLoader hazır (shared cache)!
  Test: 238 batch (7614 epoch)
======================================================================


======================================================================
MODEL YÜKLENİYOR
======================================================================


======================================================================
CNN1D V3 MODEL (Multi-Scale + Residual + SE + GAP)
======================================================================
Architecture:
  Input: [1, 3000]
  Stem: 3x Conv1D(16) k=[15, 51, 125] → concat 48ch
  ResBlock1: 48→96, k=7
  ResBlock2: 96→128, k=5
  SE: 128ch, reduction=16
  GAP → 128
  FC1: 64 units + LayerNorm
  FC2 (output): 5 classes

Parameters:
  Total: 273,133
  Trainable: 273,133
  Reduction vs CNN1D: 6.2x fewer params
======================================================================

✓ Checkpoint yüklendi: outputs/runs/260407-1138_kfold/fold_4/checkpoints/best_model.pth
  Epoch: 10
  Best val loss: 0.4632
  Best val acc: 84.17%

======================================================================
TEST SET DEĞERLENDİRMESİ
======================================================================

  Batch [10/238] işlendi
  Batch [20/238] işlendi
  Batch [30/238] işlendi
  Batch [40/238] işlendi
  Batch [50/238] işlendi
  Batch [60/238] işlendi
  Batch [70/238] işlendi
  Batch [80/238] işlendi
  Batch [90/238] işlendi
  Batch [100/238] işlendi
  Batch [110/238] işlendi
  Batch [120/238] işlendi
  Batch [130/238] işlendi
  Batch [140/238] işlendi
  Batch [150/238] işlendi
  Batch [160/238] işlendi
  Batch [170/238] işlendi
  Batch [180/238] işlendi
  Batch [190/238] işlendi
  Batch [200/238] işlendi
  Batch [210/238] işlendi
  Batch [220/238] işlendi
  Batch [230/238] işlendi

======================================================================
GENEL SONUÇLAR
======================================================================
Toplam test epoch'u: 7614
Doğru tahmin: 6062
Overall Accuracy: 79.62%
======================================================================


======================================================================
DETAYLI METRİKLER
======================================================================

Overall Accuracy: 79.62%
Cohen's Kappa: 0.7212

======================================================================
PER-CLASS METRİKLER
======================================================================
Class      Precision    Recall       F1-Score     Support   
----------------------------------------------------------------------
W          0.8789       0.9104       0.8944       949       
N1         0.5007       0.5400       0.5196       700       
N2         0.8039       0.8624       0.8321       3132      
N3         0.9410       0.6689       0.7819       1359      
REM        0.7806       0.8209       0.8003       1474      
----------------------------------------------------------------------
Macro Avg  0.7810       0.7605       0.7657       7614      
======================================================================


Scikit-learn Classification Report:
======================================================================
              precision    recall  f1-score   support

           W     0.8789    0.9104    0.8944       949
          N1     0.5007    0.5400    0.5196       700
          N2     0.8039    0.8624    0.8321      3132
          N3     0.9410    0.6689    0.7819      1359
         REM     0.7806    0.8209    0.8003      1474

    accuracy                         0.7962      7614
   macro avg     0.7810    0.7605    0.7657      7614
weighted avg     0.8053    0.7962    0.7960      7614


======================================================================
CONFUSION MATRIX OLUŞTURULUYOR
======================================================================

✓ Confusion matrix kaydedildi: outputs/runs/260407-1138_kfold/fold_4/confusion_matrix.png

Raw Confusion Matrix:
======================================================================
                   W        N1        N2        N3       REM
----------------------------------------------------------------------
         W       864        77         2         0         6
        N1        96       378        73         0       153
        N2         5       189      2701        57       180
        N3         0         5       444       909         1
       REM        18       106       140         0      1210
======================================================================

======================================================================
CONFUSION MATRIX OLUŞTURULUYOR
======================================================================

✓ Confusion matrix kaydedildi: outputs/runs/260407-1138_kfold/fold_4/confusion_matrix_raw.png

Raw Confusion Matrix:
======================================================================
                   W        N1        N2        N3       REM
----------------------------------------------------------------------
         W       864        77         2         0         6
        N1        96       378        73         0       153
        N2         5       189      2701        57       180
        N3         0         5       444       909         1
       REM        18       106       140         0      1210
======================================================================

======================================================================
PER-CLASS METRİK GRAFİĞİ OLUŞTURULUYOR
======================================================================

✓ Per-class metrics grafiği kaydedildi: outputs/runs/260407-1138_kfold/fold_4/per_class_metrics.png

======================================================================
HİPNOGRAMLAR OLUŞTURULUYOR (TEST HASTALARI)
======================================================================

  ST7062J0: 952 epoch (7.9 saat)
  ✓ ST7062J0 hipnogram kaydedildi: 16x8 inch
  ST7022J0: 944 epoch (7.9 saat)
  ✓ ST7022J0 hipnogram kaydedildi: 16x8 inch
  ST7071J0: 821 epoch (6.8 saat)
  ✓ ST7071J0 hipnogram kaydedildi: 16x8 inch
  ST7182J0: 967 epoch (8.1 saat)
  ✓ ST7182J0 hipnogram kaydedildi: 16.116666666666667x8 inch
  ST7212J0: 1010 epoch (8.4 saat)
  ✓ ST7212J0 hipnogram kaydedildi: 16.833333333333332x8 inch
  ST7111J0: 1017 epoch (8.5 saat)
  ✓ ST7111J0 hipnogram kaydedildi: 16.95x8 inch
  ST7172J0: 1006 epoch (8.4 saat)
  ✓ ST7172J0 hipnogram kaydedildi: 16.766666666666666x8 inch
  ST7151J0: 897 epoch (7.5 saat)
  ✓ ST7151J0 hipnogram kaydedildi: 16x8 inch

✓ Test sonuçları kaydedildi: outputs/runs/260407-1138_kfold/fold_4/test_results.json

✓ Fold 4 Test Accuracy: 79.62%

======================================================================
K-FOLD EVALUATION TAMAMLANDI!
======================================================================

📊 TEST SONUÇLARI (5 fold):
  Fold 0: Test Acc = 80.52%
  Fold 1: Test Acc = 80.86%
  Fold 2: Test Acc = 81.13%
  Fold 3: Test Acc = 81.86%
  Fold 4: Test Acc = 79.62%

  Ortalama Test Acc: 80.80% ± 0.74%
======================================================================

✓ kfold_summary.json güncellendi (test sonuçları eklendi)
✓ Shared signal cache temizlendi
