
======================================================================
EVALUATION - RUN: 260228-0738_kfold
======================================================================
Run directory: outputs/runs/260228-0738_kfold
======================================================================


======================================================================
SLEEP STAGE CLASSIFICATION - CONFIGURATION
======================================================================

📊 DATA:
  Channels: ['EEG Fpz-Cz', 'EEG Pz-Oz', 'EOG horizontal', 'EMG submental']
  Sample rate: 100 Hz
  Samples per epoch: 3000
  Classes: ['W', 'N1', 'N2', 'N3', 'REM']

🔀 SPLIT:
  Train: 34 patients
  Val: 5 patients
  Test: 5 patients

🏗️  MODEL:
  Type: cnn1d
  Architecture: 1D-CNN

⚙️  TRAINING:
  Database: physionet_sleep
  Batch size: 32
  Learning rate: 0.001
  Epochs: 50
  Optimizer: Adam
  Weight decay: 0.0001
  Dropout: 0.3
  Loss function: CrossEntropyLoss
  Balance strategy: none
  Early stopping: True

🔧 PREPROCESSING:
  Normalization: z-score
  Filtering: True
  Augmentation: True

💻 DEVICE:
  CUDA available: True
  Device: cuda

📁 OUTPUT:
  Directory: outputs

======================================================================

Offline modda hasta listesi alınıyor...
✓ Toplam 44 hasta bulundu

Stage verileri cache'e yükleniyor...

======================================================================
OFFLINE VERİLER CACHE'E YÜKLENİYOR (.npz)
======================================================================
Kaynak: /mnt/ssd2/2.SLEEP STAGING/1.DATA/physionet_sleep/sleep-edf-database-expanded-1.0.0/sleep-telemetry/offline_data/physionet_sleep
Hasta sayısı: 44
----------------------------------------------------------------------
[1/44] ST7011J0: 1092 epoch ✓
[2/44] ST7012J0: 1040 epoch ✓
[3/44] ST7021J0: 920 epoch ✓
[4/44] ST7022J0: 944 epoch ✓
[5/44] ST7041J0: 1007 epoch ✓
[6/44] ST7042J0: 1130 epoch ✓
[7/44] ST7051J0: 1018 epoch ✓
[8/44] ST7052J0: 1034 epoch ✓
[9/44] ST7061J0: 1008 epoch ✓
[10/44] ST7062J0: 952 epoch ✓
[11/44] ST7071J0: 821 epoch ✓
[12/44] ST7072J0: 915 epoch ✓
[13/44] ST7081J0: 967 epoch ✓
[14/44] ST7082J0: 931 epoch ✓
[15/44] ST7091J0: 943 epoch ✓
[16/44] ST7092J0: 923 epoch ✓
[17/44] ST7101J0: 1042 epoch ✓
[18/44] ST7102J0: 980 epoch ✓
[19/44] ST7111J0: 1017 epoch ✓
[20/44] ST7112J0: 978 epoch ✓
[21/44] ST7121J0: 1026 epoch ✓
[22/44] ST7122J0: 945 epoch ✓
[23/44] ST7131J0: 859 epoch ✓
[24/44] ST7132J0: 852 epoch ✓
[25/44] ST7141J0: 858 epoch ✓
[26/44] ST7142J0: 873 epoch ✓
[27/44] ST7151J0: 897 epoch ✓
[28/44] ST7152J0: 1045 epoch ✓
[29/44] ST7161J0: 1057 epoch ✓
[30/44] ST7162J0: 988 epoch ✓
[31/44] ST7171J0: 965 epoch ✓
[32/44] ST7172J0: 1006 epoch ✓
[33/44] ST7181J0: 959 epoch ✓
[34/44] ST7182J0: 967 epoch ✓
[35/44] ST7191J0: 955 epoch ✓
[36/44] ST7192J0: 931 epoch ✓
[37/44] ST7201J0: 922 epoch ✓
[38/44] ST7202J0: 898 epoch ✓
[39/44] ST7211J0: 1077 epoch ✓
[40/44] ST7212J0: 1010 epoch ✓
[41/44] ST7221J0: 1033 epoch ✓
[42/44] ST7222J0: 951 epoch ✓
[43/44] ST7241J0: 1021 epoch ✓
[44/44] ST7242J0: 939 epoch ✓

======================================================================
OFFLINE CACHE HAZIR!
  Yüklenen hasta: 44/44
  Stage cache: 44 hasta
  Sinyal cache: 176 (patient, channel) çifti
  Sinyal bellek: 1.91 GB
======================================================================

✓ 44 hasta cache'de


======================================================================
K-FOLD EVALUATION MODU (5 fold)
======================================================================


======================================================================
TÜM FOLD'LAR İÇİN SİNYAL VERİLERİ TEK SEFERDE YÜKLENİYOR
Toplam benzersiz test hastası: 5
======================================================================


======================================================================
TÜM SİNYAL VERİLERİ YÜKLENIYOR (SHARED CACHE)
======================================================================
Toplam hasta: 5
Kanallar: ['EEG Fpz-Cz', 'EEG Pz-Oz', 'EOG horizontal', 'EMG submental']


======================================================================
EPOCH METADATA OLUŞTURULUYOR
======================================================================
  ST7022J0: 944 epoch eklendi
  ST7062J0: 952 epoch eklendi
  ST7071J0: 821 epoch eklendi
  ST7182J0: 967 epoch eklendi
  ST7212J0: 1010 epoch eklendi

======================================================================
TOPLAM: 4694 epoch

Sınıf dağılımı:
  W: 659 epoch (14.0%)
  N1: 417 epoch (8.9%)
  N2: 2038 epoch (43.4%)
  N3: 712 epoch (15.2%)
  REM: 868 epoch (18.5%)
======================================================================


⚠️ Balanced sampling kapalı - orijinal dağılım kullanılıyor


======================================================================
RAM CACHE OLUŞTURULUYOR - TÜM VERİLER YÜKLENİYOR
Kaynak: Offline (.npz dosyaları)
======================================================================
Toplam epoch: 4694
Kanal sayısı: 4
Tahmini boyut: ~0.21 GB
======================================================================

Veri yükleniyor:   0%|          | 0/18776 [00:00<?, ?epoch-kanal/s]Veri yükleniyor:  54%|█████▍    | 10145/18776 [00:00<00:00, 101444.53epoch-kanal/s]Veri yükleniyor: 100%|██████████| 18776/18776 [00:00<00:00, 96857.54epoch-kanal/s] 

======================================================================
✓ RAM CACHE HAZIR!
======================================================================
Cache'deki veri sayısı: 18,776
Toplam bellek kullanımı: 0.21 GB
======================================================================

✓ Dataset oluşturuldu: 4694 epoch, 5 hasta

======================================================================
✓ SHARED CACHE HAZIR!
  Toplam sinyal: 18,776
  Bellek kullanımı: 0.21 GB
======================================================================


######################################################################
# FOLD 0/4 EVALUATION
######################################################################


======================================================================
SPLIT YÜKLENDI (RUN DIRECTORY'DEN)
======================================================================
Train: 31 hasta (sadece bilgi - yüklenmeyecek)
Val:   8 hasta (sadece bilgi - yüklenmeyecek)
Test:  5 hasta (değerlendirme için yüklenecek)
======================================================================


======================================================================
TEST DATALOADER OLUŞTURULUYOR (SHARED CACHE)
======================================================================
Test hastaları: 5


======================================================================
EPOCH METADATA OLUŞTURULUYOR
======================================================================
  ST7062J0: 952 epoch eklendi
  ST7022J0: 944 epoch eklendi
  ST7071J0: 821 epoch eklendi
  ST7182J0: 967 epoch eklendi
  ST7212J0: 1010 epoch eklendi

======================================================================
TOPLAM: 4694 epoch

Sınıf dağılımı:
  W: 659 epoch (14.0%)
  N1: 417 epoch (8.9%)
  N2: 2038 epoch (43.4%)
  N3: 712 epoch (15.2%)
  REM: 868 epoch (18.5%)
======================================================================


⚠️ Balanced sampling kapalı - orijinal dağılım kullanılıyor

✓ Dataset oluşturuldu: 4694 epoch, 5 hasta
✓ Test DataLoader hazır (shared cache)!
  Test: 147 batch (4694 epoch)
======================================================================


======================================================================
MODEL YÜKLENİYOR
======================================================================


======================================================================
1D-CNN MODEL
======================================================================
Architecture:
  Input: [4, 3000]
  Conv1: 32 filters, kernel=50
  Conv2: 64 filters, kernel=25
  Conv3: 128 filters, kernel=10
  Flatten: 6016 features
  FC1: 256 units
  FC2 (output): 5 classes

Parameters:
  Total: 1,681,381
  Trainable: 1,681,381
======================================================================

✓ Checkpoint yüklendi: outputs/runs/260228-0738_kfold/fold_0/checkpoints/best_model.pth
  Epoch: 8
  Best val loss: 0.5109
  Best val acc: 83.93%

======================================================================
TEST SET DEĞERLENDİRMESİ
======================================================================

  Batch [10/147] işlendi
  Batch [20/147] işlendi
  Batch [30/147] işlendi
  Batch [40/147] işlendi
  Batch [50/147] işlendi
  Batch [60/147] işlendi
  Batch [70/147] işlendi
  Batch [80/147] işlendi
  Batch [90/147] işlendi
  Batch [100/147] işlendi
  Batch [110/147] işlendi
  Batch [120/147] işlendi
  Batch [130/147] işlendi
  Batch [140/147] işlendi

======================================================================
GENEL SONUÇLAR
======================================================================
Toplam test epoch'u: 4694
Doğru tahmin: 3873
Overall Accuracy: 82.51%
======================================================================


======================================================================
DETAYLI METRİKLER
======================================================================

Overall Accuracy: 82.51%
Cohen's Kappa: 0.7608

======================================================================
PER-CLASS METRİKLER
======================================================================
Class      Precision    Recall       F1-Score     Support   
----------------------------------------------------------------------
W          0.8874       0.9332       0.9098       659       
N1         0.6597       0.6043       0.6308       417       
N2         0.8643       0.8253       0.8444       2038      
N3         0.7341       0.7444       0.7392       712       
REM        0.8349       0.9147       0.8730       868       
----------------------------------------------------------------------
Macro Avg  0.7961       0.8044       0.7994       4694      
======================================================================


Scikit-learn Classification Report:
======================================================================
              precision    recall  f1-score   support

           W     0.8874    0.9332    0.9098       659
          N1     0.6597    0.6043    0.6308       417
          N2     0.8643    0.8253    0.8444      2038
          N3     0.7341    0.7444    0.7392       712
         REM     0.8349    0.9147    0.8730       868

    accuracy                         0.8251      4694
   macro avg     0.7961    0.8044    0.7994      4694
weighted avg     0.8242    0.8251    0.8239      4694


======================================================================
CONFUSION MATRIX OLUŞTURULUYOR
======================================================================

✓ Confusion matrix kaydedildi: outputs/runs/260228-0738_kfold/fold_0/confusion_matrix.png

Raw Confusion Matrix:
======================================================================
                   W        N1        N2        N3       REM
----------------------------------------------------------------------
         W       615        33         4         2         5
        N1        69       252        43         2        51
        N2         7        60      1682       188       101
        N3         0         2       180       530         0
       REM         2        35        37         0       794
======================================================================

======================================================================
CONFUSION MATRIX OLUŞTURULUYOR
======================================================================

✓ Confusion matrix kaydedildi: outputs/runs/260228-0738_kfold/fold_0/confusion_matrix_raw.png

Raw Confusion Matrix:
======================================================================
                   W        N1        N2        N3       REM
----------------------------------------------------------------------
         W       615        33         4         2         5
        N1        69       252        43         2        51
        N2         7        60      1682       188       101
        N3         0         2       180       530         0
       REM         2        35        37         0       794
======================================================================

======================================================================
PER-CLASS METRİK GRAFİĞİ OLUŞTURULUYOR
======================================================================

✓ Per-class metrics grafiği kaydedildi: outputs/runs/260228-0738_kfold/fold_0/per_class_metrics.png

======================================================================
HİPNOGRAMLAR OLUŞTURULUYOR (TEST HASTALARI)
======================================================================

  ST7062J0: 952 epoch (7.9 saat)
  ✓ ST7062J0 hipnogram kaydedildi: 16x8 inch
  ST7022J0: 944 epoch (7.9 saat)
  ✓ ST7022J0 hipnogram kaydedildi: 16x8 inch
  ST7071J0: 821 epoch (6.8 saat)
  ✓ ST7071J0 hipnogram kaydedildi: 16x8 inch
  ST7182J0: 967 epoch (8.1 saat)
  ✓ ST7182J0 hipnogram kaydedildi: 16.116666666666667x8 inch
  ST7212J0: 1010 epoch (8.4 saat)
  ✓ ST7212J0 hipnogram kaydedildi: 16.833333333333332x8 inch

✓ Test sonuçları kaydedildi: outputs/runs/260228-0738_kfold/fold_0/test_results.json

✓ Fold 0 Test Accuracy: 82.51%

######################################################################
# FOLD 1/4 EVALUATION
######################################################################


======================================================================
SPLIT YÜKLENDI (RUN DIRECTORY'DEN)
======================================================================
Train: 31 hasta (sadece bilgi - yüklenmeyecek)
Val:   8 hasta (sadece bilgi - yüklenmeyecek)
Test:  5 hasta (değerlendirme için yüklenecek)
======================================================================


======================================================================
TEST DATALOADER OLUŞTURULUYOR (SHARED CACHE)
======================================================================
Test hastaları: 5


======================================================================
EPOCH METADATA OLUŞTURULUYOR
======================================================================
  ST7062J0: 952 epoch eklendi
  ST7022J0: 944 epoch eklendi
  ST7071J0: 821 epoch eklendi
  ST7182J0: 967 epoch eklendi
  ST7212J0: 1010 epoch eklendi

======================================================================
TOPLAM: 4694 epoch

Sınıf dağılımı:
  W: 659 epoch (14.0%)
  N1: 417 epoch (8.9%)
  N2: 2038 epoch (43.4%)
  N3: 712 epoch (15.2%)
  REM: 868 epoch (18.5%)
======================================================================


⚠️ Balanced sampling kapalı - orijinal dağılım kullanılıyor

✓ Dataset oluşturuldu: 4694 epoch, 5 hasta
✓ Test DataLoader hazır (shared cache)!
  Test: 147 batch (4694 epoch)
======================================================================


======================================================================
MODEL YÜKLENİYOR
======================================================================


======================================================================
1D-CNN MODEL
======================================================================
Architecture:
  Input: [4, 3000]
  Conv1: 32 filters, kernel=50
  Conv2: 64 filters, kernel=25
  Conv3: 128 filters, kernel=10
  Flatten: 6016 features
  FC1: 256 units
  FC2 (output): 5 classes

Parameters:
  Total: 1,681,381
  Trainable: 1,681,381
======================================================================

✓ Checkpoint yüklendi: outputs/runs/260228-0738_kfold/fold_1/checkpoints/best_model.pth
  Epoch: 15
  Best val loss: 0.4679
  Best val acc: 83.67%

======================================================================
TEST SET DEĞERLENDİRMESİ
======================================================================

  Batch [10/147] işlendi
  Batch [20/147] işlendi
  Batch [30/147] işlendi
  Batch [40/147] işlendi
  Batch [50/147] işlendi
  Batch [60/147] işlendi
  Batch [70/147] işlendi
  Batch [80/147] işlendi
  Batch [90/147] işlendi
  Batch [100/147] işlendi
  Batch [110/147] işlendi
  Batch [120/147] işlendi
  Batch [130/147] işlendi
  Batch [140/147] işlendi

======================================================================
GENEL SONUÇLAR
======================================================================
Toplam test epoch'u: 4694
Doğru tahmin: 3859
Overall Accuracy: 82.21%
======================================================================


======================================================================
DETAYLI METRİKLER
======================================================================

Overall Accuracy: 82.21%
Cohen's Kappa: 0.7588

======================================================================
PER-CLASS METRİKLER
======================================================================
Class      Precision    Recall       F1-Score     Support   
----------------------------------------------------------------------
W          0.8862       0.9332       0.9091       659       
N1         0.5330       0.7170       0.6115       417       
N2         0.8762       0.8091       0.8413       2038      
N3         0.8221       0.7205       0.7680       712       
REM        0.8392       0.9021       0.8695       868       
----------------------------------------------------------------------
Macro Avg  0.7913       0.8164       0.7999       4694      
======================================================================


Scikit-learn Classification Report:
======================================================================
              precision    recall  f1-score   support

           W     0.8862    0.9332    0.9091       659
          N1     0.5330    0.7170    0.6115       417
          N2     0.8762    0.8091    0.8413      2038
          N3     0.8221    0.7205    0.7680       712
         REM     0.8392    0.9021    0.8695       868

    accuracy                         0.8221      4694
   macro avg     0.7913    0.8164    0.7999      4694
weighted avg     0.8321    0.8221    0.8245      4694


======================================================================
CONFUSION MATRIX OLUŞTURULUYOR
======================================================================

✓ Confusion matrix kaydedildi: outputs/runs/260228-0738_kfold/fold_1/confusion_matrix.png

Raw Confusion Matrix:
======================================================================
                   W        N1        N2        N3       REM
----------------------------------------------------------------------
         W       615        43         0         0         1
        N1        67       299        17         0        34
        N2         8       156      1649       111       114
        N3         1         1       196       513         1
       REM         3        62        20         0       783
======================================================================

======================================================================
CONFUSION MATRIX OLUŞTURULUYOR
======================================================================

✓ Confusion matrix kaydedildi: outputs/runs/260228-0738_kfold/fold_1/confusion_matrix_raw.png

Raw Confusion Matrix:
======================================================================
                   W        N1        N2        N3       REM
----------------------------------------------------------------------
         W       615        43         0         0         1
        N1        67       299        17         0        34
        N2         8       156      1649       111       114
        N3         1         1       196       513         1
       REM         3        62        20         0       783
======================================================================

======================================================================
PER-CLASS METRİK GRAFİĞİ OLUŞTURULUYOR
======================================================================

✓ Per-class metrics grafiği kaydedildi: outputs/runs/260228-0738_kfold/fold_1/per_class_metrics.png

======================================================================
HİPNOGRAMLAR OLUŞTURULUYOR (TEST HASTALARI)
======================================================================

  ST7062J0: 952 epoch (7.9 saat)
  ✓ ST7062J0 hipnogram kaydedildi: 16x8 inch
  ST7022J0: 944 epoch (7.9 saat)
  ✓ ST7022J0 hipnogram kaydedildi: 16x8 inch
  ST7071J0: 821 epoch (6.8 saat)
  ✓ ST7071J0 hipnogram kaydedildi: 16x8 inch
  ST7182J0: 967 epoch (8.1 saat)
  ✓ ST7182J0 hipnogram kaydedildi: 16.116666666666667x8 inch
  ST7212J0: 1010 epoch (8.4 saat)
  ✓ ST7212J0 hipnogram kaydedildi: 16.833333333333332x8 inch

✓ Test sonuçları kaydedildi: outputs/runs/260228-0738_kfold/fold_1/test_results.json

✓ Fold 1 Test Accuracy: 82.21%

######################################################################
# FOLD 2/4 EVALUATION
######################################################################


======================================================================
SPLIT YÜKLENDI (RUN DIRECTORY'DEN)
======================================================================
Train: 31 hasta (sadece bilgi - yüklenmeyecek)
Val:   8 hasta (sadece bilgi - yüklenmeyecek)
Test:  5 hasta (değerlendirme için yüklenecek)
======================================================================


======================================================================
TEST DATALOADER OLUŞTURULUYOR (SHARED CACHE)
======================================================================
Test hastaları: 5


======================================================================
EPOCH METADATA OLUŞTURULUYOR
======================================================================
  ST7062J0: 952 epoch eklendi
  ST7022J0: 944 epoch eklendi
  ST7071J0: 821 epoch eklendi
  ST7182J0: 967 epoch eklendi
  ST7212J0: 1010 epoch eklendi

======================================================================
TOPLAM: 4694 epoch

Sınıf dağılımı:
  W: 659 epoch (14.0%)
  N1: 417 epoch (8.9%)
  N2: 2038 epoch (43.4%)
  N3: 712 epoch (15.2%)
  REM: 868 epoch (18.5%)
======================================================================


⚠️ Balanced sampling kapalı - orijinal dağılım kullanılıyor

✓ Dataset oluşturuldu: 4694 epoch, 5 hasta
✓ Test DataLoader hazır (shared cache)!
  Test: 147 batch (4694 epoch)
======================================================================


======================================================================
MODEL YÜKLENİYOR
======================================================================


======================================================================
1D-CNN MODEL
======================================================================
Architecture:
  Input: [4, 3000]
  Conv1: 32 filters, kernel=50
  Conv2: 64 filters, kernel=25
  Conv3: 128 filters, kernel=10
  Flatten: 6016 features
  FC1: 256 units
  FC2 (output): 5 classes

Parameters:
  Total: 1,681,381
  Trainable: 1,681,381
======================================================================

✓ Checkpoint yüklendi: outputs/runs/260228-0738_kfold/fold_2/checkpoints/best_model.pth
  Epoch: 7
  Best val loss: 0.5466
  Best val acc: 82.16%

======================================================================
TEST SET DEĞERLENDİRMESİ
======================================================================

  Batch [10/147] işlendi
  Batch [20/147] işlendi
  Batch [30/147] işlendi
  Batch [40/147] işlendi
  Batch [50/147] işlendi
  Batch [60/147] işlendi
  Batch [70/147] işlendi
  Batch [80/147] işlendi
  Batch [90/147] işlendi
  Batch [100/147] işlendi
  Batch [110/147] işlendi
  Batch [120/147] işlendi
  Batch [130/147] işlendi
  Batch [140/147] işlendi

======================================================================
GENEL SONUÇLAR
======================================================================
Toplam test epoch'u: 4694
Doğru tahmin: 3688
Overall Accuracy: 78.57%
======================================================================


======================================================================
DETAYLI METRİKLER
======================================================================

Overall Accuracy: 78.57%
Cohen's Kappa: 0.7093

======================================================================
PER-CLASS METRİKLER
======================================================================
Class      Precision    Recall       F1-Score     Support   
----------------------------------------------------------------------
W          0.9008       0.8953       0.8980       659       
N1         0.4363       0.7890       0.5619       417       
N2         0.8525       0.8140       0.8328       2038      
N3         0.8241       0.6447       0.7234       712       
REM        0.8325       0.7500       0.7891       868       
----------------------------------------------------------------------
Macro Avg  0.7692       0.7786       0.7611       4694      
======================================================================


Scikit-learn Classification Report:
======================================================================
              precision    recall  f1-score   support

           W     0.9008    0.8953    0.8980       659
          N1     0.4363    0.7890    0.5619       417
          N2     0.8525    0.8140    0.8328      2038
          N3     0.8241    0.6447    0.7234       712
         REM     0.8325    0.7500    0.7891       868

    accuracy                         0.7857      4694
   macro avg     0.7692    0.7786    0.7611      4694
weighted avg     0.8143    0.7857    0.7932      4694


======================================================================
CONFUSION MATRIX OLUŞTURULUYOR
======================================================================

✓ Confusion matrix kaydedildi: outputs/runs/260228-0738_kfold/fold_2/confusion_matrix.png

Raw Confusion Matrix:
======================================================================
                   W        N1        N2        N3       REM
----------------------------------------------------------------------
         W       590        67         1         0         1
        N1        49       329        19         0        20
        N2         7       166      1659        98       108
        N3         0         1       250       459         2
       REM         9       191        17         0       651
======================================================================

======================================================================
CONFUSION MATRIX OLUŞTURULUYOR
======================================================================

✓ Confusion matrix kaydedildi: outputs/runs/260228-0738_kfold/fold_2/confusion_matrix_raw.png

Raw Confusion Matrix:
======================================================================
                   W        N1        N2        N3       REM
----------------------------------------------------------------------
         W       590        67         1         0         1
        N1        49       329        19         0        20
        N2         7       166      1659        98       108
        N3         0         1       250       459         2
       REM         9       191        17         0       651
======================================================================

======================================================================
PER-CLASS METRİK GRAFİĞİ OLUŞTURULUYOR
======================================================================

✓ Per-class metrics grafiği kaydedildi: outputs/runs/260228-0738_kfold/fold_2/per_class_metrics.png

======================================================================
HİPNOGRAMLAR OLUŞTURULUYOR (TEST HASTALARI)
======================================================================

  ST7062J0: 952 epoch (7.9 saat)
  ✓ ST7062J0 hipnogram kaydedildi: 16x8 inch
  ST7022J0: 944 epoch (7.9 saat)
  ✓ ST7022J0 hipnogram kaydedildi: 16x8 inch
  ST7071J0: 821 epoch (6.8 saat)
  ✓ ST7071J0 hipnogram kaydedildi: 16x8 inch
  ST7182J0: 967 epoch (8.1 saat)
  ✓ ST7182J0 hipnogram kaydedildi: 16.116666666666667x8 inch
  ST7212J0: 1010 epoch (8.4 saat)
  ✓ ST7212J0 hipnogram kaydedildi: 16.833333333333332x8 inch

✓ Test sonuçları kaydedildi: outputs/runs/260228-0738_kfold/fold_2/test_results.json

✓ Fold 2 Test Accuracy: 78.57%

######################################################################
# FOLD 3/4 EVALUATION
######################################################################


======================================================================
SPLIT YÜKLENDI (RUN DIRECTORY'DEN)
======================================================================
Train: 31 hasta (sadece bilgi - yüklenmeyecek)
Val:   8 hasta (sadece bilgi - yüklenmeyecek)
Test:  5 hasta (değerlendirme için yüklenecek)
======================================================================


======================================================================
TEST DATALOADER OLUŞTURULUYOR (SHARED CACHE)
======================================================================
Test hastaları: 5


======================================================================
EPOCH METADATA OLUŞTURULUYOR
======================================================================
  ST7062J0: 952 epoch eklendi
  ST7022J0: 944 epoch eklendi
  ST7071J0: 821 epoch eklendi
  ST7182J0: 967 epoch eklendi
  ST7212J0: 1010 epoch eklendi

======================================================================
TOPLAM: 4694 epoch

Sınıf dağılımı:
  W: 659 epoch (14.0%)
  N1: 417 epoch (8.9%)
  N2: 2038 epoch (43.4%)
  N3: 712 epoch (15.2%)
  REM: 868 epoch (18.5%)
======================================================================


⚠️ Balanced sampling kapalı - orijinal dağılım kullanılıyor

✓ Dataset oluşturuldu: 4694 epoch, 5 hasta
✓ Test DataLoader hazır (shared cache)!
  Test: 147 batch (4694 epoch)
======================================================================


======================================================================
MODEL YÜKLENİYOR
======================================================================


======================================================================
1D-CNN MODEL
======================================================================
Architecture:
  Input: [4, 3000]
  Conv1: 32 filters, kernel=50
  Conv2: 64 filters, kernel=25
  Conv3: 128 filters, kernel=10
  Flatten: 6016 features
  FC1: 256 units
  FC2 (output): 5 classes

Parameters:
  Total: 1,681,381
  Trainable: 1,681,381
======================================================================

✓ Checkpoint yüklendi: outputs/runs/260228-0738_kfold/fold_3/checkpoints/best_model.pth
  Epoch: 13
  Best val loss: 0.5759
  Best val acc: 80.25%

======================================================================
TEST SET DEĞERLENDİRMESİ
======================================================================

  Batch [10/147] işlendi
  Batch [20/147] işlendi
  Batch [30/147] işlendi
  Batch [40/147] işlendi
  Batch [50/147] işlendi
  Batch [60/147] işlendi
  Batch [70/147] işlendi
  Batch [80/147] işlendi
  Batch [90/147] işlendi
  Batch [100/147] işlendi
  Batch [110/147] işlendi
  Batch [120/147] işlendi
  Batch [130/147] işlendi
  Batch [140/147] işlendi

======================================================================
GENEL SONUÇLAR
======================================================================
Toplam test epoch'u: 4694
Doğru tahmin: 3771
Overall Accuracy: 80.34%
======================================================================


======================================================================
DETAYLI METRİKLER
======================================================================

Overall Accuracy: 80.34%
Cohen's Kappa: 0.7372

======================================================================
PER-CLASS METRİKLER
======================================================================
Class      Precision    Recall       F1-Score     Support   
----------------------------------------------------------------------
W          0.9023       0.9105       0.9063       659       
N1         0.5437       0.6715       0.6009       417       
N2         0.8994       0.7458       0.8155       2038      
N3         0.7002       0.8202       0.7555       712       
REM        0.7949       0.9067       0.8471       868       
----------------------------------------------------------------------
Macro Avg  0.7681       0.8109       0.7851       4694      
======================================================================


Scikit-learn Classification Report:
======================================================================
              precision    recall  f1-score   support

           W     0.9023    0.9105    0.9063       659
          N1     0.5437    0.6715    0.6009       417
          N2     0.8994    0.7458    0.8155      2038
          N3     0.7002    0.8202    0.7555       712
         REM     0.7949    0.9067    0.8471       868

    accuracy                         0.8034      4694
   macro avg     0.7681    0.8109    0.7851      4694
weighted avg     0.8187    0.8034    0.8059      4694


======================================================================
CONFUSION MATRIX OLUŞTURULUYOR
======================================================================

✓ Confusion matrix kaydedildi: outputs/runs/260228-0738_kfold/fold_3/confusion_matrix.png

Raw Confusion Matrix:
======================================================================
                   W        N1        N2        N3       REM
----------------------------------------------------------------------
         W       600        51         2         5         1
        N1        59       280        23         4        51
        N2         4       123      1520       241       150
        N3         0         1       126       584         1
       REM         2        60        19         0       787
======================================================================

======================================================================
CONFUSION MATRIX OLUŞTURULUYOR
======================================================================

✓ Confusion matrix kaydedildi: outputs/runs/260228-0738_kfold/fold_3/confusion_matrix_raw.png

Raw Confusion Matrix:
======================================================================
                   W        N1        N2        N3       REM
----------------------------------------------------------------------
         W       600        51         2         5         1
        N1        59       280        23         4        51
        N2         4       123      1520       241       150
        N3         0         1       126       584         1
       REM         2        60        19         0       787
======================================================================

======================================================================
PER-CLASS METRİK GRAFİĞİ OLUŞTURULUYOR
======================================================================

✓ Per-class metrics grafiği kaydedildi: outputs/runs/260228-0738_kfold/fold_3/per_class_metrics.png

======================================================================
HİPNOGRAMLAR OLUŞTURULUYOR (TEST HASTALARI)
======================================================================

  ST7062J0: 952 epoch (7.9 saat)
  ✓ ST7062J0 hipnogram kaydedildi: 16x8 inch
  ST7022J0: 944 epoch (7.9 saat)
  ✓ ST7022J0 hipnogram kaydedildi: 16x8 inch
  ST7071J0: 821 epoch (6.8 saat)
  ✓ ST7071J0 hipnogram kaydedildi: 16x8 inch
  ST7182J0: 967 epoch (8.1 saat)
  ✓ ST7182J0 hipnogram kaydedildi: 16.116666666666667x8 inch
  ST7212J0: 1010 epoch (8.4 saat)
  ✓ ST7212J0 hipnogram kaydedildi: 16.833333333333332x8 inch

✓ Test sonuçları kaydedildi: outputs/runs/260228-0738_kfold/fold_3/test_results.json

✓ Fold 3 Test Accuracy: 80.34%

######################################################################
# FOLD 4/4 EVALUATION
######################################################################


======================================================================
SPLIT YÜKLENDI (RUN DIRECTORY'DEN)
======================================================================
Train: 32 hasta (sadece bilgi - yüklenmeyecek)
Val:   7 hasta (sadece bilgi - yüklenmeyecek)
Test:  5 hasta (değerlendirme için yüklenecek)
======================================================================


======================================================================
TEST DATALOADER OLUŞTURULUYOR (SHARED CACHE)
======================================================================
Test hastaları: 5


======================================================================
EPOCH METADATA OLUŞTURULUYOR
======================================================================
  ST7062J0: 952 epoch eklendi
  ST7022J0: 944 epoch eklendi
  ST7071J0: 821 epoch eklendi
  ST7182J0: 967 epoch eklendi
  ST7212J0: 1010 epoch eklendi

======================================================================
TOPLAM: 4694 epoch

Sınıf dağılımı:
  W: 659 epoch (14.0%)
  N1: 417 epoch (8.9%)
  N2: 2038 epoch (43.4%)
  N3: 712 epoch (15.2%)
  REM: 868 epoch (18.5%)
======================================================================


⚠️ Balanced sampling kapalı - orijinal dağılım kullanılıyor

✓ Dataset oluşturuldu: 4694 epoch, 5 hasta
✓ Test DataLoader hazır (shared cache)!
  Test: 147 batch (4694 epoch)
======================================================================


======================================================================
MODEL YÜKLENİYOR
======================================================================


======================================================================
1D-CNN MODEL
======================================================================
Architecture:
  Input: [4, 3000]
  Conv1: 32 filters, kernel=50
  Conv2: 64 filters, kernel=25
  Conv3: 128 filters, kernel=10
  Flatten: 6016 features
  FC1: 256 units
  FC2 (output): 5 classes

Parameters:
  Total: 1,681,381
  Trainable: 1,681,381
======================================================================

✓ Checkpoint yüklendi: outputs/runs/260228-0738_kfold/fold_4/checkpoints/best_model.pth
  Epoch: 8
  Best val loss: 0.5907
  Best val acc: 76.31%

======================================================================
TEST SET DEĞERLENDİRMESİ
======================================================================

  Batch [10/147] işlendi
  Batch [20/147] işlendi
  Batch [30/147] işlendi
  Batch [40/147] işlendi
  Batch [50/147] işlendi
  Batch [60/147] işlendi
  Batch [70/147] işlendi
  Batch [80/147] işlendi
  Batch [90/147] işlendi
  Batch [100/147] işlendi
  Batch [110/147] işlendi
  Batch [120/147] işlendi
  Batch [130/147] işlendi
  Batch [140/147] işlendi

======================================================================
GENEL SONUÇLAR
======================================================================
Toplam test epoch'u: 4694
Doğru tahmin: 3812
Overall Accuracy: 81.21%
======================================================================


======================================================================
DETAYLI METRİKLER
======================================================================

Overall Accuracy: 81.21%
Cohen's Kappa: 0.7460

======================================================================
PER-CLASS METRİKLER
======================================================================
Class      Precision    Recall       F1-Score     Support   
----------------------------------------------------------------------
W          0.9127       0.9196       0.9161       659       
N1         0.5379       0.7314       0.6199       417       
N2         0.8743       0.7920       0.8311       2038      
N3         0.7644       0.7289       0.7462       712       
REM        0.8188       0.8848       0.8505       868       
----------------------------------------------------------------------
Macro Avg  0.7816       0.8113       0.7928       4694      
======================================================================


Scikit-learn Classification Report:
======================================================================
              precision    recall  f1-score   support

           W     0.9127    0.9196    0.9161       659
          N1     0.5379    0.7314    0.6199       417
          N2     0.8743    0.7920    0.8311      2038
          N3     0.7644    0.7289    0.7462       712
         REM     0.8188    0.8848    0.8505       868

    accuracy                         0.8121      4694
   macro avg     0.7816    0.8113    0.7928      4694
weighted avg     0.8229    0.8121    0.8150      4694


======================================================================
CONFUSION MATRIX OLUŞTURULUYOR
======================================================================

✓ Confusion matrix kaydedildi: outputs/runs/260228-0738_kfold/fold_4/confusion_matrix.png

Raw Confusion Matrix:
======================================================================
                   W        N1        N2        N3       REM
----------------------------------------------------------------------
         W       606        46         1         4         2
        N1        49       305        20         1        42
        N2         8       135      1614       155       126
        N3         0         3       190       519         0
       REM         1        78        21         0       768
======================================================================

======================================================================
CONFUSION MATRIX OLUŞTURULUYOR
======================================================================

✓ Confusion matrix kaydedildi: outputs/runs/260228-0738_kfold/fold_4/confusion_matrix_raw.png

Raw Confusion Matrix:
======================================================================
                   W        N1        N2        N3       REM
----------------------------------------------------------------------
         W       606        46         1         4         2
        N1        49       305        20         1        42
        N2         8       135      1614       155       126
        N3         0         3       190       519         0
       REM         1        78        21         0       768
======================================================================

======================================================================
PER-CLASS METRİK GRAFİĞİ OLUŞTURULUYOR
======================================================================

✓ Per-class metrics grafiği kaydedildi: outputs/runs/260228-0738_kfold/fold_4/per_class_metrics.png

======================================================================
HİPNOGRAMLAR OLUŞTURULUYOR (TEST HASTALARI)
======================================================================

  ST7062J0: 952 epoch (7.9 saat)
  ✓ ST7062J0 hipnogram kaydedildi: 16x8 inch
  ST7022J0: 944 epoch (7.9 saat)
  ✓ ST7022J0 hipnogram kaydedildi: 16x8 inch
  ST7071J0: 821 epoch (6.8 saat)
  ✓ ST7071J0 hipnogram kaydedildi: 16x8 inch
  ST7182J0: 967 epoch (8.1 saat)
  ✓ ST7182J0 hipnogram kaydedildi: 16.116666666666667x8 inch
  ST7212J0: 1010 epoch (8.4 saat)
  ✓ ST7212J0 hipnogram kaydedildi: 16.833333333333332x8 inch

✓ Test sonuçları kaydedildi: outputs/runs/260228-0738_kfold/fold_4/test_results.json

✓ Fold 4 Test Accuracy: 81.21%

======================================================================
K-FOLD EVALUATION TAMAMLANDI!
======================================================================

📊 TEST SONUÇLARI (5 fold):
  Fold 0: Test Acc = 82.51%
  Fold 1: Test Acc = 82.21%
  Fold 2: Test Acc = 78.57%
  Fold 3: Test Acc = 80.34%
  Fold 4: Test Acc = 81.21%

  Ortalama Test Acc: 80.97% ± 1.42%
======================================================================

✓ kfold_summary.json güncellendi (test sonuçları eklendi)
✓ Shared signal cache temizlendi
