
======================================================================
EVALUATION - RUN: 260313-0837
======================================================================
Run directory: outputs/runs/260313-0837
======================================================================


======================================================================
SLEEP STAGE CLASSIFICATION - CONFIGURATION
======================================================================

📊 DATA:
  Channels: ['EEG Fpz-Cz', 'EEG Pz-Oz', 'EOG horizontal', 'EMG submental']
  Sample rate: 100 Hz
  Samples per epoch: 3000
  Classes: ['W', 'N1', 'N2', 'N3', 'REM']

🔀 SPLIT:
  Train: 34 patients
  Val: 5 patients
  Test: 5 patients

🏗️  MODEL:
  Type: cnn1d_v3
  Architecture: 1D-CNN

⚙️  TRAINING:
  Database: physionet_sleep
  Batch size: 32
  Learning rate: 0.001
  Epochs: 50
  Optimizer: Adam
  Weight decay: 0.0001
  Dropout: 0.3
  Loss function: CrossEntropyLoss
  Balance strategy: none
  Early stopping: True

🔧 PREPROCESSING:
  Normalization: z-score
  Filtering: True
  Augmentation: True

💻 DEVICE:
  CUDA available: True
  Device: cuda

📁 OUTPUT:
  Directory: outputs

======================================================================

Offline modda hasta listesi alınıyor...
✓ Toplam 44 hasta bulundu

Stage verileri cache'e yükleniyor...

======================================================================
OFFLINE VERİLER CACHE'E YÜKLENİYOR (.npz)
======================================================================
Kaynak: /mnt/ssd2/2.SLEEP STAGING/1.DATA/physionet_sleep/sleep-edf-database-expanded-1.0.0/sleep-telemetry/offline_data/physionet_sleep
Hasta sayısı: 44
Yükleme modu: SADECE STAGES (düşük bellek modu)
----------------------------------------------------------------------
[1/44] ST7011J0: 1092 epoch ✓ (0.0s)
[2/44] ST7012J0: 1040 epoch ✓ (0.0s)
[3/44] ST7021J0: 920 epoch ✓ (0.0s)
[4/44] ST7022J0: 944 epoch ✓ (0.0s)
[5/44] ST7041J0: 1007 epoch ✓ (0.0s)
[6/44] ST7042J0: 1130 epoch ✓ (0.0s)
[7/44] ST7051J0: 1018 epoch ✓ (0.0s)
[8/44] ST7052J0: 1034 epoch ✓ (0.0s)
[9/44] ST7061J0: 1008 epoch ✓ (0.0s)
[10/44] ST7062J0: 952 epoch ✓ (0.0s)
[11/44] ST7071J0: 821 epoch ✓ (0.0s)
[12/44] ST7072J0: 915 epoch ✓ (0.0s)
[13/44] ST7081J0: 967 epoch ✓ (0.0s)
[14/44] ST7082J0: 931 epoch ✓ (0.0s)
[15/44] ST7091J0: 943 epoch ✓ (0.0s)
[16/44] ST7092J0: 923 epoch ✓ (0.0s)
[17/44] ST7101J0: 1042 epoch ✓ (0.0s)
[18/44] ST7102J0: 980 epoch ✓ (0.0s)
[19/44] ST7111J0: 1017 epoch ✓ (0.0s)
[20/44] ST7112J0: 978 epoch ✓ (0.0s)
[21/44] ST7121J0: 1026 epoch ✓ (0.0s)
[22/44] ST7122J0: 945 epoch ✓ (0.0s)
[23/44] ST7131J0: 859 epoch ✓ (0.0s)
[24/44] ST7132J0: 852 epoch ✓ (0.0s)
[25/44] ST7141J0: 858 epoch ✓ (0.0s)
[26/44] ST7142J0: 873 epoch ✓ (0.0s)
[27/44] ST7151J0: 897 epoch ✓ (0.0s)
[28/44] ST7152J0: 1045 epoch ✓ (0.0s)
[29/44] ST7161J0: 1057 epoch ✓ (0.0s)
[30/44] ST7162J0: 988 epoch ✓ (0.0s)
[31/44] ST7171J0: 965 epoch ✓ (0.0s)
[32/44] ST7172J0: 1006 epoch ✓ (0.0s)
[33/44] ST7181J0: 959 epoch ✓ (0.0s)
[34/44] ST7182J0: 967 epoch ✓ (0.0s)
[35/44] ST7191J0: 955 epoch ✓ (0.0s)
[36/44] ST7192J0: 931 epoch ✓ (0.0s)
[37/44] ST7201J0: 922 epoch ✓ (0.0s)
[38/44] ST7202J0: 898 epoch ✓ (0.0s)
[39/44] ST7211J0: 1077 epoch ✓ (0.0s)
[40/44] ST7212J0: 1010 epoch ✓ (0.0s)
[41/44] ST7221J0: 1033 epoch ✓ (0.0s)
[42/44] ST7222J0: 951 epoch ✓ (0.0s)
[43/44] ST7241J0: 1021 epoch ✓ (0.0s)
[44/44] ST7242J0: 939 epoch ✓ (0.0s)

======================================================================
OFFLINE CACHE HAZIR!
  Yüklenen hasta: 44/44 (0.3s)
  Stage cache: 44 hasta (~2.9 MB)
  Sinyal cache: 0 (patient, channel) çifti
  Sinyal bellek: 0.00 GB
======================================================================

✓ 44 hasta cache'de


======================================================================
SPLIT YÜKLENDI (RUN DIRECTORY'DEN)
======================================================================
Train: 34 hasta (sadece bilgi - yüklenmeyecek)
Val:   5 hasta (sadece bilgi - yüklenmeyecek)
Test:  5 hasta (değerlendirme için yüklenecek)
======================================================================


======================================================================
SADECE TEST DATALOADER OLUŞTURULUYOR
======================================================================
RAM Cache: Aktif ✓
Test hastaları: 5


======================================================================
EPOCH METADATA OLUŞTURULUYOR
======================================================================
  ST7131J0: 859 epoch eklendi
  ST7152J0: 1045 epoch eklendi
  ST7211J0: 1077 epoch eklendi
  ST7072J0: 915 epoch eklendi
  ST7221J0: 1033 epoch eklendi

======================================================================
TOPLAM: 4929 epoch

Sınıf dağılımı:
  W: 638 epoch (12.9%)
  N1: 469 epoch (9.5%)
  N2: 2238 epoch (45.4%)
  N3: 723 epoch (14.7%)
  REM: 861 epoch (17.5%)
======================================================================


⚠️ Balanced sampling kapalı - orijinal dağılım kullanılıyor


======================================================================
RAM CACHE OLUŞTURULUYOR - BELLEK-VERİMLİ MOD
Kaynak: Offline (.npz dosyaları)
Strateji: Hasta bazında yükle → kopyala → serbest bırak
======================================================================
Toplam epoch: 4929
Kanal sayısı: 4
Tahmini boyut: ~0.22 GB
======================================================================

Veri yükleniyor:   0%|          | 0/19716 [00:00<?, ?epoch-kanal/s]Veri yükleniyor:   0%|          | 1/19716 [00:00<56:15,  5.84epoch-kanal/s]Veri yükleniyor:  17%|█▋        | 3437/19716 [00:00<00:01, 9077.31epoch-kanal/s]Veri yükleniyor:  39%|███▊      | 7617/19716 [00:00<00:01, 11817.41epoch-kanal/s]Veri yükleniyor:  60%|██████    | 11925/19716 [00:00<00:00, 13827.22epoch-kanal/s]Veri yükleniyor:  79%|███████▉  | 15585/19716 [00:01<00:00, 13958.85epoch-kanal/s]Veri yükleniyor: 100%|██████████| 19716/19716 [00:01<00:00, 15226.51epoch-kanal/s]

======================================================================
✓ RAM CACHE HAZIR!
======================================================================
Cache'deki veri sayısı: 19,716
Toplam bellek kullanımı: 0.22 GB
======================================================================

✓ Dataset oluşturuldu: 4929 epoch, 5 hasta
✓ Test DataLoader hazır!
  Test: 155 batch (4929 epoch)
======================================================================


======================================================================
MODEL YÜKLENİYOR
======================================================================


======================================================================
CNN1D V3 MODEL (Multi-Scale + Residual + SE + GAP)
======================================================================
Architecture:
  Input: [4, 3000]
  Stem: 3x Conv1D(16) k=[15, 51, 125] → concat 48ch
  ResBlock1: 48→96, k=7
  ResBlock2: 96→128, k=5
  SE: 128ch, reduction=16
  GAP → 128
  FC1: 64 units + BN
  FC2 (output): 5 classes

Parameters:
  Total: 282,301
  Trainable: 282,301
  Reduction vs CNN1D: 6.0x fewer params
======================================================================

✓ Checkpoint yüklendi: outputs/runs/260313-0837/checkpoints/best_model.pth
  Epoch: 6
  Best val loss: 0.5024
  Best val acc: 82.22%

======================================================================
TEST SET DEĞERLENDİRMESİ
======================================================================

  Batch [10/155] işlendi
  Batch [20/155] işlendi
  Batch [30/155] işlendi
  Batch [40/155] işlendi
  Batch [50/155] işlendi
  Batch [60/155] işlendi
  Batch [70/155] işlendi
  Batch [80/155] işlendi
  Batch [90/155] işlendi
  Batch [100/155] işlendi
  Batch [110/155] işlendi
  Batch [120/155] işlendi
  Batch [130/155] işlendi
  Batch [140/155] işlendi
  Batch [150/155] işlendi

======================================================================
GENEL SONUÇLAR
======================================================================
Toplam test epoch'u: 4929
Doğru tahmin: 4192
Overall Accuracy: 85.05%
======================================================================


======================================================================
DETAYLI METRİKLER
======================================================================

Overall Accuracy: 85.05%
Cohen's Kappa: 0.7888

======================================================================
PER-CLASS METRİKLER
======================================================================
Class      Precision    Recall       F1-Score     Support   
----------------------------------------------------------------------
W          0.9768       0.8574       0.9132       638       
N1         0.6716       0.5757       0.6200       469       
N2         0.8588       0.9026       0.8802       2238      
N3         0.8223       0.8451       0.8336       723       
REM        0.8532       0.8641       0.8586       861       
----------------------------------------------------------------------
Macro Avg  0.8366       0.8090       0.8211       4929      
======================================================================


Scikit-learn Classification Report:
======================================================================
              precision    recall  f1-score   support

           W     0.9768    0.8574    0.9132       638
          N1     0.6716    0.5757    0.6200       469
          N2     0.8588    0.9026    0.8802      2238
          N3     0.8223    0.8451    0.8336       723
         REM     0.8532    0.8641    0.8586       861

    accuracy                         0.8505      4929
   macro avg     0.8366    0.8090    0.8211      4929
weighted avg     0.8500    0.8505    0.8491      4929


======================================================================
CONFUSION MATRIX OLUŞTURULUYOR
======================================================================

✓ Confusion matrix kaydedildi: outputs/runs/260313-0837/confusion_matrix.png

Raw Confusion Matrix:
======================================================================
                   W        N1        N2        N3       REM
----------------------------------------------------------------------
         W       547        80         6         0         5
        N1        11       270       133         1        54
        N2         1        17      2020       131        69
        N3         0         0       112       611         0
       REM         1        35        81         0       744
======================================================================

======================================================================
CONFUSION MATRIX OLUŞTURULUYOR
======================================================================

✓ Confusion matrix kaydedildi: outputs/runs/260313-0837/confusion_matrix_raw.png

Raw Confusion Matrix:
======================================================================
                   W        N1        N2        N3       REM
----------------------------------------------------------------------
         W       547        80         6         0         5
        N1        11       270       133         1        54
        N2         1        17      2020       131        69
        N3         0         0       112       611         0
       REM         1        35        81         0       744
======================================================================

======================================================================
PER-CLASS METRİK GRAFİĞİ OLUŞTURULUYOR
======================================================================

✓ Per-class metrics grafiği kaydedildi: outputs/runs/260313-0837/per_class_metrics.png

======================================================================
HİPNOGRAMLAR OLUŞTURULUYOR (TEST HASTALARI)
======================================================================

  ST7131J0: 859 epoch (7.2 saat)
  ✓ ST7131J0 hipnogram kaydedildi: 16x8 inch
  ST7152J0: 1045 epoch (8.7 saat)
  ✓ ST7152J0 hipnogram kaydedildi: 17.416666666666668x8 inch
  ST7211J0: 1077 epoch (9.0 saat)
  ✓ ST7211J0 hipnogram kaydedildi: 17.95x8 inch
  ST7072J0: 915 epoch (7.6 saat)
  ✓ ST7072J0 hipnogram kaydedildi: 16x8 inch
  ST7221J0: 1033 epoch (8.6 saat)
  ✓ ST7221J0 hipnogram kaydedildi: 17.216666666666665x8 inch

✓ Test sonuçları kaydedildi: outputs/runs/260313-0837/test_results.json

======================================================================
DEĞERLENDİRME TAMAMLANDI!
======================================================================
Tüm sonuçlar 'outputs/runs/260313-0837' klasöründe
======================================================================

