
======================================================================
EVALUATION - RUN: 260305-0629
======================================================================
Run directory: outputs/runs/260305-0629
======================================================================


======================================================================
SLEEP STAGE CLASSIFICATION - CONFIGURATION
======================================================================

📊 DATA:
  Channels: ['EEG Fpz-Cz', 'EEG Pz-Oz', 'EOG horizontal']
  Sample rate: 100 Hz
  Samples per epoch: 3000
  Classes: ['W', 'N1', 'N2', 'N3', 'REM']

🔀 SPLIT:
  Train: 58 patients
  Val: 10 patients
  Test: 10 patients

🏗️  MODEL:
  Type: cnn1d
  Architecture: 1D-CNN

⚙️  TRAINING:
  Database: physionet_sleep_sc
  Batch size: 32
  Learning rate: 0.001
  Epochs: 50
  Optimizer: Adam
  Weight decay: 0.0001
  Dropout: 0.3
  Loss function: CrossEntropyLoss
  Balance strategy: none
  Early stopping: True

🔧 PREPROCESSING:
  Normalization: z-score
  Filtering: True
  Augmentation: True

💻 DEVICE:
  CUDA available: True
  Device: cuda

📁 OUTPUT:
  Directory: outputs

======================================================================

Offline modda hasta listesi alınıyor...
✓ Toplam 153 hasta bulundu

Stage verileri cache'e yükleniyor...

======================================================================
OFFLINE VERİLER CACHE'E YÜKLENİYOR (.npz)
======================================================================
Kaynak: /mnt/ssd2/2.SLEEP STAGING/1.DATA/physionet_sleep/sleep-edf-database-expanded-1.0.0/sleep-cassette/offline_data/physionet_sleep_sc
Hasta sayısı: 153
Yükleme modu: SADECE STAGES (düşük bellek modu)
----------------------------------------------------------------------
[1/153] SC4001E0: 721 epoch ✓ (0.0s)
[2/153] SC4002E0: 1007 epoch ✓ (0.0s)
[3/153] SC4011E0: 983 epoch ✓ (0.0s)
[4/153] SC4012E0: 1066 epoch ✓ (0.0s)
[5/153] SC4021E0: 905 epoch ✓ (0.0s)
[6/153] SC4022E0: 889 epoch ✓ (0.0s)
[7/153] SC4031E0: 832 epoch ✓ (0.0s)
[8/153] SC4032E0: 791 epoch ✓ (0.0s)
[9/153] SC4041E0: 1115 epoch ✓ (0.0s)
[10/153] SC4042E0: 1080 epoch ✓ (0.0s)
[11/153] SC4051E0: 552 epoch ✓ (0.0s)
[12/153] SC4052E0: 1126 epoch ✓ (0.0s)
[13/153] SC4061E0: 723 epoch ✓ (0.0s)
[14/153] SC4062E0: 896 epoch ✓ (0.0s)
[15/153] SC4071E0: 856 epoch ✓ (0.0s)
[16/153] SC4072E0: 1153 epoch ✓ (0.0s)
[17/153] SC4081E0: 1014 epoch ✓ (0.0s)
[18/153] SC4082E0: 934 epoch ✓ (0.0s)
[19/153] SC4091E0: 1012 epoch ✓ (0.0s)
[20/153] SC4092E0: 985 epoch ✓ (0.0s)
[21/153] SC4101E0: 984 epoch ✓ (0.0s)
[22/153] SC4102E0: 972 epoch ✓ (0.0s)
[23/153] SC4111E0: 808 epoch ✓ (0.0s)
[24/153] SC4112E0: 682 epoch ✓ (0.0s)
[25/153] SC4121E0: 932 epoch ✓ (0.0s)
[26/153] SC4122E0: 857 epoch ✓ (0.0s)
[27/153] SC4131E0: 908 epoch ✓ (0.0s)
[28/153] SC4141E0: 884 epoch ✓ (0.0s)
[29/153] SC4142E0: 832 epoch ✓ (0.0s)
[30/153] SC4151E0: 832 epoch ✓ (0.0s)
[31/153] SC4152E0: 1642 epoch ✓ (0.0s)
[32/153] SC4161E0: 1024 epoch ✓ (0.0s)
[33/153] SC4162E0: 883 epoch ✓ (0.0s)
[34/153] SC4171E0: 882 epoch ✓ (0.0s)
[35/153] SC4172E0: 1653 epoch ✓ (0.0s)
[36/153] SC4181E0: 844 epoch ✓ (0.0s)
[37/153] SC4182E0: 800 epoch ✓ (0.0s)
[38/153] SC4191E0: 1415 epoch ✓ (0.0s)
[39/153] SC4192E0: 1154 epoch ✓ (0.0s)
[40/153] SC4201E0: 902 epoch ✓ (0.0s)
[41/153] SC4202E0: 901 epoch ✓ (0.0s)
[42/153] SC4211E0: 1458 epoch ✓ (0.0s)
[43/153] SC4212E0: 688 epoch ✓ (0.0s)
[44/153] SC4221E0: 979 epoch ✓ (0.0s)
[45/153] SC4222E0: 988 epoch ✓ (0.0s)
[46/153] SC4231E0: 784 epoch ✓ (0.0s)
[47/153] SC4232E0: 1609 epoch ✓ (0.0s)
[48/153] SC4241E0: 1553 epoch ✓ (0.0s)
[49/153] SC4242E0: 1655 epoch ✓ (0.0s)
[50/153] SC4251E0: 852 epoch ✓ (0.0s)
[51/153] SC4252E0: 900 epoch ✓ (0.0s)
[52/153] SC4261F0: 1477 epoch ✓ (0.0s)
[53/153] SC4262F0: 860 epoch ✓ (0.0s)
[54/153] SC4271F0: 932 epoch ✓ (0.0s)
[55/153] SC4272F0: 970 epoch ✓ (0.0s)
[56/153] SC4281G0: 1007 epoch ✓ (0.0s)
[57/153] SC4282G0: 950 epoch ✓ (0.0s)
[58/153] SC4291G0: 1011 epoch ✓ (0.0s)
[59/153] SC4292G0: 1485 epoch ✓ (0.0s)
[60/153] SC4301E0: 809 epoch ✓ (0.0s)
[61/153] SC4302E0: 734 epoch ✓ (0.0s)
[62/153] SC4311E0: 934 epoch ✓ (0.0s)
[63/153] SC4312E0: 1061 epoch ✓ (0.0s)
[64/153] SC4321E0: 1440 epoch ✓ (0.0s)
[65/153] SC4322E0: 901 epoch ✓ (0.0s)
[66/153] SC4331F0: 1768 epoch ✓ (0.0s)
[67/153] SC4332F0: 1192 epoch ✓ (0.0s)
[68/153] SC4341F0: 1381 epoch ✓ (0.0s)
[69/153] SC4342F0: 1462 epoch ✓ (0.0s)
[70/153] SC4351F0: 856 epoch ✓ (0.0s)
[71/153] SC4352F0: 843 epoch ✓ (0.0s)
[72/153] SC4362F0: 704 epoch ✓ (0.0s)
[73/153] SC4371F0: 798 epoch ✓ (0.0s)
[74/153] SC4372F0: 1389 epoch ✓ (0.0s)
[75/153] SC4381F0: 1656 epoch ✓ (0.0s)
[76/153] SC4382F0: 1751 epoch ✓ (0.0s)
[77/153] SC4401E0: 944 epoch ✓ (0.0s)
[78/153] SC4402E0: 952 epoch ✓ (0.0s)
[79/153] SC4411E0: 958 epoch ✓ (0.0s)
[80/153] SC4412E0: 804 epoch ✓ (0.0s)
[81/153] SC4421E0: 665 epoch ✓ (0.0s)
[82/153] SC4422E0: 764 epoch ✓ (0.0s)
[83/153] SC4431E0: 579 epoch ✓ (0.0s)
[84/153] SC4432E0: 842 epoch ✓ (0.0s)
[85/153] SC4441E0: 1075 epoch ✓ (0.0s)
[86/153] SC4442E0: 972 epoch ✓ (0.0s)
[87/153] SC4451F0: 1088 epoch ✓ (0.0s)
[88/153] SC4452F0: 1046 epoch ✓ (0.0s)
[89/153] SC4461F0: 863 epoch ✓ (0.0s)
[90/153] SC4462F0: 902 epoch ✓ (0.0s)
[91/153] SC4471F0: 1067 epoch ✓ (0.0s)
[92/153] SC4472F0: 2055 epoch ✓ (0.0s)
[93/153] SC4481F0: 1953 epoch ✓ (0.0s)
[94/153] SC4482F0: 1790 epoch ✓ (0.0s)
[95/153] SC4491G0: 981 epoch ✓ (0.0s)
[96/153] SC4492G0: 920 epoch ✓ (0.0s)
[97/153] SC4501E0: 1206 epoch ✓ (0.0s)
[98/153] SC4502E0: 983 epoch ✓ (0.0s)
[99/153] SC4511E0: 967 epoch ✓ (0.0s)
[100/153] SC4512E0: 834 epoch ✓ (0.0s)
[101/153] SC4522E0: 877 epoch ✓ (0.0s)
[102/153] SC4531E0: 976 epoch ✓ (0.0s)
[103/153] SC4532E0: 936 epoch ✓ (0.0s)
[104/153] SC4541F0: 1596 epoch ✓ (0.0s)
[105/153] SC4542F0: 1028 epoch ✓ (0.0s)
[106/153] SC4551F0: 927 epoch ✓ (0.0s)
[107/153] SC4552F0: 970 epoch ✓ (0.0s)
[108/153] SC4561F0: 1117 epoch ✓ (0.0s)
[109/153] SC4562F0: 1028 epoch ✓ (0.0s)
[110/153] SC4571F0: 1116 epoch ✓ (0.0s)
[111/153] SC4572F0: 975 epoch ✓ (0.0s)
[112/153] SC4581G0: 975 epoch ✓ (0.0s)
[113/153] SC4582G0: 1055 epoch ✓ (0.0s)
[114/153] SC4591G0: 1720 epoch ✓ (0.0s)
[115/153] SC4592G0: 1145 epoch ✓ (0.0s)
[116/153] SC4601E0: 1229 epoch ✓ (0.0s)
[117/153] SC4602E0: 1923 epoch ✓ (0.0s)
[118/153] SC4611E0: 1532 epoch ✓ (0.0s)
[119/153] SC4612E0: 942 epoch ✓ (0.0s)
[120/153] SC4621E0: 1325 epoch ✓ (0.0s)
[121/153] SC4622E0: 1703 epoch ✓ (0.0s)
[122/153] SC4631E0: 943 epoch ✓ (0.0s)
[123/153] SC4632E0: 987 epoch ✓ (0.0s)
[124/153] SC4641E0: 1151 epoch ✓ (0.0s)
[125/153] SC4642E0: 1929 epoch ✓ (0.0s)
[126/153] SC4651E0: 2528 epoch ✓ (0.0s)
[127/153] SC4652E0: 1809 epoch ✓ (0.0s)
[128/153] SC4661E0: 1907 epoch ✓ (0.0s)
[129/153] SC4662E0: 1874 epoch ✓ (0.0s)
[130/153] SC4671G0: 1848 epoch ✓ (0.0s)
[131/153] SC4672G0: 901 epoch ✓ (0.0s)
[132/153] SC4701E0: 1597 epoch ✓ (0.0s)
[133/153] SC4702E0: 1395 epoch ✓ (0.0s)
[134/153] SC4711E0: 1293 epoch ✓ (0.0s)
[135/153] SC4712E0: 1121 epoch ✓ (0.0s)
[136/153] SC4721E0: 911 epoch ✓ (0.0s)
[137/153] SC4722E0: 1010 epoch ✓ (0.0s)
[138/153] SC4731E0: 2607 epoch ✓ (0.0s)
[139/153] SC4732E0: 2251 epoch ✓ (0.0s)
[140/153] SC4741E0: 2090 epoch ✓ (0.0s)
[141/153] SC4742E0: 943 epoch ✓ (0.0s)
[142/153] SC4751E0: 1942 epoch ✓ (0.0s)
[143/153] SC4752E0: 929 epoch ✓ (0.0s)
[144/153] SC4761E0: 1563 epoch ✓ (0.0s)
[145/153] SC4762E0: 2604 epoch ✓ (0.0s)
[146/153] SC4771G0: 1205 epoch ✓ (0.0s)
[147/153] SC4772G0: 1204 epoch ✓ (0.0s)
[148/153] SC4801G0: 1121 epoch ✓ (0.0s)
[149/153] SC4802G0: 1109 epoch ✓ (0.0s)
[150/153] SC4811G0: 1173 epoch ✓ (0.0s)
[151/153] SC4812G0: 1063 epoch ✓ (0.0s)
[152/153] SC4821G0: 1584 epoch ✓ (0.0s)
[153/153] SC4822G0: 1246 epoch ✓ (0.0s)

======================================================================
OFFLINE CACHE HAZIR!
  Yüklenen hasta: 153/153 (0.3s)
  Stage cache: 153 hasta (~12.2 MB)
  Sinyal cache: 0 (patient, channel) çifti
  Sinyal bellek: 0.00 GB
======================================================================

✓ 153 hasta cache'de


======================================================================
SPLIT YÜKLENDI (RUN DIRECTORY'DEN)
======================================================================
Train: 58 hasta (sadece bilgi - yüklenmeyecek)
Val:   10 hasta (sadece bilgi - yüklenmeyecek)
Test:  10 hasta (değerlendirme için yüklenecek)
======================================================================


======================================================================
SADECE TEST DATALOADER OLUŞTURULUYOR
======================================================================
RAM Cache: Aktif ✓
Test hastaları: 10


======================================================================
EPOCH METADATA OLUŞTURULUYOR
======================================================================
  SC4271F0: 932 epoch eklendi
  SC4172E0: 1653 epoch eklendi
  SC4512E0: 834 epoch eklendi
  SC4542F0: 1028 epoch eklendi
  SC4202E0: 901 epoch eklendi
  SC4551F0: 927 epoch eklendi
  SC4002E0: 1007 epoch eklendi
  SC4001E0: 721 epoch eklendi
  SC4501E0: 1206 epoch eklendi
  SC4662E0: 1874 epoch eklendi

======================================================================
TOPLAM: 11083 epoch

Sınıf dağılımı:
  W: 2620 epoch (23.6%)
  N1: 1256 epoch (11.3%)
  N2: 4463 epoch (40.3%)
  N3: 1076 epoch (9.7%)
  REM: 1668 epoch (15.1%)
======================================================================


⚠️ Balanced sampling kapalı - orijinal dağılım kullanılıyor


======================================================================
RAM CACHE OLUŞTURULUYOR - BELLEK-VERİMLİ MOD
Kaynak: Offline (.npz dosyaları)
Strateji: Hasta bazında yükle → kopyala → serbest bırak
======================================================================
Toplam epoch: 11083
Kanal sayısı: 3
Tahmini boyut: ~0.37 GB
======================================================================

Veri yükleniyor:   0%|          | 0/33249 [00:00<?, ?epoch-kanal/s]Veri yükleniyor:   3%|▎         | 967/33249 [00:00<00:03, 9669.82epoch-kanal/s]Veri yükleniyor:   8%|▊         | 2797/33249 [00:00<00:03, 10131.39epoch-kanal/s]Veri yükleniyor:  23%|██▎       | 7756/33249 [00:00<00:01, 22553.81epoch-kanal/s]Veri yükleniyor:  31%|███       | 10258/33249 [00:00<00:01, 22357.67epoch-kanal/s]Veri yükleniyor:  40%|████      | 13342/33249 [00:00<00:00, 24460.89epoch-kanal/s]Veri yükleniyor:  48%|████▊     | 16045/33249 [00:00<00:00, 24473.00epoch-kanal/s]Veri yükleniyor:  57%|█████▋    | 18826/33249 [00:00<00:00, 24955.51epoch-kanal/s]Veri yükleniyor:  71%|███████   | 23543/33249 [00:00<00:00, 31436.50epoch-kanal/s]Veri yükleniyor:  81%|████████  | 26769/33249 [00:01<00:00, 28738.08epoch-kanal/s]Veri yükleniyor:  89%|████████▉ | 29735/33249 [00:01<00:00, 22539.51epoch-kanal/s]Veri yükleniyor: 100%|██████████| 33249/33249 [00:01<00:00, 25440.40epoch-kanal/s]

======================================================================
✓ RAM CACHE HAZIR!
======================================================================
Cache'deki veri sayısı: 33,249
Toplam bellek kullanımı: 0.37 GB
======================================================================

✓ Dataset oluşturuldu: 11083 epoch, 10 hasta
✓ Test DataLoader hazır!
  Test: 347 batch (11083 epoch)
======================================================================


======================================================================
MODEL YÜKLENİYOR
======================================================================


======================================================================
1D-CNN MODEL
======================================================================
Architecture:
  Input: [3, 3000]
  Conv1: 32 filters, kernel=50
  Conv2: 64 filters, kernel=25
  Conv3: 128 filters, kernel=10
  Flatten: 6016 features
  FC1: 256 units
  FC2 (output): 5 classes

Parameters:
  Total: 1,679,781
  Trainable: 1,679,781
======================================================================

✓ Checkpoint yüklendi: outputs/runs/260305-0629/checkpoints/best_model.pth
  Epoch: 6
  Best val loss: 0.9077
  Best val acc: 67.60%

======================================================================
TEST SET DEĞERLENDİRMESİ
======================================================================

  Batch [10/347] işlendi
  Batch [20/347] işlendi
  Batch [30/347] işlendi
  Batch [40/347] işlendi
  Batch [50/347] işlendi
  Batch [60/347] işlendi
  Batch [70/347] işlendi
  Batch [80/347] işlendi
  Batch [90/347] işlendi
  Batch [100/347] işlendi
  Batch [110/347] işlendi
  Batch [120/347] işlendi
  Batch [130/347] işlendi
  Batch [140/347] işlendi
  Batch [150/347] işlendi
  Batch [160/347] işlendi
  Batch [170/347] işlendi
  Batch [180/347] işlendi
  Batch [190/347] işlendi
  Batch [200/347] işlendi
  Batch [210/347] işlendi
  Batch [220/347] işlendi
  Batch [230/347] işlendi
  Batch [240/347] işlendi
  Batch [250/347] işlendi
  Batch [260/347] işlendi
  Batch [270/347] işlendi
  Batch [280/347] işlendi
  Batch [290/347] işlendi
  Batch [300/347] işlendi
  Batch [310/347] işlendi
  Batch [320/347] işlendi
  Batch [330/347] işlendi
  Batch [340/347] işlendi

======================================================================
GENEL SONUÇLAR
======================================================================
Toplam test epoch'u: 11083
Doğru tahmin: 8186
Overall Accuracy: 73.86%
======================================================================


======================================================================
DETAYLI METRİKLER
======================================================================

Overall Accuracy: 73.86%
Cohen's Kappa: 0.6540

======================================================================
PER-CLASS METRİKLER
======================================================================
Class      Precision    Recall       F1-Score     Support   
----------------------------------------------------------------------
W          0.9497       0.6912       0.8001       2620      
N1         0.3396       0.5175       0.4101       1256      
N2         0.8711       0.7829       0.8246       4463      
N3         0.7604       0.8169       0.7876       1076      
REM        0.6453       0.8106       0.7186       1668      
----------------------------------------------------------------------
Macro Avg  0.7132       0.7238       0.7082       11083     
======================================================================


Scikit-learn Classification Report:
======================================================================
              precision    recall  f1-score   support

           W     0.9497    0.6912    0.8001      2620
          N1     0.3396    0.5175    0.4101      1256
          N2     0.8711    0.7829    0.8246      4463
          N3     0.7604    0.8169    0.7876      1076
         REM     0.6453    0.8106    0.7186      1668

    accuracy                         0.7386     11083
   macro avg     0.7132    0.7238    0.7082     11083
weighted avg     0.7847    0.7386    0.7523     11083


======================================================================
CONFUSION MATRIX OLUŞTURULUYOR
======================================================================

✓ Confusion matrix kaydedildi: outputs/runs/260305-0629/confusion_matrix.png

Raw Confusion Matrix:
======================================================================
                   W        N1        N2        N3       REM
----------------------------------------------------------------------
         W      1811       546        10         5       248
        N1        84       650       230        26       266
        N2         5       489      3494       246       229
        N3         0         4       193       879         0
       REM         7       225        84         0      1352
======================================================================

======================================================================
CONFUSION MATRIX OLUŞTURULUYOR
======================================================================

✓ Confusion matrix kaydedildi: outputs/runs/260305-0629/confusion_matrix_raw.png

Raw Confusion Matrix:
======================================================================
                   W        N1        N2        N3       REM
----------------------------------------------------------------------
         W      1811       546        10         5       248
        N1        84       650       230        26       266
        N2         5       489      3494       246       229
        N3         0         4       193       879         0
       REM         7       225        84         0      1352
======================================================================

======================================================================
PER-CLASS METRİK GRAFİĞİ OLUŞTURULUYOR
======================================================================

✓ Per-class metrics grafiği kaydedildi: outputs/runs/260305-0629/per_class_metrics.png

======================================================================
HİPNOGRAMLAR OLUŞTURULUYOR (TEST HASTALARI)
======================================================================

  SC4271F0: 932 epoch (7.8 saat)
  ✓ SC4271F0 hipnogram kaydedildi: 16x8 inch
  SC4172E0: 1653 epoch (13.8 saat)
  ✓ SC4172E0 hipnogram kaydedildi: 27.55x8 inch
  SC4512E0: 834 epoch (7.0 saat)
  ✓ SC4512E0 hipnogram kaydedildi: 16x8 inch
  SC4542F0: 1028 epoch (8.6 saat)
  ✓ SC4542F0 hipnogram kaydedildi: 17.133333333333333x8 inch
  SC4202E0: 901 epoch (7.5 saat)
  ✓ SC4202E0 hipnogram kaydedildi: 16x8 inch
  SC4551F0: 927 epoch (7.7 saat)
  ✓ SC4551F0 hipnogram kaydedildi: 16x8 inch
  SC4002E0: 1007 epoch (8.4 saat)
  ✓ SC4002E0 hipnogram kaydedildi: 16.783333333333335x8 inch
  SC4001E0: 721 epoch (6.0 saat)
  ✓ SC4001E0 hipnogram kaydedildi: 16x8 inch
  SC4501E0: 1206 epoch (10.1 saat)
  ✓ SC4501E0 hipnogram kaydedildi: 20.1x8 inch
  SC4662E0: 1874 epoch (15.6 saat)
  ✓ SC4662E0 hipnogram kaydedildi: 31.233333333333334x8 inch

✓ Test sonuçları kaydedildi: outputs/runs/260305-0629/test_results.json

======================================================================
DEĞERLENDİRME TAMAMLANDI!
======================================================================
Tüm sonuçlar 'outputs/runs/260305-0629' klasöründe
======================================================================

